kafka-1            | [2026-02-26 13:08:11,948] INFO Completed load of Log(dir=/var/lib/kafka/data/__consumer_offsets-41, topicId=41RDj_nES3yQRxUFg7likA, topic=__consumer_offsets, partition=41, highWatermark=0, lastStableOffset=0, logStartOffset=0, logEndOffset=0) with 1 segments in 9ms (29/51 loaded in /var/lib/kafka/data) (kafka.log.LogManager)
order-service-1    | {"level":"info","message":"Health check requested","timestamp":"2026-02-26T13:26:24.038Z"}
order-service-1    | {"level":"info","message":"::1 - - [26/Feb/2026:13:26:24 +0000] \"GET /health HTTP/1.1\" 200 15 \"-\" \"-\"","timestamp":"2026-02-26T13:26:24.038Z"}
order-service-1    | {"level":"info","message":"::ffff:172.18.0.4 - - [26/Feb/2026:13:26:33 +0000] \"GET /metrics HTTP/1.1\" 200 - \"-\" \"Prometheus/3.7.1\"","timestamp":"2026-02-26T13:26:33.523Z"}
order-service-1    | {"level":"info","message":"Health check requested","timestamp":"2026-02-26T13:26:34.109Z"}
order-service-1    | {"level":"info","message":"::1 - - [26/Feb/2026:13:26:34 +0000] \"GET /health HTTP/1.1\" 200 15 \"-\" \"-\"","timestamp":"2026-02-26T13:26:34.110Z"}
grafana-1          | logger=migrator t=2026-02-26T12:58:55.196576298Z level=info msg="Migration successfully executed" id="add index user_auth_token.user_id" duration=435.667Âµs
grafana-1          | logger=migrator t=2026-02-26T12:58:55.197862131Z level=info msg="Executing migration" id="Add revoked_at to the user auth token"
grafana-1          | logger=migrator t=2026-02-26T12:58:55.200662131Z level=info msg="Migration successfully executed" id="Add revoked_at to the user auth token" duration=2.79975ms
grafana-1          | logger=migrator t=2026-02-26T12:58:55.201738798Z level=info msg="Executing migration" id="add index user_auth_token.revoked_at"
order-service-1    | {"level":"info","message":"Health check requested","timestamp":"2026-02-26T13:26:44.177Z"}
order-service-1    | {"level":"info","message":"::1 - - [26/Feb/2026:13:26:44 +0000] \"GET /health HTTP/1.1\" 200 15 \"-\" \"-\"","timestamp":"2026-02-26T13:26:44.179Z"}
order-service-1    | {"level":"info","message":"::ffff:172.18.0.4 - - [26/Feb/2026:13:26:48 +0000] \"GET /metrics HTTP/1.1\" 200 - \"-\" \"Prometheus/3.7.1\"","timestamp":"2026-02-26T13:26:48.528Z"}
order-service-1    | {"level":"info","message":"Health check requested","timestamp":"2026-02-26T13:26:54.253Z"}
order-service-1    | {"level":"info","message":"::1 - - [26/Feb/2026:13:26:54 +0000] \"GET /health HTTP/1.1\" 200 15 \"-\" \"-\"","timestamp":"2026-02-26T13:26:54.253Z"}
grafana-1          | logger=migrator t=2026-02-26T12:58:55.202126464Z level=info msg="Migration successfully executed" id="add index user_auth_token.revoked_at" duration=387.834Âµs
kafka-1            | [2026-02-26 13:08:11,953] INFO [LogLoader partition=__consumer_offsets-20, dir=/var/lib/kafka/data] Loading producer state till offset 0 with message format version 2 (kafka.log.Log$)
kafka-1            | [2026-02-26 13:08:11,954] INFO Completed load of Log(dir=/var/lib/kafka/data/__consumer_offsets-20, topicId=41RDj_nES3yQRxUFg7likA, topic=__consumer_offsets, partition=20, highWatermark=0, lastStableOffset=0, logStartOffset=0, logEndOffset=0) with 1 segments in 7ms (30/51 loaded in /var/lib/kafka/data) (kafka.log.LogManager)
kafka-1            | [2026-02-26 13:08:11,968] INFO [LogLoader partition=__consumer_offsets-34, dir=/var/lib/kafka/data] Loading producer state till offset 0 with message format version 2 (kafka.log.Log$)
grafana-1          | logger=migrator t=2026-02-26T12:58:55.203192339Z level=info msg="Executing migration" id="add external_session_id to user_auth_token"
grafana-1          | logger=migrator t=2026-02-26T12:58:55.205935631Z level=info msg="Migration successfully executed" id="add external_session_id to user_auth_token" duration=2.743375ms
grafana-1          | logger=migrator t=2026-02-26T12:58:55.207257923Z level=info msg="Executing migration" id="create cache_data table"
kafka-1            | [2026-02-26 13:08:11,973] INFO Completed load of Log(dir=/var/lib/kafka/data/__consumer_offsets-34, topicId=41RDj_nES3yQRxUFg7likA, topic=__consumer_offsets, partition=34, highWatermark=0, lastStableOffset=0, logStartOffset=0, logEndOffset=0) with 1 segments in 18ms (31/51 loaded in /var/lib/kafka/data) (kafka.log.LogManager)
kafka-1            | [2026-02-26 13:08:11,977] INFO [LogLoader partition=__consumer_offsets-10, dir=/var/lib/kafka/data] Loading producer state till offset 0 with message format version 2 (kafka.log.Log$)
kafka-1            | [2026-02-26 13:08:11,979] INFO Completed load of Log(dir=/var/lib/kafka/data/__consumer_offsets-10, topicId=41RDj_nES3yQRxUFg7likA, topic=__consumer_offsets, partition=10, highWatermark=0, lastStableOffset=0, logStartOffset=0, logEndOffset=0) with 1 segments in 5ms (32/51 loaded in /var/lib/kafka/data) (kafka.log.LogManager)
kafka-1            | [2026-02-26 13:08:11,984] INFO [LogLoader partition=__consumer_offsets-48, dir=/var/lib/kafka/data] Loading producer state till offset 0 with message format version 2 (kafka.log.Log$)
kafka-1            | [2026-02-26 13:08:11,988] INFO Completed load of Log(dir=/var/lib/kafka/data/__consumer_offsets-48, topicId=41RDj_nES3yQRxUFg7likA, topic=__consumer_offsets, partition=48, highWatermark=0, lastStableOffset=0, logStartOffset=0, logEndOffset=0) with 1 segments in 8ms (33/51 loaded in /var/lib/kafka/data) (kafka.log.LogManager)
grafana-1          | logger=migrator t=2026-02-26T12:58:55.207622714Z level=info msg="Migration successfully executed" id="create cache_data table" duration=364.708Âµs
grafana-1          | logger=migrator t=2026-02-26T12:58:55.208808839Z level=info msg="Executing migration" id="add unique index cache_data.cache_key"
grafana-1          | logger=migrator t=2026-02-26T12:58:55.209225548Z level=info msg="Migration successfully executed" id="add unique index cache_data.cache_key" duration=416.5Âµs
kafka-1            | [2026-02-26 13:08:11,993] INFO [LogLoader partition=__consumer_offsets-36, dir=/var/lib/kafka/data] Loading producer state till offset 0 with message format version 2 (kafka.log.Log$)
kafka-1            | [2026-02-26 13:08:11,994] INFO Completed load of Log(dir=/var/lib/kafka/data/__consumer_offsets-36, topicId=41RDj_nES3yQRxUFg7likA, topic=__consumer_offsets, partition=36, highWatermark=0, lastStableOffset=0, logStartOffset=0, logEndOffset=0) with 1 segments in 6ms (34/51 loaded in /var/lib/kafka/data) (kafka.log.LogManager)
kafka-1            | [2026-02-26 13:08:11,999] INFO [LogLoader partition=__consumer_offsets-31, dir=/var/lib/kafka/data] Loading producer state till offset 0 with message format version 2 (kafka.log.Log$)
kafka-1            | [2026-02-26 13:08:12,004] INFO Completed load of Log(dir=/var/lib/kafka/data/__consumer_offsets-31, topicId=41RDj_nES3yQRxUFg7likA, topic=__consumer_offsets, partition=31, highWatermark=0, lastStableOffset=0, logStartOffset=0, logEndOffset=0) with 1 segments in 10ms (35/51 loaded in /var/lib/kafka/data) (kafka.log.LogManager)
kafka-1            | [2026-02-26 13:08:12,008] INFO [LogLoader partition=__consumer_offsets-1, dir=/var/lib/kafka/data] Loading producer state till offset 0 with message format version 2 (kafka.log.Log$)
kafka-1            | [2026-02-26 13:08:12,011] INFO Completed load of Log(dir=/var/lib/kafka/data/__consumer_offsets-1, topicId=41RDj_nES3yQRxUFg7likA, topic=__consumer_offsets, partition=1, highWatermark=0, lastStableOffset=0, logStartOffset=0, logEndOffset=0) with 1 segments in 6ms (36/51 loaded in /var/lib/kafka/data) (kafka.log.LogManager)
kafka-1            | [2026-02-26 13:08:12,018] INFO [LogLoader partition=__consumer_offsets-43, dir=/var/lib/kafka/data] Loading producer state till offset 0 with message format version 2 (kafka.log.Log$)
grafana-1          | logger=migrator t=2026-02-26T12:58:55.210271756Z level=info msg="Executing migration" id="create short_url table v1"
grafana-1          | logger=migrator t=2026-02-26T12:58:55.210675256Z level=info msg="Migration successfully executed" id="create short_url table v1" duration=403.583Âµs
grafana-1          | logger=migrator t=2026-02-26T12:58:55.211771506Z level=info msg="Executing migration" id="add index short_url.org_id-uid"
grafana-1          | logger=migrator t=2026-02-26T12:58:55.212197881Z level=info msg="Migration successfully executed" id="add index short_url.org_id-uid" duration=426.834Âµs
grafana-1          | logger=migrator t=2026-02-26T12:58:55.213257089Z level=info msg="Executing migration" id="alter table short_url alter column created_by type to bigint"
grafana-1          | logger=migrator t=2026-02-26T12:58:55.213267464Z level=info msg="Migration successfully executed" id="alter table short_url alter column created_by type to bigint" duration=10.875Âµs
grafana-1          | logger=migrator t=2026-02-26T12:58:55.214308089Z level=info msg="Executing migration" id="delete alert_definition table"
grafana-1          | logger=migrator t=2026-02-26T12:58:55.214340298Z level=info msg="Migration successfully executed" id="delete alert_definition table" duration=32.458Âµs
grafana-1          | logger=migrator t=2026-02-26T12:58:55.215511923Z level=info msg="Executing migration" id="recreate alert_definition table"
grafana-1          | logger=migrator t=2026-02-26T12:58:55.215953756Z level=info msg="Migration successfully executed" id="recreate alert_definition table" duration=443.25Âµs
grafana-1          | logger=migrator t=2026-02-26T12:58:55.217173631Z level=info msg="Executing migration" id="add index in alert_definition on org_id and title columns"
grafana-1          | logger=migrator t=2026-02-26T12:58:55.217617631Z level=info msg="Migration successfully executed" id="add index in alert_definition on org_id and title columns" duration=444.292Âµs
grafana-1          | logger=migrator t=2026-02-26T12:58:55.218715256Z level=info msg="Executing migration" id="add index in alert_definition on org_id and uid columns"
grafana-1          | logger=migrator t=2026-02-26T12:58:55.219179089Z level=info msg="Migration successfully executed" id="add index in alert_definition on org_id and uid columns" duration=464.167Âµs
grafana-1          | logger=migrator t=2026-02-26T12:58:55.220348339Z level=info msg="Executing migration" id="alter alert_definition table data column to mediumtext in mysql"
grafana-1          | logger=migrator t=2026-02-26T12:58:55.220356881Z level=info msg="Migration successfully executed" id="alter alert_definition table data column to mediumtext in mysql" duration=9Âµs
grafana-1          | logger=migrator t=2026-02-26T12:58:55.221443339Z level=info msg="Executing migration" id="drop index in alert_definition on org_id and title columns"
grafana-1          | logger=migrator t=2026-02-26T12:58:55.221894714Z level=info msg="Migration successfully executed" id="drop index in alert_definition on org_id and title columns" duration=451.5Âµs
grafana-1          | logger=migrator t=2026-02-26T12:58:55.223122798Z level=info msg="Executing migration" id="drop index in alert_definition on org_id and uid columns"
grafana-1          | logger=migrator t=2026-02-26T12:58:55.223528464Z level=info msg="Migration successfully executed" id="drop index in alert_definition on org_id and uid columns" duration=406Âµs
grafana-1          | logger=migrator t=2026-02-26T12:58:55.224696756Z level=info msg="Executing migration" id="add unique index in alert_definition on org_id and title columns"
grafana-1          | logger=migrator t=2026-02-26T12:58:55.225127589Z level=info msg="Migration successfully executed" id="add unique index in alert_definition on org_id and title columns" duration=431.25Âµs
grafana-1          | logger=migrator t=2026-02-26T12:58:55.226026798Z level=info msg="Executing migration" id="add unique index in alert_definition on org_id and uid columns"
grafana-1          | logger=migrator t=2026-02-26T12:58:55.226422839Z level=info msg="Migration successfully executed" id="add unique index in alert_definition on org_id and uid columns" duration=395.209Âµs
order-service-1    | {"level":"info","message":"::ffff:172.18.0.4 - - [26/Feb/2026:13:27:03 +0000] \"GET /metrics HTTP/1.1\" 200 - \"-\" \"Prometheus/3.7.1\"","timestamp":"2026-02-26T13:27:03.529Z"}
order-service-1    | {"level":"info","message":"Health check requested","timestamp":"2026-02-26T13:27:04.331Z"}
order-service-1    | {"level":"info","message":"::1 - - [26/Feb/2026:13:27:04 +0000] \"GET /health HTTP/1.1\" 200 15 \"-\" \"-\"","timestamp":"2026-02-26T13:27:04.332Z"}
order-service-1    | {"level":"info","message":"Health check requested","timestamp":"2026-02-26T13:27:14.427Z"}
order-service-1    | {"level":"info","message":"::1 - - [26/Feb/2026:13:27:14 +0000] \"GET /health HTTP/1.1\" 200 15 \"-\" \"-\"","timestamp":"2026-02-26T13:27:14.428Z"}
order-service-1    | {"level":"info","message":"::ffff:172.18.0.4 - - [26/Feb/2026:13:27:18 +0000] \"GET /metrics HTTP/1.1\" 200 - \"-\" \"Prometheus/3.7.1\"","timestamp":"2026-02-26T13:27:18.518Z"}
order-service-1    | {"level":"info","message":"Health check requested","timestamp":"2026-02-26T13:27:24.543Z"}
order-service-1    | {"level":"info","message":"::1 - - [26/Feb/2026:13:27:24 +0000] \"GET /health HTTP/1.1\" 200 15 \"-\" \"-\"","timestamp":"2026-02-26T13:27:24.544Z"}
order-service-1    | {"level":"info","message":"::ffff:172.18.0.4 - - [26/Feb/2026:13:27:33 +0000] \"GET /metrics HTTP/1.1\" 200 - \"-\" \"Prometheus/3.7.1\"","timestamp":"2026-02-26T13:27:33.526Z"}
order-service-1    | {"level":"info","message":"Health check requested","timestamp":"2026-02-26T13:27:34.658Z"}
order-service-1    | {"level":"info","message":"::1 - - [26/Feb/2026:13:27:34 +0000] \"GET /health HTTP/1.1\" 200 15 \"-\" \"-\"","timestamp":"2026-02-26T13:27:34.663Z"}
kafka-1            | [2026-02-26 13:08:12,020] INFO Completed load of Log(dir=/var/lib/kafka/data/__consumer_offsets-43, topicId=41RDj_nES3yQRxUFg7likA, topic=__consumer_offsets, partition=43, highWatermark=0, lastStableOffset=0, logStartOffset=0, logEndOffset=0) with 1 segments in 9ms (37/51 loaded in /var/lib/kafka/data) (kafka.log.LogManager)
kafka-1            | [2026-02-26 13:08:12,023] INFO [LogLoader partition=__consumer_offsets-25, dir=/var/lib/kafka/data] Loading producer state till offset 0 with message format version 2 (kafka.log.Log$)
kafka-1            | [2026-02-26 13:08:12,028] INFO Completed load of Log(dir=/var/lib/kafka/data/__consumer_offsets-25, topicId=41RDj_nES3yQRxUFg7likA, topic=__consumer_offsets, partition=25, highWatermark=0, lastStableOffset=0, logStartOffset=0, logEndOffset=0) with 1 segments in 7ms (38/51 loaded in /var/lib/kafka/data) (kafka.log.LogManager)
kafka-1            | [2026-02-26 13:08:12,031] INFO [LogLoader partition=__consumer_offsets-6, dir=/var/lib/kafka/data] Loading producer state till offset 0 with message format version 2 (kafka.log.Log$)
kafka-1            | [2026-02-26 13:08:12,032] INFO Completed load of Log(dir=/var/lib/kafka/data/__consumer_offsets-6, topicId=41RDj_nES3yQRxUFg7likA, topic=__consumer_offsets, partition=6, highWatermark=0, lastStableOffset=0, logStartOffset=0, logEndOffset=0) with 1 segments in 4ms (39/51 loaded in /var/lib/kafka/data) (kafka.log.LogManager)
kafka-1            | [2026-02-26 13:08:12,036] INFO [LogLoader partition=__consumer_offsets-2, dir=/var/lib/kafka/data] Loading producer state till offset 0 with message format version 2 (kafka.log.Log$)
kafka-1            | [2026-02-26 13:08:12,038] INFO Completed load of Log(dir=/var/lib/kafka/data/__consumer_offsets-2, topicId=41RDj_nES3yQRxUFg7likA, topic=__consumer_offsets, partition=2, highWatermark=0, lastStableOffset=0, logStartOffset=0, logEndOffset=0) with 1 segments in 5ms (40/51 loaded in /var/lib/kafka/data) (kafka.log.LogManager)
kafka-1            | [2026-02-26 13:08:12,043] INFO [LogLoader partition=__consumer_offsets-28, dir=/var/lib/kafka/data] Loading producer state till offset 0 with message format version 2 (kafka.log.Log$)
kafka-1            | [2026-02-26 13:08:12,053] INFO Completed load of Log(dir=/var/lib/kafka/data/__consumer_offsets-28, topicId=41RDj_nES3yQRxUFg7likA, topic=__consumer_offsets, partition=28, highWatermark=0, lastStableOffset=0, logStartOffset=0, logEndOffset=0) with 1 segments in 15ms (41/51 loaded in /var/lib/kafka/data) (kafka.log.LogManager)
kafka-1            | [2026-02-26 13:08:12,058] INFO [LogLoader partition=__consumer_offsets-11, dir=/var/lib/kafka/data] Loading producer state till offset 0 with message format version 2 (kafka.log.Log$)
kafka-1            | [2026-02-26 13:08:12,060] INFO Completed load of Log(dir=/var/lib/kafka/data/__consumer_offsets-11, topicId=41RDj_nES3yQRxUFg7likA, topic=__consumer_offsets, partition=11, highWatermark=0, lastStableOffset=0, logStartOffset=0, logEndOffset=0) with 1 segments in 8ms (42/51 loaded in /var/lib/kafka/data) (kafka.log.LogManager)
kafka-1            | [2026-02-26 13:08:12,064] INFO [LogLoader partition=__consumer_offsets-23, dir=/var/lib/kafka/data] Loading producer state till offset 0 with message format version 2 (kafka.log.Log$)
kafka-1            | [2026-02-26 13:08:12,070] INFO Completed load of Log(dir=/var/lib/kafka/data/__consumer_offsets-23, topicId=41RDj_nES3yQRxUFg7likA, topic=__consumer_offsets, partition=23, highWatermark=0, lastStableOffset=0, logStartOffset=0, logEndOffset=0) with 1 segments in 9ms (43/51 loaded in /var/lib/kafka/data) (kafka.log.LogManager)
kafka-1            | [2026-02-26 13:08:12,074] INFO [LogLoader partition=__consumer_offsets-9, dir=/var/lib/kafka/data] Loading producer state till offset 0 with message format version 2 (kafka.log.Log$)
grafana-1          | logger=migrator t=2026-02-26T12:58:55.227494089Z level=info msg="Executing migration" id="Add column paused in alert_definition"
grafana-1          | logger=migrator t=2026-02-26T12:58:55.230472131Z level=info msg="Migration successfully executed" id="Add column paused in alert_definition" duration=2.977708ms
kafka-1            | [2026-02-26 13:08:12,076] INFO Completed load of Log(dir=/var/lib/kafka/data/__consumer_offsets-9, topicId=41RDj_nES3yQRxUFg7likA, topic=__consumer_offsets, partition=9, highWatermark=0, lastStableOffset=0, logStartOffset=0, logEndOffset=0) with 1 segments in 6ms (44/51 loaded in /var/lib/kafka/data) (kafka.log.LogManager)
kafka-1            | [2026-02-26 13:08:12,080] INFO [LogLoader partition=__consumer_offsets-42, dir=/var/lib/kafka/data] Loading producer state till offset 0 with message format version 2 (kafka.log.Log$)
kafka-1            | [2026-02-26 13:08:12,082] INFO Completed load of Log(dir=/var/lib/kafka/data/__consumer_offsets-42, topicId=41RDj_nES3yQRxUFg7likA, topic=__consumer_offsets, partition=42, highWatermark=0, lastStableOffset=0, logStartOffset=0, logEndOffset=0) with 1 segments in 6ms (45/51 loaded in /var/lib/kafka/data) (kafka.log.LogManager)
kafka-1            | [2026-02-26 13:08:12,087] INFO [LogLoader partition=__consumer_offsets-19, dir=/var/lib/kafka/data] Loading producer state till offset 0 with message format version 2 (kafka.log.Log$)
grafana-1          | logger=migrator t=2026-02-26T12:58:55.231493256Z level=info msg="Executing migration" id="drop alert_definition table"
grafana-1          | logger=migrator t=2026-02-26T12:58:55.231911714Z level=info msg="Migration successfully executed" id="drop alert_definition table" duration=418.541Âµs
grafana-1          | logger=migrator t=2026-02-26T12:58:55.233142131Z level=info msg="Executing migration" id="delete alert_definition_version table"
grafana-1          | logger=migrator t=2026-02-26T12:58:55.233176631Z level=info msg="Migration successfully executed" id="delete alert_definition_version table" duration=38.209Âµs
kafka-1            | [2026-02-26 13:08:12,090] INFO Completed load of Log(dir=/var/lib/kafka/data/__consumer_offsets-19, topicId=41RDj_nES3yQRxUFg7likA, topic=__consumer_offsets, partition=19, highWatermark=0, lastStableOffset=0, logStartOffset=0, logEndOffset=0) with 1 segments in 7ms (46/51 loaded in /var/lib/kafka/data) (kafka.log.LogManager)
kafka-1            | [2026-02-26 13:08:12,094] INFO [LogLoader partition=__consumer_offsets-30, dir=/var/lib/kafka/data] Loading producer state till offset 0 with message format version 2 (kafka.log.Log$)
kafka-1            | [2026-02-26 13:08:12,117] INFO Completed load of Log(dir=/var/lib/kafka/data/__consumer_offsets-30, topicId=41RDj_nES3yQRxUFg7likA, topic=__consumer_offsets, partition=30, highWatermark=0, lastStableOffset=0, logStartOffset=0, logEndOffset=0) with 1 segments in 26ms (47/51 loaded in /var/lib/kafka/data) (kafka.log.LogManager)
kafka-1            | [2026-02-26 13:08:12,178] INFO [LogLoader partition=__consumer_offsets-32, dir=/var/lib/kafka/data] Loading producer state till offset 1 with message format version 2 (kafka.log.Log$)
kafka-1            | [2026-02-26 13:08:12,178] INFO [LogLoader partition=__consumer_offsets-32, dir=/var/lib/kafka/data] Reloading from producer snapshot and rebuilding producer state from offset 1 (kafka.log.Log$)
kafka-1            | [2026-02-26 13:08:12,183] INFO [ProducerStateManager partition=__consumer_offsets-32] Loading producer state from snapshot file 'SnapshotFile(/var/lib/kafka/data/__consumer_offsets-32/00000000000000000001.snapshot,1)' (kafka.log.ProducerStateManager)
kafka-1            | [2026-02-26 13:08:12,194] INFO [LogLoader partition=__consumer_offsets-32, dir=/var/lib/kafka/data] Producer state recovery took 16ms for snapshot load and 0ms for segment recovery from offset 1 (kafka.log.Log$)
kafka-1            | [2026-02-26 13:08:12,198] INFO Completed load of Log(dir=/var/lib/kafka/data/__consumer_offsets-32, topicId=41RDj_nES3yQRxUFg7likA, topic=__consumer_offsets, partition=32, highWatermark=0, lastStableOffset=0, logStartOffset=0, logEndOffset=1) with 1 segments in 81ms (48/51 loaded in /var/lib/kafka/data) (kafka.log.LogManager)
order-service-1    | {"level":"info","message":"Health check requested","timestamp":"2026-02-26T13:27:45.019Z"}
order-service-1    | {"level":"info","message":"::1 - - [26/Feb/2026:13:27:45 +0000] \"GET /health HTTP/1.1\" 200 15 \"-\" \"-\"","timestamp":"2026-02-26T13:27:45.021Z"}
kafka-1            | [2026-02-26 13:08:12,204] INFO [LogLoader partition=__consumer_offsets-35, dir=/var/lib/kafka/data] Loading producer state till offset 0 with message format version 2 (kafka.log.Log$)
kafka-1            | [2026-02-26 13:08:12,209] INFO Completed load of Log(dir=/var/lib/kafka/data/__consumer_offsets-35, topicId=41RDj_nES3yQRxUFg7likA, topic=__consumer_offsets, partition=35, highWatermark=0, lastStableOffset=0, logStartOffset=0, logEndOffset=0) with 1 segments in 10ms (49/51 loaded in /var/lib/kafka/data) (kafka.log.LogManager)
kafka-1            | [2026-02-26 13:08:12,216] INFO [LogLoader partition=__consumer_offsets-45, dir=/var/lib/kafka/data] Loading producer state till offset 1 with message format version 2 (kafka.log.Log$)
kafka-1            | [2026-02-26 13:08:12,216] INFO [LogLoader partition=__consumer_offsets-45, dir=/var/lib/kafka/data] Reloading from producer snapshot and rebuilding producer state from offset 1 (kafka.log.Log$)
kafka-1            | [2026-02-26 13:08:12,216] INFO [ProducerStateManager partition=__consumer_offsets-45] Loading producer state from snapshot file 'SnapshotFile(/var/lib/kafka/data/__consumer_offsets-45/00000000000000000001.snapshot,1)' (kafka.log.ProducerStateManager)
kafka-1            | [2026-02-26 13:08:12,217] INFO [LogLoader partition=__consumer_offsets-45, dir=/var/lib/kafka/data] Producer state recovery took 1ms for snapshot load and 0ms for segment recovery from offset 1 (kafka.log.Log$)
kafka-1            | [2026-02-26 13:08:12,219] INFO Completed load of Log(dir=/var/lib/kafka/data/__consumer_offsets-45, topicId=41RDj_nES3yQRxUFg7likA, topic=__consumer_offsets, partition=45, highWatermark=0, lastStableOffset=0, logStartOffset=0, logEndOffset=1) with 1 segments in 11ms (50/51 loaded in /var/lib/kafka/data) (kafka.log.LogManager)
kafka-1            | [2026-02-26 13:08:12,226] INFO [LogLoader partition=__consumer_offsets-7, dir=/var/lib/kafka/data] Loading producer state till offset 0 with message format version 2 (kafka.log.Log$)
kafka-1            | [2026-02-26 13:08:12,229] INFO Completed load of Log(dir=/var/lib/kafka/data/__consumer_offsets-7, topicId=41RDj_nES3yQRxUFg7likA, topic=__consumer_offsets, partition=7, highWatermark=0, lastStableOffset=0, logStartOffset=0, logEndOffset=0) with 1 segments in 10ms (51/51 loaded in /var/lib/kafka/data) (kafka.log.LogManager)
order-service-1    | {"level":"info","message":"::ffff:172.18.0.4 - - [26/Feb/2026:13:27:48 +0000] \"GET /metrics HTTP/1.1\" 200 - \"-\" \"Prometheus/3.7.1\"","timestamp":"2026-02-26T13:27:48.545Z"}
order-service-1    | {"level":"info","message":"Health check requested","timestamp":"2026-02-26T13:27:55.145Z"}
order-service-1    | {"level":"info","message":"::1 - - [26/Feb/2026:13:27:55 +0000] \"GET /health HTTP/1.1\" 200 15 \"-\" \"-\"","timestamp":"2026-02-26T13:27:55.146Z"}
order-service-1    | {"level":"info","message":"::ffff:172.18.0.4 - - [26/Feb/2026:13:28:03 +0000] \"GET /metrics HTTP/1.1\" 200 - \"-\" \"Prometheus/3.7.1\"","timestamp":"2026-02-26T13:28:03.561Z"}
order-service-1    | {"level":"info","message":"Health check requested","timestamp":"2026-02-26T13:28:05.348Z"}
order-service-1    | {"level":"info","message":"::1 - - [26/Feb/2026:13:28:05 +0000] \"GET /health HTTP/1.1\" 200 15 \"-\" \"-\"","timestamp":"2026-02-26T13:28:05.348Z"}
order-service-1    | {"level":"info","message":"Health check requested","timestamp":"2026-02-26T13:28:15.453Z"}
kafka-1            | [2026-02-26 13:08:12,233] INFO Loaded 51 logs in 725ms. (kafka.log.LogManager)
kafka-1            | [2026-02-26 13:08:12,235] INFO Starting log cleanup with a period of 300000 ms. (kafka.log.LogManager)
kafka-1            | [2026-02-26 13:08:12,237] INFO Starting log flusher with a default period of 9223372036854775807 ms. (kafka.log.LogManager)
kafka-1            | [2026-02-26 13:08:12,252] INFO Starting the log cleaner (kafka.log.LogCleaner)
grafana-1          | logger=migrator t=2026-02-26T12:58:55.234136881Z level=info msg="Executing migration" id="recreate alert_definition_version table"
grafana-1          | logger=migrator t=2026-02-26T12:58:55.234580256Z level=info msg="Migration successfully executed" id="recreate alert_definition_version table" duration=443.459Âµs
grafana-1          | logger=migrator t=2026-02-26T12:58:55.235732714Z level=info msg="Executing migration" id="add index in alert_definition_version table on alert_definition_id and version columns"
grafana-1          | logger=migrator t=2026-02-26T12:58:55.236170089Z level=info msg="Migration successfully executed" id="add index in alert_definition_version table on alert_definition_id and version columns" duration=437.542Âµs
order-service-1    | {"level":"info","message":"::1 - - [26/Feb/2026:13:28:15 +0000] \"GET /health HTTP/1.1\" 200 15 \"-\" \"-\"","timestamp":"2026-02-26T13:28:15.455Z"}
order-service-1    | {"level":"info","message":"::ffff:172.18.0.4 - - [26/Feb/2026:13:28:18 +0000] \"GET /metrics HTTP/1.1\" 200 - \"-\" \"Prometheus/3.7.1\"","timestamp":"2026-02-26T13:28:18.532Z"}
order-service-1    | {"level":"info","message":"Health check requested","timestamp":"2026-02-26T13:28:25.546Z"}
grafana-1          | logger=migrator t=2026-02-26T12:58:55.237045048Z level=info msg="Executing migration" id="add index in alert_definition_version table on alert_definition_uid and version columns"
grafana-1          | logger=migrator t=2026-02-26T12:58:55.237466589Z level=info msg="Migration successfully executed" id="add index in alert_definition_version table on alert_definition_uid and version columns" duration=422.041Âµs
grafana-1          | logger=migrator t=2026-02-26T12:58:55.238502506Z level=info msg="Executing migration" id="alter alert_definition_version table data column to mediumtext in mysql"
order-service-1    | {"level":"info","message":"::1 - - [26/Feb/2026:13:28:25 +0000] \"GET /health HTTP/1.1\" 200 15 \"-\" \"-\"","timestamp":"2026-02-26T13:28:25.547Z"}
order-service-1    | {"level":"info","message":"::ffff:172.18.0.4 - - [26/Feb/2026:13:28:33 +0000] \"GET /metrics HTTP/1.1\" 200 - \"-\" \"Prometheus/3.7.1\"","timestamp":"2026-02-26T13:28:33.528Z"}
order-service-1    | {"level":"info","message":"Health check requested","timestamp":"2026-02-26T13:28:35.689Z"}
kafka-1            | [2026-02-26 13:08:12,470] INFO [kafka-log-cleaner-thread-0]: Starting (kafka.log.LogCleaner)
kafka-1            | [2026-02-26 13:08:12,766] INFO [BrokerToControllerChannelManager broker=1 name=forwarding]: Starting (kafka.server.BrokerToControllerRequestThread)
order-service-1    | {"level":"info","message":"::1 - - [26/Feb/2026:13:28:35 +0000] \"GET /health HTTP/1.1\" 200 15 \"-\" \"-\"","timestamp":"2026-02-26T13:28:35.691Z"}
order-service-1    | {"level":"info","message":"Health check requested","timestamp":"2026-02-26T13:28:45.848Z"}
order-service-1    | {"level":"info","message":"::1 - - [26/Feb/2026:13:28:45 +0000] \"GET /health HTTP/1.1\" 200 15 \"-\" \"-\"","timestamp":"2026-02-26T13:28:45.849Z"}
order-service-1    | {"level":"info","message":"::ffff:172.18.0.4 - - [26/Feb/2026:13:28:48 +0000] \"GET /metrics HTTP/1.1\" 200 - \"-\" \"Prometheus/3.7.1\"","timestamp":"2026-02-26T13:28:48.526Z"}
kafka-1            | [2026-02-26 13:08:12,944] INFO Updated connection-accept-rate max connection creation rate to 2147483647 (kafka.network.ConnectionQuotas)
kafka-1            | [2026-02-26 13:08:12,949] INFO Awaiting socket connections on 0.0.0.0:9092. (kafka.network.Acceptor)
kafka-1            | [2026-02-26 13:08:12,994] INFO [SocketServer listenerType=ZK_BROKER, nodeId=1] Created data-plane acceptor and processors for endpoint : ListenerName(PLAINTEXT) (kafka.network.SocketServer)
order-service-1    | {"level":"info","message":"Health check requested","timestamp":"2026-02-26T13:28:55.964Z"}
order-service-1    | {"level":"info","message":"::1 - - [26/Feb/2026:13:28:55 +0000] \"GET /health HTTP/1.1\" 200 15 \"-\" \"-\"","timestamp":"2026-02-26T13:28:55.964Z"}
order-service-1    | {"level":"info","message":"::ffff:172.18.0.4 - - [26/Feb/2026:13:29:03 +0000] \"GET /metrics HTTP/1.1\" 200 - \"-\" \"Prometheus/3.7.1\"","timestamp":"2026-02-26T13:29:03.519Z"}
order-service-1    | {"level":"info","message":"Health check requested","timestamp":"2026-02-26T13:29:06.073Z"}
order-service-1    | {"level":"info","message":"::1 - - [26/Feb/2026:13:29:06 +0000] \"GET /health HTTP/1.1\" 200 15 \"-\" \"-\"","timestamp":"2026-02-26T13:29:06.075Z"}
order-service-1    | {"level":"info","message":"Health check requested","timestamp":"2026-02-26T13:29:16.178Z"}
order-service-1    | {"level":"info","message":"::1 - - [26/Feb/2026:13:29:16 +0000] \"GET /health HTTP/1.1\" 200 15 \"-\" \"-\"","timestamp":"2026-02-26T13:29:16.179Z"}
order-service-1    | {"level":"info","message":"::ffff:172.18.0.4 - - [26/Feb/2026:13:29:18 +0000] \"GET /metrics HTTP/1.1\" 200 - \"-\" \"Prometheus/3.7.1\"","timestamp":"2026-02-26T13:29:18.531Z"}
order-service-1    | {"level":"info","message":"Health check requested","timestamp":"2026-02-26T13:29:26.258Z"}
order-service-1    | {"level":"info","message":"::1 - - [26/Feb/2026:13:29:26 +0000] \"GET /health HTTP/1.1\" 200 15 \"-\" \"-\"","timestamp":"2026-02-26T13:29:26.259Z"}
order-service-1    | {"level":"info","message":"::ffff:172.18.0.4 - - [26/Feb/2026:13:29:33 +0000] \"GET /metrics HTTP/1.1\" 200 - \"-\" \"Prometheus/3.7.1\"","timestamp":"2026-02-26T13:29:33.528Z"}
kafka-1            | [2026-02-26 13:08:13,004] INFO [BrokerToControllerChannelManager broker=1 name=alterIsr]: Starting (kafka.server.BrokerToControllerRequestThread)
kafka-1            | [2026-02-26 13:08:13,024] INFO [ExpirationReaper-1-Produce]: Starting (kafka.server.DelayedOperationPurgatory$ExpiredOperationReaper)
kafka-1            | [2026-02-26 13:08:13,025] INFO [ExpirationReaper-1-Fetch]: Starting (kafka.server.DelayedOperationPurgatory$ExpiredOperationReaper)
kafka-1            | [2026-02-26 13:08:13,026] INFO [ExpirationReaper-1-DeleteRecords]: Starting (kafka.server.DelayedOperationPurgatory$ExpiredOperationReaper)
kafka-1            | [2026-02-26 13:08:13,027] INFO [ExpirationReaper-1-ElectLeader]: Starting (kafka.server.DelayedOperationPurgatory$ExpiredOperationReaper)
kafka-1            | [2026-02-26 13:08:13,043] INFO [LogDirFailureHandler]: Starting (kafka.server.ReplicaManager$LogDirFailureHandler)
kafka-1            | [2026-02-26 13:08:13,253] INFO Creating /brokers/ids/1 (is it secure? false) (kafka.zk.KafkaZkClient)
order-service-1    | {"level":"info","message":"Health check requested","timestamp":"2026-02-26T13:29:36.370Z"}
order-service-1    | {"level":"info","message":"::1 - - [26/Feb/2026:13:29:36 +0000] \"GET /health HTTP/1.1\" 200 15 \"-\" \"-\"","timestamp":"2026-02-26T13:29:36.371Z"}
order-service-1    | {"level":"info","message":"Health check requested","timestamp":"2026-02-26T13:29:46.469Z"}
order-service-1    | {"level":"info","message":"::1 - - [26/Feb/2026:13:29:46 +0000] \"GET /health HTTP/1.1\" 200 15 \"-\" \"-\"","timestamp":"2026-02-26T13:29:46.470Z"}
kafka-1            | [2026-02-26 13:08:13,289] INFO Stat of the created znode at /brokers/ids/1 is: 160,160,1772111293273,1772111293273,1,0,0,72057847065673731,194,0,160
kafka-1            |  (kafka.zk.KafkaZkClient)
kafka-1            | [2026-02-26 13:08:13,290] INFO Registered broker 1 at path /brokers/ids/1 with addresses: PLAINTEXT://kafka:9092, czxid (broker epoch): 160 (kafka.zk.KafkaZkClient)
order-service-1    | {"level":"info","message":"::ffff:172.18.0.4 - - [26/Feb/2026:13:29:48 +0000] \"GET /metrics HTTP/1.1\" 200 - \"-\" \"Prometheus/3.7.1\"","timestamp":"2026-02-26T13:29:48.525Z"}
order-service-1    | {"level":"info","message":"Health check requested","timestamp":"2026-02-26T13:29:56.534Z"}
order-service-1    | {"level":"info","message":"::1 - - [26/Feb/2026:13:29:56 +0000] \"GET /health HTTP/1.1\" 200 15 \"-\" \"-\"","timestamp":"2026-02-26T13:29:56.535Z"}
order-service-1    | {"level":"info","message":"::ffff:172.18.0.4 - - [26/Feb/2026:13:30:03 +0000] \"GET /metrics HTTP/1.1\" 200 - \"-\" \"Prometheus/3.7.1\"","timestamp":"2026-02-26T13:30:03.534Z"}
order-service-1    | {"level":"info","message":"Health check requested","timestamp":"2026-02-26T13:30:06.653Z"}
grafana-1          | logger=migrator t=2026-02-26T12:58:55.238512006Z level=info msg="Migration successfully executed" id="alter alert_definition_version table data column to mediumtext in mysql" duration=9.75Âµs
grafana-1          | logger=migrator t=2026-02-26T12:58:55.239553215Z level=info msg="Executing migration" id="drop alert_definition_version table"
grafana-1          | logger=migrator t=2026-02-26T12:58:55.239962715Z level=info msg="Migration successfully executed" id="drop alert_definition_version table" duration=409.292Âµs
grafana-1          | logger=migrator t=2026-02-26T12:58:55.241098298Z level=info msg="Executing migration" id="create alert_instance table"
grafana-1          | logger=migrator t=2026-02-26T12:58:55.241569881Z level=info msg="Migration successfully executed" id="create alert_instance table" duration=471.917Âµs
grafana-1          | logger=migrator t=2026-02-26T12:58:55.242704173Z level=info msg="Executing migration" id="add index in alert_instance table on def_org_id, def_uid and current_state columns"
grafana-1          | logger=migrator t=2026-02-26T12:58:55.243220923Z level=info msg="Migration successfully executed" id="add index in alert_instance table on def_org_id, def_uid and current_state columns" duration=516.834Âµs
kafka-1            | [2026-02-26 13:08:13,379] INFO [ControllerEventThread controllerId=1] Starting (kafka.controller.ControllerEventManager$ControllerEventThread)
kafka-1            | [2026-02-26 13:08:13,405] INFO [ExpirationReaper-1-topic]: Starting (kafka.server.DelayedOperationPurgatory$ExpiredOperationReaper)
kafka-1            | [2026-02-26 13:08:13,413] INFO [ExpirationReaper-1-Heartbeat]: Starting (kafka.server.DelayedOperationPurgatory$ExpiredOperationReaper)
order-service-1    | {"level":"info","message":"::1 - - [26/Feb/2026:13:30:06 +0000] \"GET /health HTTP/1.1\" 200 15 \"-\" \"-\"","timestamp":"2026-02-26T13:30:06.654Z"}
order-service-1    | {"level":"info","message":"Health check requested","timestamp":"2026-02-26T13:30:16.759Z"}
order-service-1    | {"level":"info","message":"::1 - - [26/Feb/2026:13:30:16 +0000] \"GET /health HTTP/1.1\" 200 15 \"-\" \"-\"","timestamp":"2026-02-26T13:30:16.761Z"}
grafana-1          | logger=migrator t=2026-02-26T12:58:55.244442548Z level=info msg="Executing migration" id="add index in alert_instance table on def_org_id, current_state columns"
grafana-1          | logger=migrator t=2026-02-26T12:58:55.245045715Z level=info msg="Migration successfully executed" id="add index in alert_instance table on def_org_id, current_state columns" duration=603.291Âµs
grafana-1          | logger=migrator t=2026-02-26T12:58:55.246391798Z level=info msg="Executing migration" id="add column current_state_end to alert_instance"
order-service-1    | {"level":"info","message":"::ffff:172.18.0.4 - - [26/Feb/2026:13:30:18 +0000] \"GET /metrics HTTP/1.1\" 200 - \"-\" \"Prometheus/3.7.1\"","timestamp":"2026-02-26T13:30:18.536Z"}
order-service-1    | {"level":"info","message":"Health check requested","timestamp":"2026-02-26T13:30:26.857Z"}
order-service-1    | {"level":"info","message":"::1 - - [26/Feb/2026:13:30:26 +0000] \"GET /health HTTP/1.1\" 200 15 \"-\" \"-\"","timestamp":"2026-02-26T13:30:26.858Z"}
order-service-1    | {"level":"info","message":"::ffff:172.18.0.4 - - [26/Feb/2026:13:30:33 +0000] \"GET /metrics HTTP/1.1\" 200 - \"-\" \"Prometheus/3.7.1\"","timestamp":"2026-02-26T13:30:33.532Z"}
order-service-1    | {"level":"info","message":"Health check requested","timestamp":"2026-02-26T13:30:36.985Z"}
grafana-1          | logger=migrator t=2026-02-26T12:58:55.249489881Z level=info msg="Migration successfully executed" id="add column current_state_end to alert_instance" duration=3.098958ms
grafana-1          | logger=migrator t=2026-02-26T12:58:55.250580173Z level=info msg="Executing migration" id="remove index def_org_id, def_uid, current_state on alert_instance"
grafana-1          | logger=migrator t=2026-02-26T12:58:55.251095881Z level=info msg="Migration successfully executed" id="remove index def_org_id, def_uid, current_state on alert_instance" duration=515.959Âµs
grafana-1          | logger=migrator t=2026-02-26T12:58:55.252293048Z level=info msg="Executing migration" id="remove index def_org_id, current_state on alert_instance"
grafana-1          | logger=migrator t=2026-02-26T12:58:55.252777631Z level=info msg="Migration successfully executed" id="remove index def_org_id, current_state on alert_instance" duration=484.958Âµs
grafana-1          | logger=migrator t=2026-02-26T12:58:55.254358381Z level=info msg="Executing migration" id="rename def_org_id to rule_org_id in alert_instance"
grafana-1          | logger=migrator t=2026-02-26T12:58:55.270363756Z level=info msg="Migration successfully executed" id="rename def_org_id to rule_org_id in alert_instance" duration=16.001916ms
grafana-1          | logger=migrator t=2026-02-26T12:58:55.272506048Z level=info msg="Executing migration" id="rename def_uid to rule_uid in alert_instance"
grafana-1          | logger=migrator t=2026-02-26T12:58:55.288801298Z level=info msg="Migration successfully executed" id="rename def_uid to rule_uid in alert_instance" duration=16.293417ms
grafana-1          | logger=migrator t=2026-02-26T12:58:55.290292006Z level=info msg="Executing migration" id="add index rule_org_id, rule_uid, current_state on alert_instance"
kafka-1            | [2026-02-26 13:08:13,414] INFO [ExpirationReaper-1-Rebalance]: Starting (kafka.server.DelayedOperationPurgatory$ExpiredOperationReaper)
kafka-1            | [2026-02-26 13:08:13,415] INFO [Controller id=1] 1 successfully elected as the controller. Epoch incremented to 2 and epoch zk version is now 2 (kafka.controller.KafkaController)
kafka-1            | [2026-02-26 13:08:13,421] INFO [Controller id=1] Registering handlers (kafka.controller.KafkaController)
kafka-1            | [2026-02-26 13:08:13,428] INFO [Controller id=1] Deleting log dir event notifications (kafka.controller.KafkaController)
grafana-1          | logger=migrator t=2026-02-26T12:58:55.290951381Z level=info msg="Migration successfully executed" id="add index rule_org_id, rule_uid, current_state on alert_instance" duration=659.875Âµs
grafana-1          | logger=migrator t=2026-02-26T12:58:55.29246334Z level=info msg="Executing migration" id="add index rule_org_id, current_state on alert_instance"
grafana-1          | logger=migrator t=2026-02-26T12:58:55.292970923Z level=info msg="Migration successfully executed" id="add index rule_org_id, current_state on alert_instance" duration=507.959Âµs
order-service-1    | {"level":"info","message":"::1 - - [26/Feb/2026:13:30:36 +0000] \"GET /health HTTP/1.1\" 200 15 \"-\" \"-\"","timestamp":"2026-02-26T13:30:36.986Z"}
order-service-1    | {"level":"info","message":"Health check requested","timestamp":"2026-02-26T13:30:47.130Z"}
order-service-1    | {"level":"info","message":"::1 - - [26/Feb/2026:13:30:47 +0000] \"GET /health HTTP/1.1\" 200 15 \"-\" \"-\"","timestamp":"2026-02-26T13:30:47.133Z"}
order-service-1    | {"level":"info","message":"::ffff:172.18.0.4 - - [26/Feb/2026:13:30:48 +0000] \"GET /metrics HTTP/1.1\" 200 - \"-\" \"Prometheus/3.7.1\"","timestamp":"2026-02-26T13:30:48.528Z"}
order-service-1    | {"level":"info","message":"Health check requested","timestamp":"2026-02-26T13:30:57.368Z"}
order-service-1    | {"level":"info","message":"::1 - - [26/Feb/2026:13:30:57 +0000] \"GET /health HTTP/1.1\" 200 15 \"-\" \"-\"","timestamp":"2026-02-26T13:30:57.371Z"}
order-service-1    | {"level":"info","message":"::ffff:172.18.0.4 - - [26/Feb/2026:13:31:03 +0000] \"GET /metrics HTTP/1.1\" 200 - \"-\" \"Prometheus/3.7.1\"","timestamp":"2026-02-26T13:31:03.521Z"}
order-service-1    | {"level":"info","message":"Health check requested","timestamp":"2026-02-26T13:31:07.534Z"}
kafka-1            | [2026-02-26 13:08:13,432] INFO [Controller id=1] Deleting isr change notifications (kafka.controller.KafkaController)
kafka-1            | [2026-02-26 13:08:13,434] INFO [GroupCoordinator 1]: Starting up. (kafka.coordinator.group.GroupCoordinator)
kafka-1            | [2026-02-26 13:08:13,435] INFO [Controller id=1] Initializing controller context (kafka.controller.KafkaController)
grafana-1          | logger=migrator t=2026-02-26T12:58:55.294355173Z level=info msg="Executing migration" id="add current_reason column related to current_state"
grafana-1          | logger=migrator t=2026-02-26T12:58:55.29791209Z level=info msg="Migration successfully executed" id="add current_reason column related to current_state" duration=3.555709ms
grafana-1          | logger=migrator t=2026-02-26T12:58:55.299989465Z level=info msg="Executing migration" id="add result_fingerprint column to alert_instance"
grafana-1          | logger=migrator t=2026-02-26T12:58:55.303336298Z level=info msg="Migration successfully executed" id="add result_fingerprint column to alert_instance" duration=3.34575ms
grafana-1          | logger=migrator t=2026-02-26T12:58:55.304497298Z level=info msg="Executing migration" id="create alert_rule table"
order-service-1    | {"level":"info","message":"::1 - - [26/Feb/2026:13:31:07 +0000] \"GET /health HTTP/1.1\" 200 15 \"-\" \"-\"","timestamp":"2026-02-26T13:31:07.535Z"}
order-service-1    | {"level":"info","message":"Health check requested","timestamp":"2026-02-26T13:31:17.626Z"}
order-service-1    | {"level":"info","message":"::1 - - [26/Feb/2026:13:31:17 +0000] \"GET /health HTTP/1.1\" 200 15 \"-\" \"-\"","timestamp":"2026-02-26T13:31:17.627Z"}
grafana-1          | logger=migrator t=2026-02-26T12:58:55.305025673Z level=info msg="Migration successfully executed" id="create alert_rule table" duration=528.583Âµs
grafana-1          | logger=migrator t=2026-02-26T12:58:55.306150715Z level=info msg="Executing migration" id="add index in alert_rule on org_id and title columns"
grafana-1          | logger=migrator t=2026-02-26T12:58:55.306712381Z level=info msg="Migration successfully executed" id="add index in alert_rule on org_id and title columns" duration=562.041Âµs
order-service-1    | {"level":"info","message":"::ffff:172.18.0.4 - - [26/Feb/2026:13:31:18 +0000] \"GET /metrics HTTP/1.1\" 200 - \"-\" \"Prometheus/3.7.1\"","timestamp":"2026-02-26T13:31:18.533Z"}
order-service-1    | {"level":"info","message":"Health check requested","timestamp":"2026-02-26T13:31:27.790Z"}
order-service-1    | {"level":"info","message":"::1 - - [26/Feb/2026:13:31:27 +0000] \"GET /health HTTP/1.1\" 200 15 \"-\" \"-\"","timestamp":"2026-02-26T13:31:27.793Z"}
order-service-1    | {"level":"info","message":"::ffff:172.18.0.4 - - [26/Feb/2026:13:31:33 +0000] \"GET /metrics HTTP/1.1\" 200 - \"-\" \"Prometheus/3.7.1\"","timestamp":"2026-02-26T13:31:33.531Z"}
grafana-1          | logger=migrator t=2026-02-26T12:58:55.307893506Z level=info msg="Executing migration" id="add index in alert_rule on org_id and uid columns"
grafana-1          | logger=migrator t=2026-02-26T12:58:55.308391715Z level=info msg="Migration successfully executed" id="add index in alert_rule on org_id and uid columns" duration=498.125Âµs
order-service-1    | {"level":"info","message":"Health check requested","timestamp":"2026-02-26T13:31:38.403Z"}
order-service-1    | {"level":"info","message":"::1 - - [26/Feb/2026:13:31:38 +0000] \"GET /health HTTP/1.1\" 200 15 \"-\" \"-\"","timestamp":"2026-02-26T13:31:38.415Z"}
order-service-1    | {"level":"WARN","timestamp":"2026-02-26T14:07:16.098Z","logger":"kafkajs","message":"[RequestQueue] Response without match","clientId":"kafkajs","broker":"kafka:9092","correlationId":273}
order-service-1    | {"level":"info","message":"::ffff:172.18.0.4 - - [26/Feb/2026:14:07:16 +0000] \"GET /metrics HTTP/1.1\" 200 - \"-\" \"Prometheus/3.7.1\"","timestamp":"2026-02-26T14:07:16.690Z"}
order-service-1    | {"level":"info","message":"Health check requested","timestamp":"2026-02-26T14:07:16.975Z"}
order-service-1    | {"level":"info","message":"::1 - - [26/Feb/2026:14:07:16 +0000] \"GET /health HTTP/1.1\" 200 15 \"-\" \"-\"","timestamp":"2026-02-26T14:07:16.981Z"}
order-service-1    | {"level":"info","message":"Health check requested","timestamp":"2026-02-26T14:07:27.144Z"}
kafka-1            | [2026-02-26 13:08:13,448] INFO [GroupCoordinator 1]: Startup complete. (kafka.coordinator.group.GroupCoordinator)
kafka-1            | [2026-02-26 13:08:13,450] INFO [Controller id=1] Initialized broker epochs cache: HashMap(1 -> 160) (kafka.controller.KafkaController)
kafka-1            | [2026-02-26 13:08:13,486] INFO [TransactionCoordinator id=1] Starting up. (kafka.coordinator.transaction.TransactionCoordinator)
order-service-1    | {"level":"info","message":"::1 - - [26/Feb/2026:14:07:27 +0000] \"GET /health HTTP/1.1\" 200 15 \"-\" \"-\"","timestamp":"2026-02-26T14:07:27.150Z"}
order-service-1    | {"level":"info","message":"::ffff:172.18.0.4 - - [26/Feb/2026:14:07:31 +0000] \"GET /metrics HTTP/1.1\" 200 - \"-\" \"Prometheus/3.7.1\"","timestamp":"2026-02-26T14:07:31.665Z"}
order-service-1    | {"level":"info","message":"Health check requested","timestamp":"2026-02-26T14:07:37.304Z"}
kafka-1            | [2026-02-26 13:08:13,495] DEBUG [Controller id=1] Register BrokerModifications handler for Set(1) (kafka.controller.KafkaController)
kafka-1            | [2026-02-26 13:08:13,504] INFO [Transaction Marker Channel Manager 1]: Starting (kafka.coordinator.transaction.TransactionMarkerChannelManager)
kafka-1            | [2026-02-26 13:08:13,505] INFO [TransactionCoordinator id=1] Startup complete. (kafka.coordinator.transaction.TransactionCoordinator)
order-service-1    | {"level":"info","message":"::1 - - [26/Feb/2026:14:07:37 +0000] \"GET /health HTTP/1.1\" 200 15 \"-\" \"-\"","timestamp":"2026-02-26T14:07:37.309Z"}
order-service-1    | {"level":"info","message":"::ffff:172.18.0.4 - - [26/Feb/2026:14:07:46 +0000] \"GET /metrics HTTP/1.1\" 200 - \"-\" \"Prometheus/3.7.1\"","timestamp":"2026-02-26T14:07:46.644Z"}
order-service-1    | {"level":"info","message":"Health check requested","timestamp":"2026-02-26T14:07:47.395Z"}
order-service-1    | {"level":"info","message":"::1 - - [26/Feb/2026:14:07:47 +0000] \"GET /health HTTP/1.1\" 200 15 \"-\" \"-\"","timestamp":"2026-02-26T14:07:47.395Z"}
order-service-1    | {"level":"info","message":"Health check requested","timestamp":"2026-02-26T14:07:57.592Z"}
order-service-1    | {"level":"info","message":"::1 - - [26/Feb/2026:14:07:57 +0000] \"GET /health HTTP/1.1\" 200 15 \"-\" \"-\"","timestamp":"2026-02-26T14:07:57.594Z"}
order-service-1    | {"level":"info","message":"::ffff:172.18.0.4 - - [26/Feb/2026:14:08:01 +0000] \"GET /metrics HTTP/1.1\" 200 - \"-\" \"Prometheus/3.7.1\"","timestamp":"2026-02-26T14:08:01.658Z"}
kafka-1            | [2026-02-26 13:08:13,583] INFO [ExpirationReaper-1-AlterAcls]: Starting (kafka.server.DelayedOperationPurgatory$ExpiredOperationReaper)
kafka-1            | [2026-02-26 13:08:13,656] DEBUG [Channel manager on controller 1]: Controller 1 trying to connect to broker 1 (kafka.controller.ControllerChannelManager)
kafka-1            | [2026-02-26 13:08:13,671] INFO [/config/changes-event-process-thread]: Starting (kafka.common.ZkNodeChangeNotificationListener$ChangeEventProcessThread)
kafka-1            | [2026-02-26 13:08:13,693] INFO [RequestSendThread controllerId=1] Starting (kafka.controller.RequestSendThread)
kafka-1            | [2026-02-26 13:08:13,711] INFO [Controller id=1] Currently active brokers in the cluster: Set(1) (kafka.controller.KafkaController)
