product-service-1  | Executing (default): SELECT pk.constraint_type as "Constraint",c.column_name as "Field", c.column_default as "Default",c.is_nullable as "Null", (CASE WHEN c.udt_name = 'hstore' THEN c.udt_name ELSE c.data_type END) || (CASE WHEN c.character_maximum_length IS NOT NULL THEN '(' || c.character_maximum_length || ')' ELSE '' END) as "Type", (SELECT array_agg(e.enumlabel) FROM pg_catalog.pg_type t JOIN pg_catalog.pg_enum e ON t.oid=e.enumtypid WHERE t.typname=c.udt_name) AS "special", (SELECT pgd.description FROM pg_catalog.pg_statio_all_tables AS st INNER JOIN pg_catalog.pg_description pgd on (pgd.objoid=st.relid) WHERE c.ordinal_position=pgd.objsubid AND c.table_name=st.relname) AS "Comment" FROM information_schema.columns c LEFT JOIN (SELECT tc.table_schema, tc.table_name, cu.column_name, tc.constraint_type FROM information_schema.TABLE_CONSTRAINTS tc JOIN information_schema.KEY_COLUMN_USAGE  cu ON tc.table_schema=cu.table_schema and tc.table_name=cu.table_name and tc.constraint_name=cu.constraint_name and tc.constraint_type='PRIMARY KEY') pk ON pk.table_schema=c.table_schema AND pk.table_name=c.table_name AND pk.column_name=c.column_name WHERE c.table_name = 'Products' AND c.table_schema = 'public'
product-service-1  | Executing (default): SELECT DISTINCT tc.constraint_name as constraint_name, tc.constraint_schema as constraint_schema, tc.constraint_catalog as constraint_catalog, tc.table_name as table_name,tc.table_schema as table_schema,tc.table_catalog as table_catalog,tc.initially_deferred as initially_deferred,tc.is_deferrable as is_deferrable,kcu.column_name as column_name,ccu.table_schema  AS referenced_table_schema,ccu.table_catalog  AS referenced_table_catalog,ccu.table_name  AS referenced_table_name,ccu.column_name AS referenced_column_name FROM information_schema.table_constraints AS tc JOIN information_schema.key_column_usage AS kcu ON tc.constraint_name = kcu.constraint_name JOIN information_schema.constraint_column_usage AS ccu ON ccu.constraint_name = tc.constraint_name WHERE constraint_type = 'FOREIGN KEY' AND tc.table_name = 'Products' AND tc.table_catalog = 'products_db'
product-service-1  | Executing (default): ALTER TABLE "Products" ALTER COLUMN "name" SET NOT NULL;ALTER TABLE "Products" ALTER COLUMN "name" DROP DEFAULT;ALTER TABLE "Products" ALTER COLUMN "name" TYPE VARCHAR(255);
product-service-1  | Executing (default): ALTER TABLE "Products" ALTER COLUMN "stock" DROP NOT NULL;ALTER TABLE "Products" ALTER COLUMN "stock" SET DEFAULT 0;ALTER TABLE "Products" ALTER COLUMN "stock" TYPE INTEGER;
order-service-1    | {"level":"info","message":"::ffff:173.194.208.207 - - [25/Feb/2026:17:54:41 +0000] \"GET /orders/user/1 HTTP/1.1\" 404 152 \"http://localhost:3000/\" \"Mozilla/5.0 (Macintosh; Intel Mac OS X 10.15; rv:147.0) Gecko/20100101 Firefox/147.0\"","timestamp":"2026-02-25T17:54:41.935Z"}
order-service-1    | {"level":"info","message":"::ffff:173.194.208.207 - - [25/Feb/2026:17:54:41 +0000] \"GET /orders/user/1 HTTP/1.1\" 404 152 \"http://localhost:3000/\" \"Mozilla/5.0 (Macintosh; Intel Mac OS X 10.15; rv:147.0) Gecko/20100101 Firefox/147.0\"","timestamp":"2026-02-25T17:54:41.937Z"}
order-service-1    | {"level":"info","message":"::ffff:173.194.208.207 - - [25/Feb/2026:17:54:41 +0000] \"GET /orders/user/1 HTTP/1.1\" 404 152 \"http://localhost:3000/\" \"Mozilla/5.0 (Macintosh; Intel Mac OS X 10.15; rv:147.0) Gecko/20100101 Firefox/147.0\"","timestamp":"2026-02-25T17:54:41.939Z"}
order-service-1    | {"level":"info","message":"::ffff:173.194.208.207 - - [25/Feb/2026:17:54:41 +0000] \"GET /orders/user/1 HTTP/1.1\" 404 152 \"http://localhost:3000/\" \"Mozilla/5.0 (Macintosh; Intel Mac OS X 10.15; rv:147.0) Gecko/20100101 Firefox/147.0\"","timestamp":"2026-02-25T17:54:41.940Z"}
order-service-1    | {"level":"info","message":"::ffff:173.194.208.207 - - [25/Feb/2026:17:54:41 +0000] \"GET /orders/user/1 HTTP/1.1\" 404 152 \"http://localhost:3000/\" \"Mozilla/5.0 (Macintosh; Intel Mac OS X 10.15; rv:147.0) Gecko/20100101 Firefox/147.0\"","timestamp":"2026-02-25T17:54:41.942Z"}
kafka-1            | [2026-02-25 17:52:36,779] INFO Completed load of Log(dir=/var/lib/kafka/data/__consumer_offsets-16, topicId=USk2zQtOQn2EIUCQlRaD9g, topic=__consumer_offsets, partition=16, highWatermark=0, lastStableOffset=0, logStartOffset=0, logEndOffset=0) with 1 segments in 10ms (22/51 loaded in /var/lib/kafka/data) (kafka.log.LogManager)
kafka-1            | [2026-02-25 17:52:36,787] INFO [LogLoader partition=__consumer_offsets-26, dir=/var/lib/kafka/data] Loading producer state till offset 0 with message format version 2 (kafka.log.Log$)
grafana-1          | logger=migrator t=2026-02-25T17:51:41.15023013Z level=info msg="Executing migration" id="copy login_attempt v1 to v2"
grafana-1          | logger=migrator t=2026-02-25T17:51:41.150535588Z level=info msg="Migration successfully executed" id="copy login_attempt v1 to v2" duration=306.666Âµs
grafana-1          | logger=migrator t=2026-02-25T17:51:41.154637255Z level=info msg="Executing migration" id="drop login_attempt_tmp_qwerty"
grafana-1          | logger=migrator t=2026-02-25T17:51:41.155259213Z level=info msg="Migration successfully executed" id="drop login_attempt_tmp_qwerty" duration=622.875Âµs
grafana-1          | logger=migrator t=2026-02-25T17:51:41.157831797Z level=info msg="Executing migration" id="increase login_attempt.ip_address column length for IPv6 support"
grafana-1          | logger=migrator t=2026-02-25T17:51:41.157848713Z level=info msg="Migration successfully executed" id="increase login_attempt.ip_address column length for IPv6 support" duration=18.416Âµs
grafana-1          | logger=migrator t=2026-02-25T17:51:41.160733172Z level=info msg="Executing migration" id="alter table login_attempt alter column created type to bigint"
grafana-1          | logger=migrator t=2026-02-25T17:51:41.160753963Z level=info msg="Migration successfully executed" id="alter table login_attempt alter column created type to bigint" duration=68.416Âµs
grafana-1          | logger=migrator t=2026-02-25T17:51:41.164004755Z level=info msg="Executing migration" id="create user auth table"
grafana-1          | logger=migrator t=2026-02-25T17:51:41.164566505Z level=info msg="Migration successfully executed" id="create user auth table" duration=562.25Âµs
grafana-1          | logger=migrator t=2026-02-25T17:51:41.166959588Z level=info msg="Executing migration" id="create index IDX_user_auth_auth_module_auth_id - v1"
grafana-1          | logger=migrator t=2026-02-25T17:51:41.168109797Z level=info msg="Migration successfully executed" id="create index IDX_user_auth_auth_module_auth_id - v1" duration=1.150291ms
product-service-1  | Executing (default): ALTER TABLE "Products" ALTER COLUMN "reservedStock" DROP NOT NULL;ALTER TABLE "Products" ALTER COLUMN "reservedStock" SET DEFAULT 0;ALTER TABLE "Products" ALTER COLUMN "reservedStock" TYPE INTEGER;
product-service-1  | Executing (default): ALTER TABLE "Products" ALTER COLUMN "version" DROP NOT NULL;ALTER TABLE "Products" ALTER COLUMN "version" SET DEFAULT 1;ALTER TABLE "Products" ALTER COLUMN "version" TYPE INTEGER;
product-service-1  | Executing (default): ALTER TABLE "Products" ALTER COLUMN "createdAt" SET NOT NULL;ALTER TABLE "Products" ALTER COLUMN "createdAt" DROP DEFAULT;ALTER TABLE "Products" ALTER COLUMN "createdAt" TYPE TIMESTAMP WITH TIME ZONE;
product-service-1  | Executing (default): ALTER TABLE "Products" ALTER COLUMN "updatedAt" SET NOT NULL;ALTER TABLE "Products" ALTER COLUMN "updatedAt" DROP DEFAULT;ALTER TABLE "Products" ALTER COLUMN "updatedAt" TYPE TIMESTAMP WITH TIME ZONE;
product-service-1  | Executing (default): SELECT i.relname AS name, ix.indisprimary AS primary, ix.indisunique AS unique, ix.indkey AS indkey, array_agg(a.attnum) as column_indexes, array_agg(a.attname) AS column_names, pg_get_indexdef(ix.indexrelid) AS definition FROM pg_class t, pg_class i, pg_index ix, pg_attribute a WHERE t.oid = ix.indrelid AND i.oid = ix.indexrelid AND a.attrelid = t.oid AND t.relkind = 'r' and t.relname = 'Products' GROUP BY i.relname, ix.indexrelid, ix.indisprimary, ix.indisunique, ix.indkey ORDER BY i.relname;
order-service-1    | {"level":"info","message":"::ffff:173.194.208.207 - - [25/Feb/2026:17:54:41 +0000] \"GET /orders/user/1 HTTP/1.1\" 404 152 \"http://localhost:3000/\" \"Mozilla/5.0 (Macintosh; Intel Mac OS X 10.15; rv:147.0) Gecko/20100101 Firefox/147.0\"","timestamp":"2026-02-25T17:54:41.944Z"}
order-service-1    | {"level":"info","message":"::ffff:173.194.208.207 - - [25/Feb/2026:17:54:41 +0000] \"GET /orders/user/1 HTTP/1.1\" 404 152 \"http://localhost:3000/\" \"Mozilla/5.0 (Macintosh; Intel Mac OS X 10.15; rv:147.0) Gecko/20100101 Firefox/147.0\"","timestamp":"2026-02-25T17:54:41.946Z"}
kafka-1            | [2026-02-25 17:52:36,793] INFO Completed load of Log(dir=/var/lib/kafka/data/__consumer_offsets-26, topicId=USk2zQtOQn2EIUCQlRaD9g, topic=__consumer_offsets, partition=26, highWatermark=0, lastStableOffset=0, logStartOffset=0, logEndOffset=0) with 1 segments in 13ms (23/51 loaded in /var/lib/kafka/data) (kafka.log.LogManager)
kafka-1            | [2026-02-25 17:52:36,798] INFO [LogLoader partition=__consumer_offsets-17, dir=/var/lib/kafka/data] Loading producer state till offset 0 with message format version 2 (kafka.log.Log$)
kafka-1            | [2026-02-25 17:52:36,802] INFO Completed load of Log(dir=/var/lib/kafka/data/__consumer_offsets-17, topicId=USk2zQtOQn2EIUCQlRaD9g, topic=__consumer_offsets, partition=17, highWatermark=0, lastStableOffset=0, logStartOffset=0, logEndOffset=0) with 1 segments in 9ms (24/51 loaded in /var/lib/kafka/data) (kafka.log.LogManager)
grafana-1          | logger=migrator t=2026-02-25T17:51:41.170702838Z level=info msg="Executing migration" id="alter user_auth.auth_id to length 190"
grafana-1          | logger=migrator t=2026-02-25T17:51:41.170720922Z level=info msg="Migration successfully executed" id="alter user_auth.auth_id to length 190" duration=19.5Âµs
grafana-1          | logger=migrator t=2026-02-25T17:51:41.173566338Z level=info msg="Executing migration" id="Add OAuth access token to user_auth"
grafana-1          | logger=migrator t=2026-02-25T17:51:41.176842255Z level=info msg="Migration successfully executed" id="Add OAuth access token to user_auth" duration=3.274458ms
product-service-1  | Executing (default): SELECT table_name FROM information_schema.tables WHERE table_schema = 'public' AND table_name = 'StockReservations'
product-service-1  | Executing (default): SELECT t.typname enum_name, array_agg(e.enumlabel ORDER BY enumsortorder) enum_value FROM pg_type t JOIN pg_enum e ON t.oid = e.enumtypid JOIN pg_catalog.pg_namespace n ON n.oid = t.typnamespace WHERE n.nspname = 'public' AND t.typname='enum_StockReservations_status' GROUP BY 1
kafka-1            | [2026-02-25 17:52:36,810] INFO [LogLoader partition=__consumer_offsets-47, dir=/var/lib/kafka/data] Loading producer state till offset 0 with message format version 2 (kafka.log.Log$)
kafka-1            | [2026-02-25 17:52:36,817] INFO Completed load of Log(dir=/var/lib/kafka/data/__consumer_offsets-47, topicId=USk2zQtOQn2EIUCQlRaD9g, topic=__consumer_offsets, partition=47, highWatermark=0, lastStableOffset=0, logStartOffset=0, logEndOffset=0) with 1 segments in 14ms (25/51 loaded in /var/lib/kafka/data) (kafka.log.LogManager)
kafka-1            | [2026-02-25 17:52:36,826] INFO [LogLoader partition=__consumer_offsets-21, dir=/var/lib/kafka/data] Loading producer state till offset 0 with message format version 2 (kafka.log.Log$)
kafka-1            | [2026-02-25 17:52:36,829] INFO Completed load of Log(dir=/var/lib/kafka/data/__consumer_offsets-21, topicId=USk2zQtOQn2EIUCQlRaD9g, topic=__consumer_offsets, partition=21, highWatermark=0, lastStableOffset=0, logStartOffset=0, logEndOffset=0) with 1 segments in 12ms (26/51 loaded in /var/lib/kafka/data) (kafka.log.LogManager)
kafka-1            | [2026-02-25 17:52:36,835] INFO [LogLoader partition=__consumer_offsets-18, dir=/var/lib/kafka/data] Loading producer state till offset 0 with message format version 2 (kafka.log.Log$)
kafka-1            | [2026-02-25 17:52:36,839] INFO Completed load of Log(dir=/var/lib/kafka/data/__consumer_offsets-18, topicId=USk2zQtOQn2EIUCQlRaD9g, topic=__consumer_offsets, partition=18, highWatermark=0, lastStableOffset=0, logStartOffset=0, logEndOffset=0) with 1 segments in 10ms (27/51 loaded in /var/lib/kafka/data) (kafka.log.LogManager)
kafka-1            | [2026-02-25 17:52:36,845] INFO [LogLoader partition=__consumer_offsets-14, dir=/var/lib/kafka/data] Loading producer state till offset 0 with message format version 2 (kafka.log.Log$)
kafka-1            | [2026-02-25 17:52:36,848] INFO Completed load of Log(dir=/var/lib/kafka/data/__consumer_offsets-14, topicId=USk2zQtOQn2EIUCQlRaD9g, topic=__consumer_offsets, partition=14, highWatermark=0, lastStableOffset=0, logStartOffset=0, logEndOffset=0) with 1 segments in 8ms (28/51 loaded in /var/lib/kafka/data) (kafka.log.LogManager)
kafka-1            | [2026-02-25 17:52:36,854] INFO [LogLoader partition=__consumer_offsets-41, dir=/var/lib/kafka/data] Loading producer state till offset 0 with message format version 2 (kafka.log.Log$)
kafka-1            | [2026-02-25 17:52:36,861] INFO Completed load of Log(dir=/var/lib/kafka/data/__consumer_offsets-41, topicId=USk2zQtOQn2EIUCQlRaD9g, topic=__consumer_offsets, partition=41, highWatermark=0, lastStableOffset=0, logStartOffset=0, logEndOffset=0) with 1 segments in 13ms (29/51 loaded in /var/lib/kafka/data) (kafka.log.LogManager)
kafka-1            | [2026-02-25 17:52:36,867] INFO [LogLoader partition=__consumer_offsets-20, dir=/var/lib/kafka/data] Loading producer state till offset 0 with message format version 2 (kafka.log.Log$)
kafka-1            | [2026-02-25 17:52:36,869] INFO Completed load of Log(dir=/var/lib/kafka/data/__consumer_offsets-20, topicId=USk2zQtOQn2EIUCQlRaD9g, topic=__consumer_offsets, partition=20, highWatermark=0, lastStableOffset=0, logStartOffset=0, logEndOffset=0) with 1 segments in 8ms (30/51 loaded in /var/lib/kafka/data) (kafka.log.LogManager)
product-service-1  | Executing (default): SELECT pk.constraint_type as "Constraint",c.column_name as "Field", c.column_default as "Default",c.is_nullable as "Null", (CASE WHEN c.udt_name = 'hstore' THEN c.udt_name ELSE c.data_type END) || (CASE WHEN c.character_maximum_length IS NOT NULL THEN '(' || c.character_maximum_length || ')' ELSE '' END) as "Type", (SELECT array_agg(e.enumlabel) FROM pg_catalog.pg_type t JOIN pg_catalog.pg_enum e ON t.oid=e.enumtypid WHERE t.typname=c.udt_name) AS "special", (SELECT pgd.description FROM pg_catalog.pg_statio_all_tables AS st INNER JOIN pg_catalog.pg_description pgd on (pgd.objoid=st.relid) WHERE c.ordinal_position=pgd.objsubid AND c.table_name=st.relname) AS "Comment" FROM information_schema.columns c LEFT JOIN (SELECT tc.table_schema, tc.table_name, cu.column_name, tc.constraint_type FROM information_schema.TABLE_CONSTRAINTS tc JOIN information_schema.KEY_COLUMN_USAGE  cu ON tc.table_schema=cu.table_schema and tc.table_name=cu.table_name and tc.constraint_name=cu.constraint_name and tc.constraint_type='PRIMARY KEY') pk ON pk.table_schema=c.table_schema AND pk.table_name=c.table_name AND pk.column_name=c.column_name WHERE c.table_name = 'StockReservations' AND c.table_schema = 'public'
product-service-1  | Executing (default): SELECT DISTINCT tc.constraint_name as constraint_name, tc.constraint_schema as constraint_schema, tc.constraint_catalog as constraint_catalog, tc.table_name as table_name,tc.table_schema as table_schema,tc.table_catalog as table_catalog,tc.initially_deferred as initially_deferred,tc.is_deferrable as is_deferrable,kcu.column_name as column_name,ccu.table_schema  AS referenced_table_schema,ccu.table_catalog  AS referenced_table_catalog,ccu.table_name  AS referenced_table_name,ccu.column_name AS referenced_column_name FROM information_schema.table_constraints AS tc JOIN information_schema.key_column_usage AS kcu ON tc.constraint_name = kcu.constraint_name JOIN information_schema.constraint_column_usage AS ccu ON ccu.constraint_name = tc.constraint_name WHERE constraint_type = 'FOREIGN KEY' AND tc.table_name = 'StockReservations' AND tc.table_catalog = 'products_db'
product-service-1  | Executing (default): ALTER TABLE "StockReservations" ALTER COLUMN "orderId" SET NOT NULL;ALTER TABLE "StockReservations" ALTER COLUMN "orderId" DROP DEFAULT;ALTER TABLE "StockReservations"  ADD UNIQUE ("orderId");ALTER TABLE "StockReservations" ALTER COLUMN "orderId" TYPE INTEGER  ;
product-service-1  | Executing (default): ALTER TABLE "StockReservations" ALTER COLUMN "productId" SET NOT NULL;ALTER TABLE "StockReservations" ALTER COLUMN "productId" DROP DEFAULT;ALTER TABLE "StockReservations" ALTER COLUMN "productId" TYPE INTEGER;
product-service-1  | Executing (default): ALTER TABLE "StockReservations" ALTER COLUMN "quantity" SET NOT NULL;ALTER TABLE "StockReservations" ALTER COLUMN "quantity" DROP DEFAULT;ALTER TABLE "StockReservations" ALTER COLUMN "quantity" TYPE INTEGER;
product-service-1  | Executing (default): ALTER TABLE "StockReservations" ALTER COLUMN "status" DROP NOT NULL;ALTER TABLE "StockReservations" ALTER COLUMN "status" SET DEFAULT 'RESERVED';DO 'BEGIN CREATE TYPE "public"."enum_StockReservations_status" AS ENUM(''RESERVED'', ''CONFIRMED'', ''RELEASED''); EXCEPTION WHEN duplicate_object THEN null; END';ALTER TABLE "StockReservations" ALTER COLUMN "status" TYPE "public"."enum_StockReservations_status" USING ("status"::"public"."enum_StockReservations_status");
product-service-1  | Executing (default): ALTER TABLE "StockReservations" ALTER COLUMN "expiresAt" SET NOT NULL;ALTER TABLE "StockReservations" ALTER COLUMN "expiresAt" DROP DEFAULT;ALTER TABLE "StockReservations" ALTER COLUMN "expiresAt" TYPE TIMESTAMP WITH TIME ZONE;
product-service-1  | Executing (default): ALTER TABLE "StockReservations" ALTER COLUMN "createdAt" SET NOT NULL;ALTER TABLE "StockReservations" ALTER COLUMN "createdAt" DROP DEFAULT;ALTER TABLE "StockReservations" ALTER COLUMN "createdAt" TYPE TIMESTAMP WITH TIME ZONE;
product-service-1  | Executing (default): ALTER TABLE "StockReservations" ALTER COLUMN "updatedAt" SET NOT NULL;ALTER TABLE "StockReservations" ALTER COLUMN "updatedAt" DROP DEFAULT;ALTER TABLE "StockReservations" ALTER COLUMN "updatedAt" TYPE TIMESTAMP WITH TIME ZONE;
product-service-1  | Executing (default): ALTER TABLE "StockReservations" DROP CONSTRAINT "StockReservations_ProductId_fkey"
order-service-1    | {"level":"info","message":"::ffff:173.194.208.207 - - [25/Feb/2026:17:54:41 +0000] \"GET /orders/user/1 HTTP/1.1\" 404 152 \"http://localhost:3000/\" \"Mozilla/5.0 (Macintosh; Intel Mac OS X 10.15; rv:147.0) Gecko/20100101 Firefox/147.0\"","timestamp":"2026-02-25T17:54:41.948Z"}
order-service-1    | {"level":"info","message":"::ffff:173.194.208.207 - - [25/Feb/2026:17:54:41 +0000] \"GET /orders/user/1 HTTP/1.1\" 404 152 \"http://localhost:3000/\" \"Mozilla/5.0 (Macintosh; Intel Mac OS X 10.15; rv:147.0) Gecko/20100101 Firefox/147.0\"","timestamp":"2026-02-25T17:54:41.949Z"}
order-service-1    | {"level":"info","message":"::ffff:173.194.208.207 - - [25/Feb/2026:17:54:41 +0000] \"GET /orders/user/1 HTTP/1.1\" 404 152 \"http://localhost:3000/\" \"Mozilla/5.0 (Macintosh; Intel Mac OS X 10.15; rv:147.0) Gecko/20100101 Firefox/147.0\"","timestamp":"2026-02-25T17:54:41.951Z"}
order-service-1    | {"level":"info","message":"::ffff:173.194.208.207 - - [25/Feb/2026:17:54:41 +0000] \"GET /orders/user/1 HTTP/1.1\" 404 152 \"http://localhost:3000/\" \"Mozilla/5.0 (Macintosh; Intel Mac OS X 10.15; rv:147.0) Gecko/20100101 Firefox/147.0\"","timestamp":"2026-02-25T17:54:41.953Z"}
order-service-1    | {"level":"info","message":"::ffff:173.194.208.207 - - [25/Feb/2026:17:54:41 +0000] \"GET /orders/user/1 HTTP/1.1\" 404 152 \"http://localhost:3000/\" \"Mozilla/5.0 (Macintosh; Intel Mac OS X 10.15; rv:147.0) Gecko/20100101 Firefox/147.0\"","timestamp":"2026-02-25T17:54:41.954Z"}
order-service-1    | {"level":"info","message":"::ffff:173.194.208.207 - - [25/Feb/2026:17:54:41 +0000] \"GET /orders/user/1 HTTP/1.1\" 404 152 \"http://localhost:3000/\" \"Mozilla/5.0 (Macintosh; Intel Mac OS X 10.15; rv:147.0) Gecko/20100101 Firefox/147.0\"","timestamp":"2026-02-25T17:54:41.956Z"}
order-service-1    | {"level":"info","message":"::ffff:173.194.208.207 - - [25/Feb/2026:17:54:41 +0000] \"GET /orders/user/1 HTTP/1.1\" 404 152 \"http://localhost:3000/\" \"Mozilla/5.0 (Macintosh; Intel Mac OS X 10.15; rv:147.0) Gecko/20100101 Firefox/147.0\"","timestamp":"2026-02-25T17:54:41.958Z"}
order-service-1    | {"level":"info","message":"::ffff:173.194.208.207 - - [25/Feb/2026:17:54:41 +0000] \"GET /orders/user/1 HTTP/1.1\" 404 152 \"http://localhost:3000/\" \"Mozilla/5.0 (Macintosh; Intel Mac OS X 10.15; rv:147.0) Gecko/20100101 Firefox/147.0\"","timestamp":"2026-02-25T17:54:41.959Z"}
order-service-1    | {"level":"info","message":"::ffff:173.194.208.207 - - [25/Feb/2026:17:54:41 +0000] \"GET /orders/user/1 HTTP/1.1\" 404 152 \"http://localhost:3000/\" \"Mozilla/5.0 (Macintosh; Intel Mac OS X 10.15; rv:147.0) Gecko/20100101 Firefox/147.0\"","timestamp":"2026-02-25T17:54:41.961Z"}
grafana-1          | logger=migrator t=2026-02-25T17:51:41.17928613Z level=info msg="Executing migration" id="Add OAuth refresh token to user_auth"
grafana-1          | logger=migrator t=2026-02-25T17:51:41.182389922Z level=info msg="Migration successfully executed" id="Add OAuth refresh token to user_auth" duration=3.102667ms
grafana-1          | logger=migrator t=2026-02-25T17:51:41.18472663Z level=info msg="Executing migration" id="Add OAuth token type to user_auth"
product-service-1  | Executing (default): ALTER TABLE "StockReservations"  ADD FOREIGN KEY ("ProductId") REFERENCES "Products" ("id") ON DELETE SET NULL ON UPDATE CASCADE;
product-service-1  | Executing (default): SELECT i.relname AS name, ix.indisprimary AS primary, ix.indisunique AS unique, ix.indkey AS indkey, array_agg(a.attnum) as column_indexes, array_agg(a.attname) AS column_names, pg_get_indexdef(ix.indexrelid) AS definition FROM pg_class t, pg_class i, pg_index ix, pg_attribute a WHERE t.oid = ix.indrelid AND i.oid = ix.indexrelid AND a.attrelid = t.oid AND t.relkind = 'r' and t.relname = 'StockReservations' GROUP BY i.relname, ix.indexrelid, ix.indisprimary, ix.indisunique, ix.indkey ORDER BY i.relname;
product-service-1  | Executing (default): SELECT table_name FROM information_schema.tables WHERE table_schema = 'public' AND table_name = 'ProcessedEvents'
grafana-1          | logger=migrator t=2026-02-25T17:51:41.188254713Z level=info msg="Migration successfully executed" id="Add OAuth token type to user_auth" duration=3.526125ms
grafana-1          | logger=migrator t=2026-02-25T17:51:41.190377422Z level=info msg="Executing migration" id="Add OAuth expiry to user_auth"
product-service-1  | Executing (default): SELECT pk.constraint_type as "Constraint",c.column_name as "Field", c.column_default as "Default",c.is_nullable as "Null", (CASE WHEN c.udt_name = 'hstore' THEN c.udt_name ELSE c.data_type END) || (CASE WHEN c.character_maximum_length IS NOT NULL THEN '(' || c.character_maximum_length || ')' ELSE '' END) as "Type", (SELECT array_agg(e.enumlabel) FROM pg_catalog.pg_type t JOIN pg_catalog.pg_enum e ON t.oid=e.enumtypid WHERE t.typname=c.udt_name) AS "special", (SELECT pgd.description FROM pg_catalog.pg_statio_all_tables AS st INNER JOIN pg_catalog.pg_description pgd on (pgd.objoid=st.relid) WHERE c.ordinal_position=pgd.objsubid AND c.table_name=st.relname) AS "Comment" FROM information_schema.columns c LEFT JOIN (SELECT tc.table_schema, tc.table_name, cu.column_name, tc.constraint_type FROM information_schema.TABLE_CONSTRAINTS tc JOIN information_schema.KEY_COLUMN_USAGE  cu ON tc.table_schema=cu.table_schema and tc.table_name=cu.table_name and tc.constraint_name=cu.constraint_name and tc.constraint_type='PRIMARY KEY') pk ON pk.table_schema=c.table_schema AND pk.table_name=c.table_name AND pk.column_name=c.column_name WHERE c.table_name = 'ProcessedEvents' AND c.table_schema = 'public'
product-service-1  | Executing (default): SELECT DISTINCT tc.constraint_name as constraint_name, tc.constraint_schema as constraint_schema, tc.constraint_catalog as constraint_catalog, tc.table_name as table_name,tc.table_schema as table_schema,tc.table_catalog as table_catalog,tc.initially_deferred as initially_deferred,tc.is_deferrable as is_deferrable,kcu.column_name as column_name,ccu.table_schema  AS referenced_table_schema,ccu.table_catalog  AS referenced_table_catalog,ccu.table_name  AS referenced_table_name,ccu.column_name AS referenced_column_name FROM information_schema.table_constraints AS tc JOIN information_schema.key_column_usage AS kcu ON tc.constraint_name = kcu.constraint_name JOIN information_schema.constraint_column_usage AS ccu ON ccu.constraint_name = tc.constraint_name WHERE constraint_type = 'FOREIGN KEY' AND tc.table_name = 'ProcessedEvents' AND tc.table_catalog = 'products_db'
product-service-1  | Executing (default): ALTER TABLE "ProcessedEvents" ALTER COLUMN "eventType" SET NOT NULL;ALTER TABLE "ProcessedEvents" ALTER COLUMN "eventType" DROP DEFAULT;ALTER TABLE "ProcessedEvents" ALTER COLUMN "eventType" TYPE VARCHAR(255);
product-service-1  | Executing (default): ALTER TABLE "ProcessedEvents" ALTER COLUMN "processedAt" SET NOT NULL;ALTER TABLE "ProcessedEvents" ALTER COLUMN "processedAt" DROP DEFAULT;ALTER TABLE "ProcessedEvents" ALTER COLUMN "processedAt" TYPE TIMESTAMP WITH TIME ZONE;
product-service-1  | Executing (default): ALTER TABLE "ProcessedEvents" ALTER COLUMN "createdAt" SET NOT NULL;ALTER TABLE "ProcessedEvents" ALTER COLUMN "createdAt" DROP DEFAULT;ALTER TABLE "ProcessedEvents" ALTER COLUMN "createdAt" TYPE TIMESTAMP WITH TIME ZONE;
product-service-1  | Executing (default): ALTER TABLE "ProcessedEvents" ALTER COLUMN "updatedAt" SET NOT NULL;ALTER TABLE "ProcessedEvents" ALTER COLUMN "updatedAt" DROP DEFAULT;ALTER TABLE "ProcessedEvents" ALTER COLUMN "updatedAt" TYPE TIMESTAMP WITH TIME ZONE;
grafana-1          | logger=migrator t=2026-02-25T17:51:41.193666755Z level=info msg="Migration successfully executed" id="Add OAuth expiry to user_auth" duration=3.288583ms
grafana-1          | logger=migrator t=2026-02-25T17:51:41.195860713Z level=info msg="Executing migration" id="Add index to user_id column in user_auth"
grafana-1          | logger=migrator t=2026-02-25T17:51:41.197137297Z level=info msg="Migration successfully executed" id="Add index to user_id column in user_auth" duration=1.276666ms
grafana-1          | logger=migrator t=2026-02-25T17:51:41.199282047Z level=info msg="Executing migration" id="Add OAuth ID token to user_auth"
grafana-1          | logger=migrator t=2026-02-25T17:51:41.202388005Z level=info msg="Migration successfully executed" id="Add OAuth ID token to user_auth" duration=3.105333ms
grafana-1          | logger=migrator t=2026-02-25T17:51:41.205170255Z level=info msg="Executing migration" id="Add user_unique_id to user_auth"
grafana-1          | logger=migrator t=2026-02-25T17:51:41.209941047Z level=info msg="Migration successfully executed" id="Add user_unique_id to user_auth" duration=4.769666ms
order-service-1    | {"level":"info","message":"::ffff:173.194.208.207 - - [25/Feb/2026:17:54:41 +0000] \"GET /orders/user/1 HTTP/1.1\" 404 152 \"http://localhost:3000/\" \"Mozilla/5.0 (Macintosh; Intel Mac OS X 10.15; rv:147.0) Gecko/20100101 Firefox/147.0\"","timestamp":"2026-02-25T17:54:41.963Z"}
order-service-1    | {"level":"info","message":"::ffff:173.194.208.207 - - [25/Feb/2026:17:54:41 +0000] \"GET /orders/user/1 HTTP/1.1\" 404 152 \"http://localhost:3000/\" \"Mozilla/5.0 (Macintosh; Intel Mac OS X 10.15; rv:147.0) Gecko/20100101 Firefox/147.0\"","timestamp":"2026-02-25T17:54:41.964Z"}
order-service-1    | {"level":"info","message":"::ffff:173.194.208.207 - - [25/Feb/2026:17:54:41 +0000] \"GET /orders/user/1 HTTP/1.1\" 404 152 \"http://localhost:3000/\" \"Mozilla/5.0 (Macintosh; Intel Mac OS X 10.15; rv:147.0) Gecko/20100101 Firefox/147.0\"","timestamp":"2026-02-25T17:54:41.967Z"}
grafana-1          | logger=migrator t=2026-02-25T17:51:41.212637672Z level=info msg="Executing migration" id="create server_lock table"
grafana-1          | logger=migrator t=2026-02-25T17:51:41.213255713Z level=info msg="Migration successfully executed" id="create server_lock table" duration=618.917Âµs
grafana-1          | logger=migrator t=2026-02-25T17:51:41.217158172Z level=info msg="Executing migration" id="add index server_lock.operation_uid"
order-service-1    | {"level":"info","message":"::ffff:173.194.208.207 - - [25/Feb/2026:17:54:41 +0000] \"GET /orders/user/1 HTTP/1.1\" 404 152 \"http://localhost:3000/\" \"Mozilla/5.0 (Macintosh; Intel Mac OS X 10.15; rv:147.0) Gecko/20100101 Firefox/147.0\"","timestamp":"2026-02-25T17:54:41.970Z"}
order-service-1    | {"level":"info","message":"::ffff:173.194.208.207 - - [25/Feb/2026:17:54:41 +0000] \"GET /orders/user/1 HTTP/1.1\" 404 152 \"http://localhost:3000/\" \"Mozilla/5.0 (Macintosh; Intel Mac OS X 10.15; rv:147.0) Gecko/20100101 Firefox/147.0\"","timestamp":"2026-02-25T17:54:41.971Z"}
product-service-1  | Executing (default): SELECT i.relname AS name, ix.indisprimary AS primary, ix.indisunique AS unique, ix.indkey AS indkey, array_agg(a.attnum) as column_indexes, array_agg(a.attname) AS column_names, pg_get_indexdef(ix.indexrelid) AS definition FROM pg_class t, pg_class i, pg_index ix, pg_attribute a WHERE t.oid = ix.indrelid AND i.oid = ix.indexrelid AND a.attrelid = t.oid AND t.relkind = 'r' and t.relname = 'ProcessedEvents' GROUP BY i.relname, ix.indexrelid, ix.indisprimary, ix.indisunique, ix.indkey ORDER BY i.relname;
order-service-1    | {"level":"info","message":"::ffff:173.194.208.207 - - [25/Feb/2026:17:54:41 +0000] \"GET /orders/user/1 HTTP/1.1\" 404 152 \"http://localhost:3000/\" \"Mozilla/5.0 (Macintosh; Intel Mac OS X 10.15; rv:147.0) Gecko/20100101 Firefox/147.0\"","timestamp":"2026-02-25T17:54:41.973Z"}
order-service-1    | {"level":"info","message":"::ffff:173.194.208.207 - - [25/Feb/2026:17:54:41 +0000] \"GET /orders/user/1 HTTP/1.1\" 404 152 \"http://localhost:3000/\" \"Mozilla/5.0 (Macintosh; Intel Mac OS X 10.15; rv:147.0) Gecko/20100101 Firefox/147.0\"","timestamp":"2026-02-25T17:54:41.975Z"}
order-service-1    | {"level":"info","message":"::ffff:173.194.208.207 - - [25/Feb/2026:17:54:41 +0000] \"GET /orders/user/1 HTTP/1.1\" 404 152 \"http://localhost:3000/\" \"Mozilla/5.0 (Macintosh; Intel Mac OS X 10.15; rv:147.0) Gecko/20100101 Firefox/147.0\"","timestamp":"2026-02-25T17:54:41.976Z"}
order-service-1    | {"level":"info","message":"::ffff:173.194.208.207 - - [25/Feb/2026:17:54:41 +0000] \"GET /orders/user/1 HTTP/1.1\" 404 152 \"http://localhost:3000/\" \"Mozilla/5.0 (Macintosh; Intel Mac OS X 10.15; rv:147.0) Gecko/20100101 Firefox/147.0\"","timestamp":"2026-02-25T17:54:41.978Z"}
grafana-1          | logger=migrator t=2026-02-25T17:51:41.217952755Z level=info msg="Migration successfully executed" id="add index server_lock.operation_uid" duration=798.875Âµs
grafana-1          | logger=migrator t=2026-02-25T17:51:41.221334172Z level=info msg="Executing migration" id="create user auth token table"
grafana-1          | logger=migrator t=2026-02-25T17:51:41.222343963Z level=info msg="Migration successfully executed" id="create user auth token table" duration=1.0075ms
order-service-1    | {"level":"info","message":"::ffff:173.194.208.207 - - [25/Feb/2026:17:54:41 +0000] \"GET /orders/user/1 HTTP/1.1\" 404 152 \"http://localhost:3000/\" \"Mozilla/5.0 (Macintosh; Intel Mac OS X 10.15; rv:147.0) Gecko/20100101 Firefox/147.0\"","timestamp":"2026-02-25T17:54:41.979Z"}
order-service-1    | {"level":"info","message":"::ffff:173.194.208.207 - - [25/Feb/2026:17:54:41 +0000] \"GET /orders/user/1 HTTP/1.1\" 404 152 \"http://localhost:3000/\" \"Mozilla/5.0 (Macintosh; Intel Mac OS X 10.15; rv:147.0) Gecko/20100101 Firefox/147.0\"","timestamp":"2026-02-25T17:54:41.980Z"}
order-service-1    | {"level":"info","message":"::ffff:173.194.208.207 - - [25/Feb/2026:17:54:41 +0000] \"GET /orders/user/1 HTTP/1.1\" 404 152 \"http://localhost:3000/\" \"Mozilla/5.0 (Macintosh; Intel Mac OS X 10.15; rv:147.0) Gecko/20100101 Firefox/147.0\"","timestamp":"2026-02-25T17:54:41.982Z"}
grafana-1          | logger=migrator t=2026-02-25T17:51:41.228254588Z level=info msg="Executing migration" id="add unique index user_auth_token.auth_token"
grafana-1          | logger=migrator t=2026-02-25T17:51:41.231195713Z level=info msg="Migration successfully executed" id="add unique index user_auth_token.auth_token" duration=2.940084ms
grafana-1          | logger=migrator t=2026-02-25T17:51:41.23553763Z level=info msg="Executing migration" id="add unique index user_auth_token.prev_auth_token"
order-service-1    | {"level":"info","message":"::ffff:173.194.208.207 - - [25/Feb/2026:17:54:41 +0000] \"GET /orders/user/1 HTTP/1.1\" 404 152 \"http://localhost:3000/\" \"Mozilla/5.0 (Macintosh; Intel Mac OS X 10.15; rv:147.0) Gecko/20100101 Firefox/147.0\"","timestamp":"2026-02-25T17:54:41.984Z"}
order-service-1    | {"level":"info","message":"::ffff:173.194.208.207 - - [25/Feb/2026:17:54:41 +0000] \"GET /orders/user/1 HTTP/1.1\" 404 152 \"http://localhost:3000/\" \"Mozilla/5.0 (Macintosh; Intel Mac OS X 10.15; rv:147.0) Gecko/20100101 Firefox/147.0\"","timestamp":"2026-02-25T17:54:41.986Z"}
order-service-1    | {"level":"info","message":"::ffff:173.194.208.207 - - [25/Feb/2026:17:54:41 +0000] \"GET /orders/user/1 HTTP/1.1\" 404 152 \"http://localhost:3000/\" \"Mozilla/5.0 (Macintosh; Intel Mac OS X 10.15; rv:147.0) Gecko/20100101 Firefox/147.0\"","timestamp":"2026-02-25T17:54:41.987Z"}
order-service-1    | {"level":"info","message":"::ffff:173.194.208.207 - - [25/Feb/2026:17:54:41 +0000] \"GET /orders/user/1 HTTP/1.1\" 404 152 \"http://localhost:3000/\" \"Mozilla/5.0 (Macintosh; Intel Mac OS X 10.15; rv:147.0) Gecko/20100101 Firefox/147.0\"","timestamp":"2026-02-25T17:54:41.989Z"}
order-service-1    | {"level":"info","message":"::ffff:173.194.208.207 - - [25/Feb/2026:17:54:41 +0000] \"GET /orders/user/1 HTTP/1.1\" 404 152 \"http://localhost:3000/\" \"Mozilla/5.0 (Macintosh; Intel Mac OS X 10.15; rv:147.0) Gecko/20100101 Firefox/147.0\"","timestamp":"2026-02-25T17:54:41.990Z"}
order-service-1    | {"level":"info","message":"::ffff:173.194.208.207 - - [25/Feb/2026:17:54:41 +0000] \"GET /orders/user/1 HTTP/1.1\" 404 152 \"http://localhost:3000/\" \"Mozilla/5.0 (Macintosh; Intel Mac OS X 10.15; rv:147.0) Gecko/20100101 Firefox/147.0\"","timestamp":"2026-02-25T17:54:41.993Z"}
order-service-1    | {"level":"info","message":"::ffff:173.194.208.207 - - [25/Feb/2026:17:54:41 +0000] \"GET /orders/user/1 HTTP/1.1\" 404 152 \"http://localhost:3000/\" \"Mozilla/5.0 (Macintosh; Intel Mac OS X 10.15; rv:147.0) Gecko/20100101 Firefox/147.0\"","timestamp":"2026-02-25T17:54:41.995Z"}
order-service-1    | {"level":"info","message":"::ffff:173.194.208.207 - - [25/Feb/2026:17:54:42 +0000] \"GET /orders/user/1 HTTP/1.1\" 404 152 \"http://localhost:3000/\" \"Mozilla/5.0 (Macintosh; Intel Mac OS X 10.15; rv:147.0) Gecko/20100101 Firefox/147.0\"","timestamp":"2026-02-25T17:54:42.002Z"}
order-service-1    | {"level":"info","message":"::ffff:173.194.208.207 - - [25/Feb/2026:17:54:42 +0000] \"GET /orders/user/1 HTTP/1.1\" 404 152 \"http://localhost:3000/\" \"Mozilla/5.0 (Macintosh; Intel Mac OS X 10.15; rv:147.0) Gecko/20100101 Firefox/147.0\"","timestamp":"2026-02-25T17:54:42.277Z"}
order-service-1    | {"level":"info","message":"::ffff:173.194.208.207 - - [25/Feb/2026:17:54:42 +0000] \"GET /orders/user/1 HTTP/1.1\" 404 152 \"http://localhost:3000/\" \"Mozilla/5.0 (Macintosh; Intel Mac OS X 10.15; rv:147.0) Gecko/20100101 Firefox/147.0\"","timestamp":"2026-02-25T17:54:42.284Z"}
order-service-1    | {"level":"info","message":"::ffff:173.194.208.207 - - [25/Feb/2026:17:54:42 +0000] \"GET /orders/user/1 HTTP/1.1\" 404 152 \"http://localhost:3000/\" \"Mozilla/5.0 (Macintosh; Intel Mac OS X 10.15; rv:147.0) Gecko/20100101 Firefox/147.0\"","timestamp":"2026-02-25T17:54:42.292Z"}
order-service-1    | {"level":"info","message":"::ffff:173.194.208.207 - - [25/Feb/2026:17:54:42 +0000] \"GET /orders/user/1 HTTP/1.1\" 404 152 \"http://localhost:3000/\" \"Mozilla/5.0 (Macintosh; Intel Mac OS X 10.15; rv:147.0) Gecko/20100101 Firefox/147.0\"","timestamp":"2026-02-25T17:54:42.299Z"}
order-service-1    | {"level":"info","message":"::ffff:173.194.208.207 - - [25/Feb/2026:17:54:42 +0000] \"GET /orders/user/1 HTTP/1.1\" 404 152 \"http://localhost:3000/\" \"Mozilla/5.0 (Macintosh; Intel Mac OS X 10.15; rv:147.0) Gecko/20100101 Firefox/147.0\"","timestamp":"2026-02-25T17:54:42.305Z"}
order-service-1    | {"level":"info","message":"::ffff:173.194.208.207 - - [25/Feb/2026:17:54:42 +0000] \"GET /orders/user/1 HTTP/1.1\" 404 152 \"http://localhost:3000/\" \"Mozilla/5.0 (Macintosh; Intel Mac OS X 10.15; rv:147.0) Gecko/20100101 Firefox/147.0\"","timestamp":"2026-02-25T17:54:42.310Z"}
kafka-1            | [2026-02-25 17:52:36,873] INFO [LogLoader partition=__consumer_offsets-34, dir=/var/lib/kafka/data] Loading producer state till offset 0 with message format version 2 (kafka.log.Log$)
kafka-1            | [2026-02-25 17:52:36,880] INFO Completed load of Log(dir=/var/lib/kafka/data/__consumer_offsets-34, topicId=USk2zQtOQn2EIUCQlRaD9g, topic=__consumer_offsets, partition=34, highWatermark=0, lastStableOffset=0, logStartOffset=0, logEndOffset=0) with 1 segments in 11ms (31/51 loaded in /var/lib/kafka/data) (kafka.log.LogManager)
kafka-1            | [2026-02-25 17:52:36,884] INFO [LogLoader partition=__consumer_offsets-10, dir=/var/lib/kafka/data] Loading producer state till offset 0 with message format version 2 (kafka.log.Log$)
kafka-1            | [2026-02-25 17:52:36,887] INFO Completed load of Log(dir=/var/lib/kafka/data/__consumer_offsets-10, topicId=USk2zQtOQn2EIUCQlRaD9g, topic=__consumer_offsets, partition=10, highWatermark=0, lastStableOffset=0, logStartOffset=0, logEndOffset=0) with 1 segments in 6ms (32/51 loaded in /var/lib/kafka/data) (kafka.log.LogManager)
kafka-1            | [2026-02-25 17:52:36,894] INFO [LogLoader partition=__consumer_offsets-48, dir=/var/lib/kafka/data] Loading producer state till offset 0 with message format version 2 (kafka.log.Log$)
kafka-1            | [2026-02-25 17:52:36,899] INFO Completed load of Log(dir=/var/lib/kafka/data/__consumer_offsets-48, topicId=USk2zQtOQn2EIUCQlRaD9g, topic=__consumer_offsets, partition=48, highWatermark=0, lastStableOffset=0, logStartOffset=0, logEndOffset=0) with 1 segments in 12ms (33/51 loaded in /var/lib/kafka/data) (kafka.log.LogManager)
kafka-1            | [2026-02-25 17:52:36,904] INFO [LogLoader partition=__consumer_offsets-36, dir=/var/lib/kafka/data] Loading producer state till offset 0 with message format version 2 (kafka.log.Log$)
kafka-1            | [2026-02-25 17:52:36,906] INFO Completed load of Log(dir=/var/lib/kafka/data/__consumer_offsets-36, topicId=USk2zQtOQn2EIUCQlRaD9g, topic=__consumer_offsets, partition=36, highWatermark=0, lastStableOffset=0, logStartOffset=0, logEndOffset=0) with 1 segments in 7ms (34/51 loaded in /var/lib/kafka/data) (kafka.log.LogManager)
kafka-1            | [2026-02-25 17:52:36,913] INFO [LogLoader partition=__consumer_offsets-31, dir=/var/lib/kafka/data] Loading producer state till offset 0 with message format version 2 (kafka.log.Log$)
kafka-1            | [2026-02-25 17:52:36,916] INFO Completed load of Log(dir=/var/lib/kafka/data/__consumer_offsets-31, topicId=USk2zQtOQn2EIUCQlRaD9g, topic=__consumer_offsets, partition=31, highWatermark=0, lastStableOffset=0, logStartOffset=0, logEndOffset=0) with 1 segments in 11ms (35/51 loaded in /var/lib/kafka/data) (kafka.log.LogManager)
product-service-1  | Database synced
product-service-1  | Kafka producer connected for product-service
product-service-1  | {"level":"INFO","timestamp":"2026-02-25T17:58:38.591Z","logger":"kafkajs","message":"[Consumer] Starting","groupId":"product-group"}
product-service-1  | {"level":"INFO","timestamp":"2026-02-25T17:59:07.302Z","logger":"kafkajs","message":"[ConsumerGroup] Consumer has joined the group","groupId":"product-group","memberId":"kafkajs-4ff0c1f7-ec36-4449-9b77-ca238a4a25b1","leaderId":"kafkajs-4ff0c1f7-ec36-4449-9b77-ca238a4a25b1","isLeader":true,"memberAssignment":{"order-events":[0]},"groupProtocol":"RoundRobinAssigner","duration":28710}
order-service-1    | {"level":"info","message":"::ffff:173.194.208.207 - - [25/Feb/2026:17:54:42 +0000] \"GET /orders/user/1 HTTP/1.1\" 404 152 \"http://localhost:3000/\" \"Mozilla/5.0 (Macintosh; Intel Mac OS X 10.15; rv:147.0) Gecko/20100101 Firefox/147.0\"","timestamp":"2026-02-25T17:54:42.314Z"}
order-service-1    | {"level":"info","message":"::ffff:173.194.208.207 - - [25/Feb/2026:17:54:42 +0000] \"GET /orders/user/1 HTTP/1.1\" 404 152 \"http://localhost:3000/\" \"Mozilla/5.0 (Macintosh; Intel Mac OS X 10.15; rv:147.0) Gecko/20100101 Firefox/147.0\"","timestamp":"2026-02-25T17:54:42.318Z"}
product-service-1  | Attempt 1 to start Kafka client failed, retrying in 1000ms { error: 'Cannot subscribe to topic while consumer is running' }
product-service-1  | Kafka producer connected for product-service
order-service-1    | {"level":"info","message":"::ffff:173.194.208.207 - - [25/Feb/2026:17:54:42 +0000] \"GET /orders/user/1 HTTP/1.1\" 404 152 \"http://localhost:3000/\" \"Mozilla/5.0 (Macintosh; Intel Mac OS X 10.15; rv:147.0) Gecko/20100101 Firefox/147.0\"","timestamp":"2026-02-25T17:54:42.322Z"}
order-service-1    | {"level":"info","message":"::ffff:173.194.208.207 - - [25/Feb/2026:17:54:42 +0000] \"GET /orders/user/1 HTTP/1.1\" 404 152 \"http://localhost:3000/\" \"Mozilla/5.0 (Macintosh; Intel Mac OS X 10.15; rv:147.0) Gecko/20100101 Firefox/147.0\"","timestamp":"2026-02-25T17:54:42.326Z"}
grafana-1          | logger=migrator t=2026-02-25T17:51:41.237168463Z level=info msg="Migration successfully executed" id="add unique index user_auth_token.prev_auth_token" duration=1.631292ms
grafana-1          | logger=migrator t=2026-02-25T17:51:41.240173338Z level=info msg="Executing migration" id="add index user_auth_token.user_id"
grafana-1          | logger=migrator t=2026-02-25T17:51:41.240995255Z level=info msg="Migration successfully executed" id="add index user_auth_token.user_id" duration=822.792Âµs
grafana-1          | logger=migrator t=2026-02-25T17:51:41.243605463Z level=info msg="Executing migration" id="Add revoked_at to the user auth token"
grafana-1          | logger=migrator t=2026-02-25T17:51:41.24810213Z level=info msg="Migration successfully executed" id="Add revoked_at to the user auth token" duration=4.493542ms
kafka-1            | [2026-02-25 17:52:36,923] INFO [LogLoader partition=__consumer_offsets-1, dir=/var/lib/kafka/data] Loading producer state till offset 0 with message format version 2 (kafka.log.Log$)
kafka-1            | [2026-02-25 17:52:36,925] INFO Completed load of Log(dir=/var/lib/kafka/data/__consumer_offsets-1, topicId=USk2zQtOQn2EIUCQlRaD9g, topic=__consumer_offsets, partition=1, highWatermark=0, lastStableOffset=0, logStartOffset=0, logEndOffset=0) with 1 segments in 8ms (36/51 loaded in /var/lib/kafka/data) (kafka.log.LogManager)
kafka-1            | [2026-02-25 17:52:36,930] INFO [LogLoader partition=__consumer_offsets-43, dir=/var/lib/kafka/data] Loading producer state till offset 0 with message format version 2 (kafka.log.Log$)
kafka-1            | [2026-02-25 17:52:36,932] INFO Completed load of Log(dir=/var/lib/kafka/data/__consumer_offsets-43, topicId=USk2zQtOQn2EIUCQlRaD9g, topic=__consumer_offsets, partition=43, highWatermark=0, lastStableOffset=0, logStartOffset=0, logEndOffset=0) with 1 segments in 7ms (37/51 loaded in /var/lib/kafka/data) (kafka.log.LogManager)
kafka-1            | [2026-02-25 17:52:36,937] INFO [LogLoader partition=__consumer_offsets-25, dir=/var/lib/kafka/data] Loading producer state till offset 0 with message format version 2 (kafka.log.Log$)
kafka-1            | [2026-02-25 17:52:36,942] INFO Completed load of Log(dir=/var/lib/kafka/data/__consumer_offsets-25, topicId=USk2zQtOQn2EIUCQlRaD9g, topic=__consumer_offsets, partition=25, highWatermark=0, lastStableOffset=0, logStartOffset=0, logEndOffset=0) with 1 segments in 10ms (38/51 loaded in /var/lib/kafka/data) (kafka.log.LogManager)
kafka-1            | [2026-02-25 17:52:36,949] INFO [LogLoader partition=__consumer_offsets-6, dir=/var/lib/kafka/data] Loading producer state till offset 0 with message format version 2 (kafka.log.Log$)
kafka-1            | [2026-02-25 17:52:36,955] INFO Completed load of Log(dir=/var/lib/kafka/data/__consumer_offsets-6, topicId=USk2zQtOQn2EIUCQlRaD9g, topic=__consumer_offsets, partition=6, highWatermark=0, lastStableOffset=0, logStartOffset=0, logEndOffset=0) with 1 segments in 12ms (39/51 loaded in /var/lib/kafka/data) (kafka.log.LogManager)
kafka-1            | [2026-02-25 17:52:36,959] INFO [LogLoader partition=__consumer_offsets-2, dir=/var/lib/kafka/data] Loading producer state till offset 0 with message format version 2 (kafka.log.Log$)
kafka-1            | [2026-02-25 17:52:36,962] INFO Completed load of Log(dir=/var/lib/kafka/data/__consumer_offsets-2, topicId=USk2zQtOQn2EIUCQlRaD9g, topic=__consumer_offsets, partition=2, highWatermark=0, lastStableOffset=0, logStartOffset=0, logEndOffset=0) with 1 segments in 7ms (40/51 loaded in /var/lib/kafka/data) (kafka.log.LogManager)
kafka-1            | [2026-02-25 17:52:36,970] INFO [LogLoader partition=__consumer_offsets-28, dir=/var/lib/kafka/data] Loading producer state till offset 0 with message format version 2 (kafka.log.Log$)
kafka-1            | [2026-02-25 17:52:36,976] INFO Completed load of Log(dir=/var/lib/kafka/data/__consumer_offsets-28, topicId=USk2zQtOQn2EIUCQlRaD9g, topic=__consumer_offsets, partition=28, highWatermark=0, lastStableOffset=0, logStartOffset=0, logEndOffset=0) with 1 segments in 13ms (41/51 loaded in /var/lib/kafka/data) (kafka.log.LogManager)
kafka-1            | [2026-02-25 17:52:36,983] INFO [LogLoader partition=__consumer_offsets-11, dir=/var/lib/kafka/data] Loading producer state till offset 0 with message format version 2 (kafka.log.Log$)
kafka-1            | [2026-02-25 17:52:36,985] INFO Completed load of Log(dir=/var/lib/kafka/data/__consumer_offsets-11, topicId=USk2zQtOQn2EIUCQlRaD9g, topic=__consumer_offsets, partition=11, highWatermark=0, lastStableOffset=0, logStartOffset=0, logEndOffset=0) with 1 segments in 8ms (42/51 loaded in /var/lib/kafka/data) (kafka.log.LogManager)
kafka-1            | [2026-02-25 17:52:36,991] INFO [LogLoader partition=__consumer_offsets-23, dir=/var/lib/kafka/data] Loading producer state till offset 0 with message format version 2 (kafka.log.Log$)
kafka-1            | [2026-02-25 17:52:36,996] INFO Completed load of Log(dir=/var/lib/kafka/data/__consumer_offsets-23, topicId=USk2zQtOQn2EIUCQlRaD9g, topic=__consumer_offsets, partition=23, highWatermark=0, lastStableOffset=0, logStartOffset=0, logEndOffset=0) with 1 segments in 10ms (43/51 loaded in /var/lib/kafka/data) (kafka.log.LogManager)
kafka-1            | [2026-02-25 17:52:37,001] INFO [LogLoader partition=__consumer_offsets-9, dir=/var/lib/kafka/data] Loading producer state till offset 0 with message format version 2 (kafka.log.Log$)
kafka-1            | [2026-02-25 17:52:37,004] INFO Completed load of Log(dir=/var/lib/kafka/data/__consumer_offsets-9, topicId=USk2zQtOQn2EIUCQlRaD9g, topic=__consumer_offsets, partition=9, highWatermark=0, lastStableOffset=0, logStartOffset=0, logEndOffset=0) with 1 segments in 8ms (44/51 loaded in /var/lib/kafka/data) (kafka.log.LogManager)
kafka-1            | [2026-02-25 17:52:37,007] INFO [LogLoader partition=__consumer_offsets-42, dir=/var/lib/kafka/data] Loading producer state till offset 0 with message format version 2 (kafka.log.Log$)
kafka-1            | [2026-02-25 17:52:37,007] INFO Completed load of Log(dir=/var/lib/kafka/data/__consumer_offsets-42, topicId=USk2zQtOQn2EIUCQlRaD9g, topic=__consumer_offsets, partition=42, highWatermark=0, lastStableOffset=0, logStartOffset=0, logEndOffset=0) with 1 segments in 4ms (45/51 loaded in /var/lib/kafka/data) (kafka.log.LogManager)
kafka-1            | [2026-02-25 17:52:37,010] INFO [LogLoader partition=__consumer_offsets-19, dir=/var/lib/kafka/data] Loading producer state till offset 0 with message format version 2 (kafka.log.Log$)
kafka-1            | [2026-02-25 17:52:37,013] INFO Completed load of Log(dir=/var/lib/kafka/data/__consumer_offsets-19, topicId=USk2zQtOQn2EIUCQlRaD9g, topic=__consumer_offsets, partition=19, highWatermark=0, lastStableOffset=0, logStartOffset=0, logEndOffset=0) with 1 segments in 5ms (46/51 loaded in /var/lib/kafka/data) (kafka.log.LogManager)
order-service-1    | {"level":"info","message":"::ffff:173.194.208.207 - - [25/Feb/2026:17:54:42 +0000] \"GET /orders/user/1 HTTP/1.1\" 404 152 \"http://localhost:3000/\" \"Mozilla/5.0 (Macintosh; Intel Mac OS X 10.15; rv:147.0) Gecko/20100101 Firefox/147.0\"","timestamp":"2026-02-25T17:54:42.330Z"}
order-service-1    | {"level":"info","message":"::ffff:173.194.208.207 - - [25/Feb/2026:17:54:42 +0000] \"GET /orders/user/1 HTTP/1.1\" 404 152 \"http://localhost:3000/\" \"Mozilla/5.0 (Macintosh; Intel Mac OS X 10.15; rv:147.0) Gecko/20100101 Firefox/147.0\"","timestamp":"2026-02-25T17:54:42.333Z"}
order-service-1    | {"level":"info","message":"::ffff:173.194.208.207 - - [25/Feb/2026:17:54:42 +0000] \"GET /orders/user/1 HTTP/1.1\" 404 152 \"http://localhost:3000/\" \"Mozilla/5.0 (Macintosh; Intel Mac OS X 10.15; rv:147.0) Gecko/20100101 Firefox/147.0\"","timestamp":"2026-02-25T17:54:42.337Z"}
