grafana-1          | logger=migrator t=2026-02-25T17:51:41.025026963Z level=info msg="Migration successfully executed" id="Update uid column values in team" duration=151.25Âµs
grafana-1          | logger=migrator t=2026-02-25T17:51:41.032040005Z level=info msg="Executing migration" id="Add unique index team_org_id_uid"
grafana-1          | logger=migrator t=2026-02-25T17:51:41.032835172Z level=info msg="Migration successfully executed" id="Add unique index team_org_id_uid" duration=807.875Âµs
grafana-1          | logger=migrator t=2026-02-25T17:51:41.034661755Z level=info msg="Executing migration" id="Add column external_uid in team"
product-service-1  | Attempt 3 to start Kafka client failed, retrying in 4000ms { error: 'Cannot subscribe to topic while consumer is running' }
product-service-1  | Kafka producer connected for product-service
product-service-1  | Attempt 4 to start Kafka client failed, retrying in 8000ms { error: 'Cannot subscribe to topic while consumer is running' }
product-service-1  | Kafka producer connected for product-service
kafka-1            | 	sasl.mechanism.controller.protocol = GSSAPI
kafka-1            | 	sasl.mechanism.inter.broker.protocol = GSSAPI
kafka-1            | 	sasl.server.callback.handler.class = null
kafka-1            | 	security.inter.broker.protocol = PLAINTEXT
kafka-1            | 	security.providers = null
product-service-1  | Attempt 5 to start Kafka client failed, retrying in 16000ms { error: 'Cannot subscribe to topic while consumer is running' }
product-service-1  | Kafka producer connected for product-service
kafka-1            | 	socket.connection.setup.timeout.max.ms = 30000
kafka-1            | 	socket.connection.setup.timeout.ms = 10000
kafka-1            | 	socket.receive.buffer.bytes = 102400
kafka-1            | 	socket.request.max.bytes = 104857600
kafka-1            | 	socket.send.buffer.bytes = 102400
grafana-1          | logger=migrator t=2026-02-25T17:51:41.037733047Z level=info msg="Migration successfully executed" id="Add column external_uid in team" duration=3.068833ms
grafana-1          | logger=migrator t=2026-02-25T17:51:41.03922113Z level=info msg="Executing migration" id="Add column is_provisioned in team"
grafana-1          | logger=migrator t=2026-02-25T17:51:41.041971338Z level=info msg="Migration successfully executed" id="Add column is_provisioned in team" duration=2.751417ms
grafana-1          | logger=migrator t=2026-02-25T17:51:41.04381338Z level=info msg="Executing migration" id="create team member table"
grafana-1          | logger=migrator t=2026-02-25T17:51:41.044413922Z level=info msg="Migration successfully executed" id="create team member table" duration=601Âµs
order-service-1    | {"level":"info","message":"::ffff:173.194.208.207 - - [25/Feb/2026:17:54:41 +0000] \"GET /orders/user/1 HTTP/1.1\" 404 152 \"http://localhost:3000/\" \"Mozilla/5.0 (Macintosh; Intel Mac OS X 10.15; rv:147.0) Gecko/20100101 Firefox/147.0\"","timestamp":"2026-02-25T17:54:41.769Z"}
order-service-1    | {"level":"info","message":"::ffff:173.194.208.207 - - [25/Feb/2026:17:54:41 +0000] \"GET /orders/user/1 HTTP/1.1\" 404 152 \"http://localhost:3000/\" \"Mozilla/5.0 (Macintosh; Intel Mac OS X 10.15; rv:147.0) Gecko/20100101 Firefox/147.0\"","timestamp":"2026-02-25T17:54:41.772Z"}
order-service-1    | {"level":"info","message":"::ffff:173.194.208.207 - - [25/Feb/2026:17:54:41 +0000] \"GET /orders/user/1 HTTP/1.1\" 404 152 \"http://localhost:3000/\" \"Mozilla/5.0 (Macintosh; Intel Mac OS X 10.15; rv:147.0) Gecko/20100101 Firefox/147.0\"","timestamp":"2026-02-25T17:54:41.774Z"}
order-service-1    | {"level":"info","message":"::ffff:173.194.208.207 - - [25/Feb/2026:17:54:41 +0000] \"GET /orders/user/1 HTTP/1.1\" 404 152 \"http://localhost:3000/\" \"Mozilla/5.0 (Macintosh; Intel Mac OS X 10.15; rv:147.0) Gecko/20100101 Firefox/147.0\"","timestamp":"2026-02-25T17:54:41.776Z"}
order-service-1    | {"level":"info","message":"::ffff:173.194.208.207 - - [25/Feb/2026:17:54:41 +0000] \"GET /orders/user/1 HTTP/1.1\" 404 152 \"http://localhost:3000/\" \"Mozilla/5.0 (Macintosh; Intel Mac OS X 10.15; rv:147.0) Gecko/20100101 Firefox/147.0\"","timestamp":"2026-02-25T17:54:41.778Z"}
order-service-1    | {"level":"info","message":"::ffff:173.194.208.207 - - [25/Feb/2026:17:54:41 +0000] \"GET /orders/user/1 HTTP/1.1\" 404 152 \"http://localhost:3000/\" \"Mozilla/5.0 (Macintosh; Intel Mac OS X 10.15; rv:147.0) Gecko/20100101 Firefox/147.0\"","timestamp":"2026-02-25T17:54:41.780Z"}
grafana-1          | logger=migrator t=2026-02-25T17:51:41.048339088Z level=info msg="Executing migration" id="add index team_member.org_id"
order-service-1    | {"level":"info","message":"::ffff:173.194.208.207 - - [25/Feb/2026:17:54:41 +0000] \"GET /orders/user/1 HTTP/1.1\" 404 152 \"http://localhost:3000/\" \"Mozilla/5.0 (Macintosh; Intel Mac OS X 10.15; rv:147.0) Gecko/20100101 Firefox/147.0\"","timestamp":"2026-02-25T17:54:41.783Z"}
grafana-1          | logger=migrator t=2026-02-25T17:51:41.049131047Z level=info msg="Migration successfully executed" id="add index team_member.org_id" duration=793.208Âµs
grafana-1          | logger=migrator t=2026-02-25T17:51:41.051624713Z level=info msg="Executing migration" id="add unique index team_member_org_id_team_id_user_id"
product-service-1  | Attempt 6 to start Kafka client failed, retrying in 30000ms { error: 'Cannot subscribe to topic while consumer is running' }
product-service-1  | Kafka producer connected for product-service
product-service-1  | Attempt 7 to start Kafka client failed, retrying in 30000ms { error: 'Cannot subscribe to topic while consumer is running' }
product-service-1  | Kafka producer connected for product-service
product-service-1  | Attempt 8 to start Kafka client failed, retrying in 30000ms { error: 'Cannot subscribe to topic while consumer is running' }
product-service-1  | Failed to start Kafka consumer after retries { error: 'Cannot subscribe to topic while consumer is running' }
product-service-1  | Error starting Kafka consumer: KafkaJSNonRetriableError: Cannot subscribe to topic while consumer is running
order-service-1    | {"level":"info","message":"::ffff:173.194.208.207 - - [25/Feb/2026:17:54:41 +0000] \"GET /orders/user/1 HTTP/1.1\" 404 152 \"http://localhost:3000/\" \"Mozilla/5.0 (Macintosh; Intel Mac OS X 10.15; rv:147.0) Gecko/20100101 Firefox/147.0\"","timestamp":"2026-02-25T17:54:41.785Z"}
order-service-1    | {"level":"info","message":"::ffff:173.194.208.207 - - [25/Feb/2026:17:54:41 +0000] \"GET /orders/user/1 HTTP/1.1\" 404 152 \"http://localhost:3000/\" \"Mozilla/5.0 (Macintosh; Intel Mac OS X 10.15; rv:147.0) Gecko/20100101 Firefox/147.0\"","timestamp":"2026-02-25T17:54:41.787Z"}
grafana-1          | logger=migrator t=2026-02-25T17:51:41.052423422Z level=info msg="Migration successfully executed" id="add unique index team_member_org_id_team_id_user_id" duration=799.667Âµs
grafana-1          | logger=migrator t=2026-02-25T17:51:41.054919088Z level=info msg="Executing migration" id="add index team_member.team_id"
grafana-1          | logger=migrator t=2026-02-25T17:51:41.055637838Z level=info msg="Migration successfully executed" id="add index team_member.team_id" duration=720.292Âµs
kafka-1            | 	ssl.cipher.suites = []
kafka-1            | 	ssl.client.auth = none
kafka-1            | 	ssl.enabled.protocols = [TLSv1.2, TLSv1.3]
kafka-1            | 	ssl.endpoint.identification.algorithm = https
kafka-1            | 	ssl.engine.factory.class = null
kafka-1            | 	ssl.key.password = null
kafka-1            | 	ssl.keymanager.algorithm = SunX509
kafka-1            | 	ssl.keystore.certificate.chain = null
kafka-1            | 	ssl.keystore.key = null
kafka-1            | 	ssl.keystore.location = null
kafka-1            | 	ssl.keystore.password = null
order-service-1    | {"level":"info","message":"::ffff:173.194.208.207 - - [25/Feb/2026:17:54:41 +0000] \"GET /orders/user/1 HTTP/1.1\" 404 152 \"http://localhost:3000/\" \"Mozilla/5.0 (Macintosh; Intel Mac OS X 10.15; rv:147.0) Gecko/20100101 Firefox/147.0\"","timestamp":"2026-02-25T17:54:41.789Z"}
order-service-1    | {"level":"info","message":"::ffff:173.194.208.207 - - [25/Feb/2026:17:54:41 +0000] \"GET /orders/user/1 HTTP/1.1\" 404 152 \"http://localhost:3000/\" \"Mozilla/5.0 (Macintosh; Intel Mac OS X 10.15; rv:147.0) Gecko/20100101 Firefox/147.0\"","timestamp":"2026-02-25T17:54:41.790Z"}
order-service-1    | {"level":"info","message":"::ffff:173.194.208.207 - - [25/Feb/2026:17:54:41 +0000] \"GET /orders/user/1 HTTP/1.1\" 404 152 \"http://localhost:3000/\" \"Mozilla/5.0 (Macintosh; Intel Mac OS X 10.15; rv:147.0) Gecko/20100101 Firefox/147.0\"","timestamp":"2026-02-25T17:54:41.792Z"}
order-service-1    | {"level":"info","message":"::ffff:173.194.208.207 - - [25/Feb/2026:17:54:41 +0000] \"GET /orders/user/1 HTTP/1.1\" 404 152 \"http://localhost:3000/\" \"Mozilla/5.0 (Macintosh; Intel Mac OS X 10.15; rv:147.0) Gecko/20100101 Firefox/147.0\"","timestamp":"2026-02-25T17:54:41.794Z"}
grafana-1          | logger=migrator t=2026-02-25T17:51:41.057728297Z level=info msg="Executing migration" id="Add column email to team table"
grafana-1          | logger=migrator t=2026-02-25T17:51:41.060462172Z level=info msg="Migration successfully executed" id="Add column email to team table" duration=2.732333ms
grafana-1          | logger=migrator t=2026-02-25T17:51:41.06256513Z level=info msg="Executing migration" id="Add column external to team_member table"
grafana-1          | logger=migrator t=2026-02-25T17:51:41.065438463Z level=info msg="Migration successfully executed" id="Add column external to team_member table" duration=2.872541ms
grafana-1          | logger=migrator t=2026-02-25T17:51:41.067955505Z level=info msg="Executing migration" id="Add column permission to team_member table"
grafana-1          | logger=migrator t=2026-02-25T17:51:41.070692797Z level=info msg="Migration successfully executed" id="Add column permission to team_member table" duration=2.734125ms
grafana-1          | logger=migrator t=2026-02-25T17:51:41.073484005Z level=info msg="Executing migration" id="add unique index team_member_user_id_org_id"
grafana-1          | logger=migrator t=2026-02-25T17:51:41.074941755Z level=info msg="Migration successfully executed" id="add unique index team_member_user_id_org_id" duration=1.4645ms
grafana-1          | logger=migrator t=2026-02-25T17:51:41.07677288Z level=info msg="Executing migration" id="create dashboard acl table"
product-service-1  |     at Object.subscribe (/app/node_modules/kafkajs/src/consumer/index.js:136:13)
product-service-1  |     at startKafkaConsumer (/app/index.js:498:24)
product-service-1  |     at runNextTicks (node:internal/process/task_queues:60:5)
order-service-1    | {"level":"info","message":"::ffff:173.194.208.207 - - [25/Feb/2026:17:54:41 +0000] \"GET /orders/user/1 HTTP/1.1\" 404 152 \"http://localhost:3000/\" \"Mozilla/5.0 (Macintosh; Intel Mac OS X 10.15; rv:147.0) Gecko/20100101 Firefox/147.0\"","timestamp":"2026-02-25T17:54:41.795Z"}
order-service-1    | {"level":"info","message":"::ffff:173.194.208.207 - - [25/Feb/2026:17:54:41 +0000] \"GET /orders/user/1 HTTP/1.1\" 404 152 \"http://localhost:3000/\" \"Mozilla/5.0 (Macintosh; Intel Mac OS X 10.15; rv:147.0) Gecko/20100101 Firefox/147.0\"","timestamp":"2026-02-25T17:54:41.797Z"}
order-service-1    | {"level":"info","message":"::ffff:173.194.208.207 - - [25/Feb/2026:17:54:41 +0000] \"GET /orders/user/1 HTTP/1.1\" 404 152 \"http://localhost:3000/\" \"Mozilla/5.0 (Macintosh; Intel Mac OS X 10.15; rv:147.0) Gecko/20100101 Firefox/147.0\"","timestamp":"2026-02-25T17:54:41.801Z"}
order-service-1    | {"level":"info","message":"::ffff:173.194.208.207 - - [25/Feb/2026:17:54:41 +0000] \"GET /orders/user/1 HTTP/1.1\" 404 152 \"http://localhost:3000/\" \"Mozilla/5.0 (Macintosh; Intel Mac OS X 10.15; rv:147.0) Gecko/20100101 Firefox/147.0\"","timestamp":"2026-02-25T17:54:41.804Z"}
kafka-1            | 	ssl.keystore.type = JKS
kafka-1            | 	ssl.principal.mapping.rules = DEFAULT
kafka-1            | 	ssl.protocol = TLSv1.3
kafka-1            | 	ssl.provider = null
product-service-1  |     at process.processTimers (node:internal/timers:509:9)
product-service-1  |     at async start (/app/index.js:538:5) {
product-service-1  |   retriable: false,
kafka-1            | 	ssl.secure.random.implementation = null
kafka-1            | 	ssl.trustmanager.algorithm = PKIX
kafka-1            | 	ssl.truststore.certificates = null
kafka-1            | 	ssl.truststore.location = null
kafka-1            | 	ssl.truststore.password = null
kafka-1            | 	ssl.truststore.type = JKS
kafka-1            | 	transaction.abort.timed.out.transaction.cleanup.interval.ms = 10000
order-service-1    | {"level":"info","message":"::ffff:173.194.208.207 - - [25/Feb/2026:17:54:41 +0000] \"GET /orders/user/1 HTTP/1.1\" 404 152 \"http://localhost:3000/\" \"Mozilla/5.0 (Macintosh; Intel Mac OS X 10.15; rv:147.0) Gecko/20100101 Firefox/147.0\"","timestamp":"2026-02-25T17:54:41.808Z"}
kafka-1            | 	transaction.max.timeout.ms = 900000
order-service-1    | {"level":"info","message":"::ffff:173.194.208.207 - - [25/Feb/2026:17:54:41 +0000] \"GET /orders/user/1 HTTP/1.1\" 404 152 \"http://localhost:3000/\" \"Mozilla/5.0 (Macintosh; Intel Mac OS X 10.15; rv:147.0) Gecko/20100101 Firefox/147.0\"","timestamp":"2026-02-25T17:54:41.811Z"}
order-service-1    | {"level":"info","message":"::ffff:173.194.208.207 - - [25/Feb/2026:17:54:41 +0000] \"GET /orders/user/1 HTTP/1.1\" 404 152 \"http://localhost:3000/\" \"Mozilla/5.0 (Macintosh; Intel Mac OS X 10.15; rv:147.0) Gecko/20100101 Firefox/147.0\"","timestamp":"2026-02-25T17:54:41.813Z"}
order-service-1    | {"level":"info","message":"::ffff:173.194.208.207 - - [25/Feb/2026:17:54:41 +0000] \"GET /orders/user/1 HTTP/1.1\" 404 152 \"http://localhost:3000/\" \"Mozilla/5.0 (Macintosh; Intel Mac OS X 10.15; rv:147.0) Gecko/20100101 Firefox/147.0\"","timestamp":"2026-02-25T17:54:41.815Z"}
order-service-1    | {"level":"info","message":"::ffff:173.194.208.207 - - [25/Feb/2026:17:54:41 +0000] \"GET /orders/user/1 HTTP/1.1\" 404 152 \"http://localhost:3000/\" \"Mozilla/5.0 (Macintosh; Intel Mac OS X 10.15; rv:147.0) Gecko/20100101 Firefox/147.0\"","timestamp":"2026-02-25T17:54:41.818Z"}
kafka-1            | 	transaction.remove.expired.transaction.cleanup.interval.ms = 3600000
kafka-1            | 	transaction.state.log.load.buffer.size = 5242880
kafka-1            | 	transaction.state.log.min.isr = 2
kafka-1            | 	transaction.state.log.num.partitions = 50
kafka-1            | 	transaction.state.log.replication.factor = 3
kafka-1            | 	transaction.state.log.segment.bytes = 104857600
kafka-1            | 	transactional.id.expiration.ms = 604800000
kafka-1            | 	unclean.leader.election.enable = false
kafka-1            | 	zookeeper.clientCnxnSocket = null
kafka-1            | 	zookeeper.connect = zookeeper:2181
kafka-1            | 	zookeeper.connection.timeout.ms = null
kafka-1            | 	zookeeper.max.in.flight.requests = 10
kafka-1            | 	zookeeper.session.timeout.ms = 18000
product-service-1  |   helpUrl: undefined,
product-service-1  |   [cause]: undefined
product-service-1  | }
product-service-1  | Startup error: KafkaJSNonRetriableError: Cannot subscribe to topic while consumer is running
product-service-1  |     at Object.subscribe (/app/node_modules/kafkajs/src/consumer/index.js:136:13)
product-service-1  |     at startKafkaConsumer (/app/index.js:498:24)
kafka-1            | 	zookeeper.set.acl = false
kafka-1            | 	zookeeper.ssl.cipher.suites = null
kafka-1            | 	zookeeper.ssl.client.enable = false
kafka-1            | 	zookeeper.ssl.crl.enable = false
kafka-1            | 	zookeeper.ssl.enabled.protocols = null
kafka-1            | 	zookeeper.ssl.endpoint.identification.algorithm = HTTPS
kafka-1            | 	zookeeper.ssl.keystore.location = null
kafka-1            | 	zookeeper.ssl.keystore.password = null
kafka-1            | 	zookeeper.ssl.keystore.type = null
kafka-1            | 	zookeeper.ssl.ocsp.enable = false
kafka-1            | 	zookeeper.ssl.protocol = TLSv1.2
order-service-1    | {"level":"info","message":"::ffff:173.194.208.207 - - [25/Feb/2026:17:54:41 +0000] \"GET /orders/user/1 HTTP/1.1\" 404 152 \"http://localhost:3000/\" \"Mozilla/5.0 (Macintosh; Intel Mac OS X 10.15; rv:147.0) Gecko/20100101 Firefox/147.0\"","timestamp":"2026-02-25T17:54:41.820Z"}
order-service-1    | {"level":"info","message":"::ffff:173.194.208.207 - - [25/Feb/2026:17:54:41 +0000] \"GET /orders/user/1 HTTP/1.1\" 404 152 \"http://localhost:3000/\" \"Mozilla/5.0 (Macintosh; Intel Mac OS X 10.15; rv:147.0) Gecko/20100101 Firefox/147.0\"","timestamp":"2026-02-25T17:54:41.822Z"}
grafana-1          | logger=migrator t=2026-02-25T17:51:41.077371547Z level=info msg="Migration successfully executed" id="create dashboard acl table" duration=599.333Âµs
product-service-1  |     at runNextTicks (node:internal/process/task_queues:60:5)
product-service-1  |     at process.processTimers (node:internal/timers:509:9)
order-service-1    | {"level":"info","message":"::ffff:173.194.208.207 - - [25/Feb/2026:17:54:41 +0000] \"GET /orders/user/1 HTTP/1.1\" 404 152 \"http://localhost:3000/\" \"Mozilla/5.0 (Macintosh; Intel Mac OS X 10.15; rv:147.0) Gecko/20100101 Firefox/147.0\"","timestamp":"2026-02-25T17:54:41.825Z"}
order-service-1    | {"level":"info","message":"::ffff:173.194.208.207 - - [25/Feb/2026:17:54:41 +0000] \"GET /orders/user/1 HTTP/1.1\" 404 152 \"http://localhost:3000/\" \"Mozilla/5.0 (Macintosh; Intel Mac OS X 10.15; rv:147.0) Gecko/20100101 Firefox/147.0\"","timestamp":"2026-02-25T17:54:41.828Z"}
order-service-1    | {"level":"info","message":"::ffff:173.194.208.207 - - [25/Feb/2026:17:54:41 +0000] \"GET /orders/user/1 HTTP/1.1\" 404 152 \"http://localhost:3000/\" \"Mozilla/5.0 (Macintosh; Intel Mac OS X 10.15; rv:147.0) Gecko/20100101 Firefox/147.0\"","timestamp":"2026-02-25T17:54:41.830Z"}
order-service-1    | {"level":"info","message":"::ffff:173.194.208.207 - - [25/Feb/2026:17:54:41 +0000] \"GET /orders/user/1 HTTP/1.1\" 404 152 \"http://localhost:3000/\" \"Mozilla/5.0 (Macintosh; Intel Mac OS X 10.15; rv:147.0) Gecko/20100101 Firefox/147.0\"","timestamp":"2026-02-25T17:54:41.832Z"}
order-service-1    | {"level":"info","message":"::ffff:173.194.208.207 - - [25/Feb/2026:17:54:41 +0000] \"GET /orders/user/1 HTTP/1.1\" 404 152 \"http://localhost:3000/\" \"Mozilla/5.0 (Macintosh; Intel Mac OS X 10.15; rv:147.0) Gecko/20100101 Firefox/147.0\"","timestamp":"2026-02-25T17:54:41.836Z"}
order-service-1    | {"level":"info","message":"::ffff:173.194.208.207 - - [25/Feb/2026:17:54:41 +0000] \"GET /orders/user/1 HTTP/1.1\" 404 152 \"http://localhost:3000/\" \"Mozilla/5.0 (Macintosh; Intel Mac OS X 10.15; rv:147.0) Gecko/20100101 Firefox/147.0\"","timestamp":"2026-02-25T17:54:41.838Z"}
order-service-1    | {"level":"info","message":"::ffff:173.194.208.207 - - [25/Feb/2026:17:54:41 +0000] \"GET /orders/user/1 HTTP/1.1\" 404 152 \"http://localhost:3000/\" \"Mozilla/5.0 (Macintosh; Intel Mac OS X 10.15; rv:147.0) Gecko/20100101 Firefox/147.0\"","timestamp":"2026-02-25T17:54:41.841Z"}
order-service-1    | {"level":"info","message":"::ffff:173.194.208.207 - - [25/Feb/2026:17:54:41 +0000] \"GET /orders/user/1 HTTP/1.1\" 404 152 \"http://localhost:3000/\" \"Mozilla/5.0 (Macintosh; Intel Mac OS X 10.15; rv:147.0) Gecko/20100101 Firefox/147.0\"","timestamp":"2026-02-25T17:54:41.844Z"}
grafana-1          | logger=migrator t=2026-02-25T17:51:41.079014047Z level=info msg="Executing migration" id="add index dashboard_acl_dashboard_id"
grafana-1          | logger=migrator t=2026-02-25T17:51:41.079893547Z level=info msg="Migration successfully executed" id="add index dashboard_acl_dashboard_id" duration=879.583Âµs
grafana-1          | logger=migrator t=2026-02-25T17:51:41.082804838Z level=info msg="Executing migration" id="add unique index dashboard_acl_dashboard_id_user_id"
grafana-1          | logger=migrator t=2026-02-25T17:51:41.083484963Z level=info msg="Migration successfully executed" id="add unique index dashboard_acl_dashboard_id_user_id" duration=680.5Âµs
grafana-1          | logger=migrator t=2026-02-25T17:51:41.085327672Z level=info msg="Executing migration" id="add unique index dashboard_acl_dashboard_id_team_id"
grafana-1          | logger=migrator t=2026-02-25T17:51:41.08590463Z level=info msg="Migration successfully executed" id="add unique index dashboard_acl_dashboard_id_team_id" duration=577.25Âµs
grafana-1          | logger=migrator t=2026-02-25T17:51:41.087724172Z level=info msg="Executing migration" id="add index dashboard_acl_user_id"
grafana-1          | logger=migrator t=2026-02-25T17:51:41.088320047Z level=info msg="Migration successfully executed" id="add index dashboard_acl_user_id" duration=596.25Âµs
grafana-1          | logger=migrator t=2026-02-25T17:51:41.090267713Z level=info msg="Executing migration" id="add index dashboard_acl_team_id"
grafana-1          | logger=migrator t=2026-02-25T17:51:41.090795797Z level=info msg="Migration successfully executed" id="add index dashboard_acl_team_id" duration=532.959Âµs
grafana-1          | logger=migrator t=2026-02-25T17:51:41.093109463Z level=info msg="Executing migration" id="add index dashboard_acl_org_id_role"
grafana-1          | logger=migrator t=2026-02-25T17:51:41.093601672Z level=info msg="Migration successfully executed" id="add index dashboard_acl_org_id_role" duration=488.125Âµs
kafka-1            | 	zookeeper.ssl.truststore.location = null
kafka-1            | 	zookeeper.ssl.truststore.password = null
kafka-1            | 	zookeeper.ssl.truststore.type = null
kafka-1            | 	zookeeper.sync.time.ms = 2000
kafka-1            |  (kafka.server.KafkaConfig)
order-service-1    | {"level":"info","message":"::ffff:173.194.208.207 - - [25/Feb/2026:17:54:41 +0000] \"GET /orders/user/1 HTTP/1.1\" 404 152 \"http://localhost:3000/\" \"Mozilla/5.0 (Macintosh; Intel Mac OS X 10.15; rv:147.0) Gecko/20100101 Firefox/147.0\"","timestamp":"2026-02-25T17:54:41.846Z"}
order-service-1    | {"level":"info","message":"::ffff:173.194.208.207 - - [25/Feb/2026:17:54:41 +0000] \"GET /orders/user/1 HTTP/1.1\" 404 152 \"http://localhost:3000/\" \"Mozilla/5.0 (Macintosh; Intel Mac OS X 10.15; rv:147.0) Gecko/20100101 Firefox/147.0\"","timestamp":"2026-02-25T17:54:41.848Z"}
order-service-1    | {"level":"info","message":"::ffff:173.194.208.207 - - [25/Feb/2026:17:54:41 +0000] \"GET /orders/user/1 HTTP/1.1\" 404 152 \"http://localhost:3000/\" \"Mozilla/5.0 (Macintosh; Intel Mac OS X 10.15; rv:147.0) Gecko/20100101 Firefox/147.0\"","timestamp":"2026-02-25T17:54:41.851Z"}
order-service-1    | {"level":"info","message":"::ffff:173.194.208.207 - - [25/Feb/2026:17:54:41 +0000] \"GET /orders/user/1 HTTP/1.1\" 404 152 \"http://localhost:3000/\" \"Mozilla/5.0 (Macintosh; Intel Mac OS X 10.15; rv:147.0) Gecko/20100101 Firefox/147.0\"","timestamp":"2026-02-25T17:54:41.853Z"}
order-service-1    | {"level":"info","message":"::ffff:173.194.208.207 - - [25/Feb/2026:17:54:41 +0000] \"GET /orders/user/1 HTTP/1.1\" 404 152 \"http://localhost:3000/\" \"Mozilla/5.0 (Macintosh; Intel Mac OS X 10.15; rv:147.0) Gecko/20100101 Firefox/147.0\"","timestamp":"2026-02-25T17:54:41.854Z"}
grafana-1          | logger=migrator t=2026-02-25T17:51:41.095286255Z level=info msg="Executing migration" id="add index dashboard_permission"
grafana-1          | logger=migrator t=2026-02-25T17:51:41.095736713Z level=info msg="Migration successfully executed" id="add index dashboard_permission" duration=450.667Âµs
grafana-1          | logger=migrator t=2026-02-25T17:51:41.097431172Z level=info msg="Executing migration" id="save default acl rules in dashboard_acl table"
grafana-1          | logger=migrator t=2026-02-25T17:51:41.097671297Z level=info msg="Migration successfully executed" id="save default acl rules in dashboard_acl table" duration=240.5Âµs
grafana-1          | logger=migrator t=2026-02-25T17:51:41.099469422Z level=info msg="Executing migration" id="delete acl rules for deleted dashboards and folders"
grafana-1          | logger=migrator t=2026-02-25T17:51:41.099640297Z level=info msg="Migration successfully executed" id="delete acl rules for deleted dashboards and folders" duration=169.708Âµs
grafana-1          | logger=migrator t=2026-02-25T17:51:41.101235797Z level=info msg="Executing migration" id="create tag table"
grafana-1          | logger=migrator t=2026-02-25T17:51:41.10165688Z level=info msg="Migration successfully executed" id="create tag table" duration=420.833Âµs
grafana-1          | logger=migrator t=2026-02-25T17:51:41.103512547Z level=info msg="Executing migration" id="add index tag.key_value"
grafana-1          | logger=migrator t=2026-02-25T17:51:41.104126797Z level=info msg="Migration successfully executed" id="add index tag.key_value" duration=614.25Âµs
grafana-1          | logger=migrator t=2026-02-25T17:51:41.107972005Z level=info msg="Executing migration" id="create login attempt table"
grafana-1          | logger=migrator t=2026-02-25T17:51:41.10930413Z level=info msg="Migration successfully executed" id="create login attempt table" duration=1.330583ms
kafka-1            | [2026-02-25 17:52:36,326] INFO [ThrottledChannelReaper-Fetch]: Starting (kafka.server.ClientQuotaManager$ThrottledChannelReaper)
kafka-1            | [2026-02-25 17:52:36,330] INFO [ThrottledChannelReaper-Produce]: Starting (kafka.server.ClientQuotaManager$ThrottledChannelReaper)
kafka-1            | [2026-02-25 17:52:36,334] INFO [ThrottledChannelReaper-Request]: Starting (kafka.server.ClientQuotaManager$ThrottledChannelReaper)
product-service-1  |     at async start (/app/index.js:538:5) {
product-service-1  |   retriable: false,
product-service-1  |   helpUrl: undefined,
order-service-1    | {"level":"info","message":"::ffff:173.194.208.207 - - [25/Feb/2026:17:54:41 +0000] \"GET /orders/user/1 HTTP/1.1\" 404 152 \"http://localhost:3000/\" \"Mozilla/5.0 (Macintosh; Intel Mac OS X 10.15; rv:147.0) Gecko/20100101 Firefox/147.0\"","timestamp":"2026-02-25T17:54:41.856Z"}
order-service-1    | {"level":"info","message":"::ffff:173.194.208.207 - - [25/Feb/2026:17:54:41 +0000] \"GET /orders/user/1 HTTP/1.1\" 404 152 \"http://localhost:3000/\" \"Mozilla/5.0 (Macintosh; Intel Mac OS X 10.15; rv:147.0) Gecko/20100101 Firefox/147.0\"","timestamp":"2026-02-25T17:54:41.858Z"}
order-service-1    | {"level":"info","message":"::ffff:173.194.208.207 - - [25/Feb/2026:17:54:41 +0000] \"GET /orders/user/1 HTTP/1.1\" 404 152 \"http://localhost:3000/\" \"Mozilla/5.0 (Macintosh; Intel Mac OS X 10.15; rv:147.0) Gecko/20100101 Firefox/147.0\"","timestamp":"2026-02-25T17:54:41.861Z"}
product-service-1  |   [cause]: undefined
product-service-1  | }
product-service-1  | 
product-service-1  | > product-service@1.0.0 start
kafka-1            | [2026-02-25 17:52:36,338] INFO [ThrottledChannelReaper-ControllerMutation]: Starting (kafka.server.ClientQuotaManager$ThrottledChannelReaper)
kafka-1            | [2026-02-25 17:52:36,413] INFO Loading logs from log dirs ArraySeq(/var/lib/kafka/data) (kafka.log.LogManager)
order-service-1    | {"level":"info","message":"::ffff:173.194.208.207 - - [25/Feb/2026:17:54:41 +0000] \"GET /orders/user/1 HTTP/1.1\" 404 152 \"http://localhost:3000/\" \"Mozilla/5.0 (Macintosh; Intel Mac OS X 10.15; rv:147.0) Gecko/20100101 Firefox/147.0\"","timestamp":"2026-02-25T17:54:41.864Z"}
order-service-1    | {"level":"info","message":"::ffff:173.194.208.207 - - [25/Feb/2026:17:54:41 +0000] \"GET /orders/user/1 HTTP/1.1\" 404 152 \"http://localhost:3000/\" \"Mozilla/5.0 (Macintosh; Intel Mac OS X 10.15; rv:147.0) Gecko/20100101 Firefox/147.0\"","timestamp":"2026-02-25T17:54:41.866Z"}
order-service-1    | {"level":"info","message":"::ffff:173.194.208.207 - - [25/Feb/2026:17:54:41 +0000] \"GET /orders/user/1 HTTP/1.1\" 404 152 \"http://localhost:3000/\" \"Mozilla/5.0 (Macintosh; Intel Mac OS X 10.15; rv:147.0) Gecko/20100101 Firefox/147.0\"","timestamp":"2026-02-25T17:54:41.868Z"}
order-service-1    | {"level":"info","message":"::ffff:173.194.208.207 - - [25/Feb/2026:17:54:41 +0000] \"GET /orders/user/1 HTTP/1.1\" 404 152 \"http://localhost:3000/\" \"Mozilla/5.0 (Macintosh; Intel Mac OS X 10.15; rv:147.0) Gecko/20100101 Firefox/147.0\"","timestamp":"2026-02-25T17:54:41.871Z"}
kafka-1            | [2026-02-25 17:52:36,418] INFO Skipping recovery for all logs in /var/lib/kafka/data since clean shutdown file was found (kafka.log.LogManager)
kafka-1            | [2026-02-25 17:52:36,539] INFO [LogLoader partition=__consumer_offsets-8, dir=/var/lib/kafka/data] Loading producer state till offset 0 with message format version 2 (kafka.log.Log$)
kafka-1            | [2026-02-25 17:52:36,574] INFO Completed load of Log(dir=/var/lib/kafka/data/__consumer_offsets-8, topicId=USk2zQtOQn2EIUCQlRaD9g, topic=__consumer_offsets, partition=8, highWatermark=0, lastStableOffset=0, logStartOffset=0, logEndOffset=0) with 1 segments in 137ms (1/51 loaded in /var/lib/kafka/data) (kafka.log.LogManager)
kafka-1            | [2026-02-25 17:52:36,581] INFO [LogLoader partition=__consumer_offsets-38, dir=/var/lib/kafka/data] Loading producer state till offset 0 with message format version 2 (kafka.log.Log$)
kafka-1            | [2026-02-25 17:52:36,587] INFO Completed load of Log(dir=/var/lib/kafka/data/__consumer_offsets-38, topicId=USk2zQtOQn2EIUCQlRaD9g, topic=__consumer_offsets, partition=38, highWatermark=0, lastStableOffset=0, logStartOffset=0, logEndOffset=0) with 1 segments in 11ms (2/51 loaded in /var/lib/kafka/data) (kafka.log.LogManager)
kafka-1            | [2026-02-25 17:52:36,594] INFO [LogLoader partition=__consumer_offsets-13, dir=/var/lib/kafka/data] Loading producer state till offset 0 with message format version 2 (kafka.log.Log$)
kafka-1            | [2026-02-25 17:52:36,598] INFO Completed load of Log(dir=/var/lib/kafka/data/__consumer_offsets-13, topicId=USk2zQtOQn2EIUCQlRaD9g, topic=__consumer_offsets, partition=13, highWatermark=0, lastStableOffset=0, logStartOffset=0, logEndOffset=0) with 1 segments in 11ms (3/51 loaded in /var/lib/kafka/data) (kafka.log.LogManager)
kafka-1            | [2026-02-25 17:52:36,604] INFO [LogLoader partition=__consumer_offsets-4, dir=/var/lib/kafka/data] Loading producer state till offset 0 with message format version 2 (kafka.log.Log$)
kafka-1            | [2026-02-25 17:52:36,609] INFO Completed load of Log(dir=/var/lib/kafka/data/__consumer_offsets-4, topicId=USk2zQtOQn2EIUCQlRaD9g, topic=__consumer_offsets, partition=4, highWatermark=0, lastStableOffset=0, logStartOffset=0, logEndOffset=0) with 1 segments in 11ms (4/51 loaded in /var/lib/kafka/data) (kafka.log.LogManager)
kafka-1            | [2026-02-25 17:52:36,618] INFO [LogLoader partition=__consumer_offsets-22, dir=/var/lib/kafka/data] Loading producer state till offset 0 with message format version 2 (kafka.log.Log$)
kafka-1            | [2026-02-25 17:52:36,623] INFO Completed load of Log(dir=/var/lib/kafka/data/__consumer_offsets-22, topicId=USk2zQtOQn2EIUCQlRaD9g, topic=__consumer_offsets, partition=22, highWatermark=0, lastStableOffset=0, logStartOffset=0, logEndOffset=0) with 1 segments in 14ms (5/51 loaded in /var/lib/kafka/data) (kafka.log.LogManager)
kafka-1            | [2026-02-25 17:52:36,626] INFO [LogLoader partition=__consumer_offsets-29, dir=/var/lib/kafka/data] Loading producer state till offset 0 with message format version 2 (kafka.log.Log$)
kafka-1            | [2026-02-25 17:52:36,631] INFO Completed load of Log(dir=/var/lib/kafka/data/__consumer_offsets-29, topicId=USk2zQtOQn2EIUCQlRaD9g, topic=__consumer_offsets, partition=29, highWatermark=0, lastStableOffset=0, logStartOffset=0, logEndOffset=0) with 1 segments in 8ms (6/51 loaded in /var/lib/kafka/data) (kafka.log.LogManager)
kafka-1            | [2026-02-25 17:52:36,634] INFO [LogLoader partition=__consumer_offsets-24, dir=/var/lib/kafka/data] Loading producer state till offset 0 with message format version 2 (kafka.log.Log$)
kafka-1            | [2026-02-25 17:52:36,637] INFO Completed load of Log(dir=/var/lib/kafka/data/__consumer_offsets-24, topicId=USk2zQtOQn2EIUCQlRaD9g, topic=__consumer_offsets, partition=24, highWatermark=0, lastStableOffset=0, logStartOffset=0, logEndOffset=0) with 1 segments in 7ms (7/51 loaded in /var/lib/kafka/data) (kafka.log.LogManager)
kafka-1            | [2026-02-25 17:52:36,641] INFO [LogLoader partition=__consumer_offsets-40, dir=/var/lib/kafka/data] Loading producer state till offset 0 with message format version 2 (kafka.log.Log$)
kafka-1            | [2026-02-25 17:52:36,646] INFO Completed load of Log(dir=/var/lib/kafka/data/__consumer_offsets-40, topicId=USk2zQtOQn2EIUCQlRaD9g, topic=__consumer_offsets, partition=40, highWatermark=0, lastStableOffset=0, logStartOffset=0, logEndOffset=0) with 1 segments in 8ms (8/51 loaded in /var/lib/kafka/data) (kafka.log.LogManager)
order-service-1    | {"level":"info","message":"::ffff:173.194.208.207 - - [25/Feb/2026:17:54:41 +0000] \"GET /orders/user/1 HTTP/1.1\" 404 152 \"http://localhost:3000/\" \"Mozilla/5.0 (Macintosh; Intel Mac OS X 10.15; rv:147.0) Gecko/20100101 Firefox/147.0\"","timestamp":"2026-02-25T17:54:41.873Z"}
order-service-1    | {"level":"info","message":"::ffff:173.194.208.207 - - [25/Feb/2026:17:54:41 +0000] \"GET /orders/user/1 HTTP/1.1\" 404 152 \"http://localhost:3000/\" \"Mozilla/5.0 (Macintosh; Intel Mac OS X 10.15; rv:147.0) Gecko/20100101 Firefox/147.0\"","timestamp":"2026-02-25T17:54:41.875Z"}
order-service-1    | {"level":"info","message":"::ffff:173.194.208.207 - - [25/Feb/2026:17:54:41 +0000] \"GET /orders/user/1 HTTP/1.1\" 404 152 \"http://localhost:3000/\" \"Mozilla/5.0 (Macintosh; Intel Mac OS X 10.15; rv:147.0) Gecko/20100101 Firefox/147.0\"","timestamp":"2026-02-25T17:54:41.878Z"}
order-service-1    | {"level":"info","message":"::ffff:173.194.208.207 - - [25/Feb/2026:17:54:41 +0000] \"GET /orders/user/1 HTTP/1.1\" 404 152 \"http://localhost:3000/\" \"Mozilla/5.0 (Macintosh; Intel Mac OS X 10.15; rv:147.0) Gecko/20100101 Firefox/147.0\"","timestamp":"2026-02-25T17:54:41.880Z"}
product-service-1  | > node index.js
product-service-1  | 
product-service-1  | [dotenv@17.2.3] injecting env (0) from .env -- tip: ðŸ” encrypt with Dotenvx: https://dotenvx.com
product-service-1  | {"level":"WARN","timestamp":"2026-02-25T17:58:38.466Z","logger":"kafkajs","message":"KafkaJS v2.0.0 switched default partitioner. To retain the same partitioning behavior as in previous versions, create the producer with the option \"createPartitioner: Partitioners.LegacyPartitioner\". See the migration guide at https://kafka.js.org/docs/migration-guide-v2.0.0#producer-new-default-partitioner for details. Silence this warning by setting the environment variable \"KAFKAJS_NO_PARTITIONER_WARNING=1\""}
product-service-1  | Product Service running on port 3002
product-service-1  | Executing (default): SELECT 1+1 AS result
grafana-1          | logger=migrator t=2026-02-25T17:51:41.113701797Z level=info msg="Executing migration" id="add index login_attempt.username"
grafana-1          | logger=migrator t=2026-02-25T17:51:41.115044463Z level=info msg="Migration successfully executed" id="add index login_attempt.username" duration=1.345042ms
order-service-1    | {"level":"info","message":"::ffff:173.194.208.207 - - [25/Feb/2026:17:54:41 +0000] \"GET /orders/user/1 HTTP/1.1\" 404 152 \"http://localhost:3000/\" \"Mozilla/5.0 (Macintosh; Intel Mac OS X 10.15; rv:147.0) Gecko/20100101 Firefox/147.0\"","timestamp":"2026-02-25T17:54:41.883Z"}
order-service-1    | {"level":"info","message":"::ffff:173.194.208.207 - - [25/Feb/2026:17:54:41 +0000] \"GET /orders/user/1 HTTP/1.1\" 404 152 \"http://localhost:3000/\" \"Mozilla/5.0 (Macintosh; Intel Mac OS X 10.15; rv:147.0) Gecko/20100101 Firefox/147.0\"","timestamp":"2026-02-25T17:54:41.886Z"}
kafka-1            | [2026-02-25 17:52:36,650] INFO [LogLoader partition=__consumer_offsets-3, dir=/var/lib/kafka/data] Loading producer state till offset 0 with message format version 2 (kafka.log.Log$)
kafka-1            | [2026-02-25 17:52:36,656] INFO Completed load of Log(dir=/var/lib/kafka/data/__consumer_offsets-3, topicId=USk2zQtOQn2EIUCQlRaD9g, topic=__consumer_offsets, partition=3, highWatermark=0, lastStableOffset=0, logStartOffset=0, logEndOffset=0) with 1 segments in 10ms (9/51 loaded in /var/lib/kafka/data) (kafka.log.LogManager)
kafka-1            | [2026-02-25 17:52:36,663] INFO [LogLoader partition=__consumer_offsets-39, dir=/var/lib/kafka/data] Loading producer state till offset 0 with message format version 2 (kafka.log.Log$)
kafka-1            | [2026-02-25 17:52:36,666] INFO Completed load of Log(dir=/var/lib/kafka/data/__consumer_offsets-39, topicId=USk2zQtOQn2EIUCQlRaD9g, topic=__consumer_offsets, partition=39, highWatermark=0, lastStableOffset=0, logStartOffset=0, logEndOffset=0) with 1 segments in 10ms (10/51 loaded in /var/lib/kafka/data) (kafka.log.LogManager)
kafka-1            | [2026-02-25 17:52:36,670] INFO [LogLoader partition=__consumer_offsets-15, dir=/var/lib/kafka/data] Loading producer state till offset 0 with message format version 2 (kafka.log.Log$)
kafka-1            | [2026-02-25 17:52:36,674] INFO Completed load of Log(dir=/var/lib/kafka/data/__consumer_offsets-15, topicId=USk2zQtOQn2EIUCQlRaD9g, topic=__consumer_offsets, partition=15, highWatermark=0, lastStableOffset=0, logStartOffset=0, logEndOffset=0) with 1 segments in 7ms (11/51 loaded in /var/lib/kafka/data) (kafka.log.LogManager)
kafka-1            | [2026-02-25 17:52:36,677] INFO [LogLoader partition=order-events-0, dir=/var/lib/kafka/data] Loading producer state till offset 0 with message format version 2 (kafka.log.Log$)
grafana-1          | logger=migrator t=2026-02-25T17:51:41.118369713Z level=info msg="Executing migration" id="drop index IDX_login_attempt_username - v1"
grafana-1          | logger=migrator t=2026-02-25T17:51:41.119057255Z level=info msg="Migration successfully executed" id="drop index IDX_login_attempt_username - v1" duration=689.042Âµs
grafana-1          | logger=migrator t=2026-02-25T17:51:41.12359238Z level=info msg="Executing migration" id="Rename table login_attempt to login_attempt_tmp_qwerty - v1"
grafana-1          | logger=migrator t=2026-02-25T17:51:41.133342297Z level=info msg="Migration successfully executed" id="Rename table login_attempt to login_attempt_tmp_qwerty - v1" duration=9.696375ms
grafana-1          | logger=migrator t=2026-02-25T17:51:41.139218922Z level=info msg="Executing migration" id="create login_attempt v2"
order-service-1    | {"level":"info","message":"::ffff:173.194.208.207 - - [25/Feb/2026:17:54:41 +0000] \"GET /orders/user/1 HTTP/1.1\" 404 152 \"http://localhost:3000/\" \"Mozilla/5.0 (Macintosh; Intel Mac OS X 10.15; rv:147.0) Gecko/20100101 Firefox/147.0\"","timestamp":"2026-02-25T17:54:41.888Z"}
order-service-1    | {"level":"info","message":"::ffff:173.194.208.207 - - [25/Feb/2026:17:54:41 +0000] \"GET /orders/user/1 HTTP/1.1\" 404 152 \"http://localhost:3000/\" \"Mozilla/5.0 (Macintosh; Intel Mac OS X 10.15; rv:147.0) Gecko/20100101 Firefox/147.0\"","timestamp":"2026-02-25T17:54:41.891Z"}
order-service-1    | {"level":"info","message":"::ffff:173.194.208.207 - - [25/Feb/2026:17:54:41 +0000] \"GET /orders/user/1 HTTP/1.1\" 404 152 \"http://localhost:3000/\" \"Mozilla/5.0 (Macintosh; Intel Mac OS X 10.15; rv:147.0) Gecko/20100101 Firefox/147.0\"","timestamp":"2026-02-25T17:54:41.894Z"}
order-service-1    | {"level":"info","message":"::ffff:173.194.208.207 - - [25/Feb/2026:17:54:41 +0000] \"GET /orders/user/1 HTTP/1.1\" 404 152 \"http://localhost:3000/\" \"Mozilla/5.0 (Macintosh; Intel Mac OS X 10.15; rv:147.0) Gecko/20100101 Firefox/147.0\"","timestamp":"2026-02-25T17:54:41.908Z"}
kafka-1            | [2026-02-25 17:52:36,680] INFO Completed load of Log(dir=/var/lib/kafka/data/order-events-0, topicId=Y6ozyVAWTVKzsBrh1OmmEg, topic=order-events, partition=0, highWatermark=0, lastStableOffset=0, logStartOffset=0, logEndOffset=0) with 1 segments in 6ms (12/51 loaded in /var/lib/kafka/data) (kafka.log.LogManager)
grafana-1          | logger=migrator t=2026-02-25T17:51:41.139991797Z level=info msg="Migration successfully executed" id="create login_attempt v2" duration=774.292Âµs
grafana-1          | logger=migrator t=2026-02-25T17:51:41.14401338Z level=info msg="Executing migration" id="create index IDX_login_attempt_username - v2"
grafana-1          | logger=migrator t=2026-02-25T17:51:41.14485063Z level=info msg="Migration successfully executed" id="create index IDX_login_attempt_username - v2" duration=836.5Âµs
kafka-1            | [2026-02-25 17:52:36,684] INFO [LogLoader partition=__consumer_offsets-5, dir=/var/lib/kafka/data] Loading producer state till offset 0 with message format version 2 (kafka.log.Log$)
kafka-1            | [2026-02-25 17:52:36,689] INFO Completed load of Log(dir=/var/lib/kafka/data/__consumer_offsets-5, topicId=USk2zQtOQn2EIUCQlRaD9g, topic=__consumer_offsets, partition=5, highWatermark=0, lastStableOffset=0, logStartOffset=0, logEndOffset=0) with 1 segments in 8ms (13/51 loaded in /var/lib/kafka/data) (kafka.log.LogManager)
kafka-1            | [2026-02-25 17:52:36,694] INFO [LogLoader partition=__consumer_offsets-49, dir=/var/lib/kafka/data] Loading producer state till offset 0 with message format version 2 (kafka.log.Log$)
kafka-1            | [2026-02-25 17:52:36,697] INFO Completed load of Log(dir=/var/lib/kafka/data/__consumer_offsets-49, topicId=USk2zQtOQn2EIUCQlRaD9g, topic=__consumer_offsets, partition=49, highWatermark=0, lastStableOffset=0, logStartOffset=0, logEndOffset=0) with 1 segments in 9ms (14/51 loaded in /var/lib/kafka/data) (kafka.log.LogManager)
kafka-1            | [2026-02-25 17:52:36,704] INFO [LogLoader partition=__consumer_offsets-0, dir=/var/lib/kafka/data] Loading producer state till offset 0 with message format version 2 (kafka.log.Log$)
kafka-1            | [2026-02-25 17:52:36,706] INFO Completed load of Log(dir=/var/lib/kafka/data/__consumer_offsets-0, topicId=USk2zQtOQn2EIUCQlRaD9g, topic=__consumer_offsets, partition=0, highWatermark=0, lastStableOffset=0, logStartOffset=0, logEndOffset=0) with 1 segments in 8ms (15/51 loaded in /var/lib/kafka/data) (kafka.log.LogManager)
kafka-1            | [2026-02-25 17:52:36,713] INFO [LogLoader partition=__consumer_offsets-46, dir=/var/lib/kafka/data] Loading producer state till offset 0 with message format version 2 (kafka.log.Log$)
kafka-1            | [2026-02-25 17:52:36,720] INFO Completed load of Log(dir=/var/lib/kafka/data/__consumer_offsets-46, topicId=USk2zQtOQn2EIUCQlRaD9g, topic=__consumer_offsets, partition=46, highWatermark=0, lastStableOffset=0, logStartOffset=0, logEndOffset=0) with 1 segments in 13ms (16/51 loaded in /var/lib/kafka/data) (kafka.log.LogManager)
kafka-1            | [2026-02-25 17:52:36,725] INFO [LogLoader partition=__consumer_offsets-44, dir=/var/lib/kafka/data] Loading producer state till offset 0 with message format version 2 (kafka.log.Log$)
kafka-1            | [2026-02-25 17:52:36,731] INFO Completed load of Log(dir=/var/lib/kafka/data/__consumer_offsets-44, topicId=USk2zQtOQn2EIUCQlRaD9g, topic=__consumer_offsets, partition=44, highWatermark=0, lastStableOffset=0, logStartOffset=0, logEndOffset=0) with 1 segments in 10ms (17/51 loaded in /var/lib/kafka/data) (kafka.log.LogManager)
kafka-1            | [2026-02-25 17:52:36,740] INFO [LogLoader partition=__consumer_offsets-37, dir=/var/lib/kafka/data] Loading producer state till offset 0 with message format version 2 (kafka.log.Log$)
kafka-1            | [2026-02-25 17:52:36,742] INFO Completed load of Log(dir=/var/lib/kafka/data/__consumer_offsets-37, topicId=USk2zQtOQn2EIUCQlRaD9g, topic=__consumer_offsets, partition=37, highWatermark=0, lastStableOffset=0, logStartOffset=0, logEndOffset=0) with 1 segments in 11ms (18/51 loaded in /var/lib/kafka/data) (kafka.log.LogManager)
kafka-1            | [2026-02-25 17:52:36,750] INFO [LogLoader partition=__consumer_offsets-12, dir=/var/lib/kafka/data] Loading producer state till offset 0 with message format version 2 (kafka.log.Log$)
kafka-1            | [2026-02-25 17:52:36,751] INFO Completed load of Log(dir=/var/lib/kafka/data/__consumer_offsets-12, topicId=USk2zQtOQn2EIUCQlRaD9g, topic=__consumer_offsets, partition=12, highWatermark=0, lastStableOffset=0, logStartOffset=0, logEndOffset=0) with 1 segments in 8ms (19/51 loaded in /var/lib/kafka/data) (kafka.log.LogManager)
kafka-1            | [2026-02-25 17:52:36,756] INFO [LogLoader partition=__consumer_offsets-27, dir=/var/lib/kafka/data] Loading producer state till offset 0 with message format version 2 (kafka.log.Log$)
order-service-1    | {"level":"info","message":"::ffff:173.194.208.207 - - [25/Feb/2026:17:54:41 +0000] \"GET /orders/user/1 HTTP/1.1\" 404 152 \"http://localhost:3000/\" \"Mozilla/5.0 (Macintosh; Intel Mac OS X 10.15; rv:147.0) Gecko/20100101 Firefox/147.0\"","timestamp":"2026-02-25T17:54:41.911Z"}
order-service-1    | {"level":"info","message":"::ffff:173.194.208.207 - - [25/Feb/2026:17:54:41 +0000] \"GET /orders/user/1 HTTP/1.1\" 404 152 \"http://localhost:3000/\" \"Mozilla/5.0 (Macintosh; Intel Mac OS X 10.15; rv:147.0) Gecko/20100101 Firefox/147.0\"","timestamp":"2026-02-25T17:54:41.913Z"}
order-service-1    | {"level":"info","message":"::ffff:173.194.208.207 - - [25/Feb/2026:17:54:41 +0000] \"GET /orders/user/1 HTTP/1.1\" 404 152 \"http://localhost:3000/\" \"Mozilla/5.0 (Macintosh; Intel Mac OS X 10.15; rv:147.0) Gecko/20100101 Firefox/147.0\"","timestamp":"2026-02-25T17:54:41.915Z"}
order-service-1    | {"level":"info","message":"::ffff:173.194.208.207 - - [25/Feb/2026:17:54:41 +0000] \"GET /orders/user/1 HTTP/1.1\" 404 152 \"http://localhost:3000/\" \"Mozilla/5.0 (Macintosh; Intel Mac OS X 10.15; rv:147.0) Gecko/20100101 Firefox/147.0\"","timestamp":"2026-02-25T17:54:41.916Z"}
order-service-1    | {"level":"info","message":"::ffff:173.194.208.207 - - [25/Feb/2026:17:54:41 +0000] \"GET /orders/user/1 HTTP/1.1\" 404 152 \"http://localhost:3000/\" \"Mozilla/5.0 (Macintosh; Intel Mac OS X 10.15; rv:147.0) Gecko/20100101 Firefox/147.0\"","timestamp":"2026-02-25T17:54:41.919Z"}
order-service-1    | {"level":"info","message":"::ffff:173.194.208.207 - - [25/Feb/2026:17:54:41 +0000] \"GET /orders/user/1 HTTP/1.1\" 404 152 \"http://localhost:3000/\" \"Mozilla/5.0 (Macintosh; Intel Mac OS X 10.15; rv:147.0) Gecko/20100101 Firefox/147.0\"","timestamp":"2026-02-25T17:54:41.920Z"}
order-service-1    | {"level":"info","message":"::ffff:173.194.208.207 - - [25/Feb/2026:17:54:41 +0000] \"GET /orders/user/1 HTTP/1.1\" 404 152 \"http://localhost:3000/\" \"Mozilla/5.0 (Macintosh; Intel Mac OS X 10.15; rv:147.0) Gecko/20100101 Firefox/147.0\"","timestamp":"2026-02-25T17:54:41.924Z"}
kafka-1            | [2026-02-25 17:52:36,759] INFO Completed load of Log(dir=/var/lib/kafka/data/__consumer_offsets-27, topicId=USk2zQtOQn2EIUCQlRaD9g, topic=__consumer_offsets, partition=27, highWatermark=0, lastStableOffset=0, logStartOffset=0, logEndOffset=0) with 1 segments in 7ms (20/51 loaded in /var/lib/kafka/data) (kafka.log.LogManager)
kafka-1            | [2026-02-25 17:52:36,763] INFO [LogLoader partition=__consumer_offsets-33, dir=/var/lib/kafka/data] Loading producer state till offset 0 with message format version 2 (kafka.log.Log$)
kafka-1            | [2026-02-25 17:52:36,769] INFO Completed load of Log(dir=/var/lib/kafka/data/__consumer_offsets-33, topicId=USk2zQtOQn2EIUCQlRaD9g, topic=__consumer_offsets, partition=33, highWatermark=0, lastStableOffset=0, logStartOffset=0, logEndOffset=0) with 1 segments in 10ms (21/51 loaded in /var/lib/kafka/data) (kafka.log.LogManager)
kafka-1            | [2026-02-25 17:52:36,772] INFO [LogLoader partition=__consumer_offsets-16, dir=/var/lib/kafka/data] Loading producer state till offset 0 with message format version 2 (kafka.log.Log$)
product-service-1  | Database connected successfully
product-service-1  | Executing (default): SELECT table_name FROM information_schema.tables WHERE table_schema = 'public' AND table_name = 'Products'
order-service-1    | {"level":"info","message":"::ffff:173.194.208.207 - - [25/Feb/2026:17:54:41 +0000] \"GET /orders/user/1 HTTP/1.1\" 404 152 \"http://localhost:3000/\" \"Mozilla/5.0 (Macintosh; Intel Mac OS X 10.15; rv:147.0) Gecko/20100101 Firefox/147.0\"","timestamp":"2026-02-25T17:54:41.928Z"}
order-service-1    | {"level":"info","message":"::ffff:173.194.208.207 - - [25/Feb/2026:17:54:41 +0000] \"GET /orders/user/1 HTTP/1.1\" 404 152 \"http://localhost:3000/\" \"Mozilla/5.0 (Macintosh; Intel Mac OS X 10.15; rv:147.0) Gecko/20100101 Firefox/147.0\"","timestamp":"2026-02-25T17:54:41.930Z"}
order-service-1    | {"level":"info","message":"::ffff:173.194.208.207 - - [25/Feb/2026:17:54:41 +0000] \"GET /orders/user/1 HTTP/1.1\" 404 152 \"http://localhost:3000/\" \"Mozilla/5.0 (Macintosh; Intel Mac OS X 10.15; rv:147.0) Gecko/20100101 Firefox/147.0\"","timestamp":"2026-02-25T17:54:41.933Z"}
