kafka-1            | [2026-02-26 12:32:41,606] INFO Completed load of Log(dir=/var/lib/kafka/data/__consumer_offsets-26, topicId=M8EGXUEpTwi_jCPLpuiT6A, topic=__consumer_offsets, partition=26, highWatermark=0, lastStableOffset=0, logStartOffset=0, logEndOffset=0) with 1 segments in 9ms (23/51 loaded in /var/lib/kafka/data) (kafka.log.LogManager)
kafka-1            | [2026-02-26 12:32:41,610] INFO [LogLoader partition=__consumer_offsets-17, dir=/var/lib/kafka/data] Loading producer state till offset 0 with message format version 2 (kafka.log.Log$)
kafka-1            | [2026-02-26 12:32:41,614] INFO Completed load of Log(dir=/var/lib/kafka/data/__consumer_offsets-17, topicId=M8EGXUEpTwi_jCPLpuiT6A, topic=__consumer_offsets, partition=17, highWatermark=0, lastStableOffset=0, logStartOffset=0, logEndOffset=0) with 1 segments in 9ms (24/51 loaded in /var/lib/kafka/data) (kafka.log.LogManager)
kafka-1            | [2026-02-26 12:32:41,619] INFO [LogLoader partition=__consumer_offsets-47, dir=/var/lib/kafka/data] Loading producer state till offset 0 with message format version 2 (kafka.log.Log$)
kafka-1            | [2026-02-26 12:32:41,621] INFO Completed load of Log(dir=/var/lib/kafka/data/__consumer_offsets-47, topicId=M8EGXUEpTwi_jCPLpuiT6A, topic=__consumer_offsets, partition=47, highWatermark=0, lastStableOffset=0, logStartOffset=0, logEndOffset=0) with 1 segments in 6ms (25/51 loaded in /var/lib/kafka/data) (kafka.log.LogManager)
kafka-1            | [2026-02-26 12:32:41,627] INFO [LogLoader partition=__consumer_offsets-21, dir=/var/lib/kafka/data] Loading producer state till offset 0 with message format version 2 (kafka.log.Log$)
kafka-1            | [2026-02-26 12:32:41,632] INFO Completed load of Log(dir=/var/lib/kafka/data/__consumer_offsets-21, topicId=M8EGXUEpTwi_jCPLpuiT6A, topic=__consumer_offsets, partition=21, highWatermark=0, lastStableOffset=0, logStartOffset=0, logEndOffset=0) with 1 segments in 11ms (26/51 loaded in /var/lib/kafka/data) (kafka.log.LogManager)
kafka-1            | [2026-02-26 12:32:41,636] INFO [LogLoader partition=__consumer_offsets-18, dir=/var/lib/kafka/data] Loading producer state till offset 0 with message format version 2 (kafka.log.Log$)
kafka-1            | [2026-02-26 12:32:41,638] INFO Completed load of Log(dir=/var/lib/kafka/data/__consumer_offsets-18, topicId=M8EGXUEpTwi_jCPLpuiT6A, topic=__consumer_offsets, partition=18, highWatermark=0, lastStableOffset=0, logStartOffset=0, logEndOffset=0) with 1 segments in 5ms (27/51 loaded in /var/lib/kafka/data) (kafka.log.LogManager)
kafka-1            | [2026-02-26 12:32:41,640] INFO [LogLoader partition=__consumer_offsets-14, dir=/var/lib/kafka/data] Loading producer state till offset 0 with message format version 2 (kafka.log.Log$)
kafka-1            | [2026-02-26 12:32:41,642] INFO Completed load of Log(dir=/var/lib/kafka/data/__consumer_offsets-14, topicId=M8EGXUEpTwi_jCPLpuiT6A, topic=__consumer_offsets, partition=14, highWatermark=0, lastStableOffset=0, logStartOffset=0, logEndOffset=0) with 1 segments in 4ms (28/51 loaded in /var/lib/kafka/data) (kafka.log.LogManager)
kafka-1            | [2026-02-26 12:32:41,646] INFO [LogLoader partition=__consumer_offsets-41, dir=/var/lib/kafka/data] Loading producer state till offset 0 with message format version 2 (kafka.log.Log$)
kafka-1            | [2026-02-26 12:32:41,649] INFO Completed load of Log(dir=/var/lib/kafka/data/__consumer_offsets-41, topicId=M8EGXUEpTwi_jCPLpuiT6A, topic=__consumer_offsets, partition=41, highWatermark=0, lastStableOffset=0, logStartOffset=0, logEndOffset=0) with 1 segments in 7ms (29/51 loaded in /var/lib/kafka/data) (kafka.log.LogManager)
kafka-1            | [2026-02-26 12:32:41,654] INFO [LogLoader partition=__consumer_offsets-20, dir=/var/lib/kafka/data] Loading producer state till offset 0 with message format version 2 (kafka.log.Log$)
grafana-1          | logger=migrator t=2026-02-26T11:27:20.97845697Z level=info msg="Migration successfully executed" id="copy login_attempt v1 to v2" duration=371.375µs
grafana-1          | logger=migrator t=2026-02-26T11:27:20.980216304Z level=info msg="Executing migration" id="drop login_attempt_tmp_qwerty"
grafana-1          | logger=migrator t=2026-02-26T11:27:20.980738304Z level=info msg="Migration successfully executed" id="drop login_attempt_tmp_qwerty" duration=522.375µs
order-service-1    | {"level":"info","message":"::ffff:142.250.114.207 - - [26/Feb/2026:11:29:00 +0000] \"GET /orders/user/1 HTTP/1.1\" 404 152 \"http://localhost:3000/\" \"Mozilla/5.0 (Macintosh; Intel Mac OS X 10.15; rv:147.0) Gecko/20100101 Firefox/147.0\"","timestamp":"2026-02-26T11:29:00.050Z"}
order-service-1    | {"level":"info","message":"::ffff:142.250.114.207 - - [26/Feb/2026:11:29:00 +0000] \"GET /orders/user/1 HTTP/1.1\" 404 152 \"http://localhost:3000/\" \"Mozilla/5.0 (Macintosh; Intel Mac OS X 10.15; rv:147.0) Gecko/20100101 Firefox/147.0\"","timestamp":"2026-02-26T11:29:00.051Z"}
order-service-1    | {"level":"info","message":"::ffff:142.250.114.207 - - [26/Feb/2026:11:29:00 +0000] \"GET /orders/user/1 HTTP/1.1\" 404 152 \"http://localhost:3000/\" \"Mozilla/5.0 (Macintosh; Intel Mac OS X 10.15; rv:147.0) Gecko/20100101 Firefox/147.0\"","timestamp":"2026-02-26T11:29:00.053Z"}
order-service-1    | {"level":"info","message":"::ffff:142.250.114.207 - - [26/Feb/2026:11:29:00 +0000] \"GET /orders/user/1 HTTP/1.1\" 404 152 \"http://localhost:3000/\" \"Mozilla/5.0 (Macintosh; Intel Mac OS X 10.15; rv:147.0) Gecko/20100101 Firefox/147.0\"","timestamp":"2026-02-26T11:29:00.054Z"}
order-service-1    | {"level":"info","message":"::ffff:142.250.114.207 - - [26/Feb/2026:11:29:00 +0000] \"GET /orders/user/1 HTTP/1.1\" 404 152 \"http://localhost:3000/\" \"Mozilla/5.0 (Macintosh; Intel Mac OS X 10.15; rv:147.0) Gecko/20100101 Firefox/147.0\"","timestamp":"2026-02-26T11:29:00.056Z"}
order-service-1    | {"level":"info","message":"::ffff:142.250.114.207 - - [26/Feb/2026:11:29:00 +0000] \"GET /orders/user/1 HTTP/1.1\" 404 152 \"http://localhost:3000/\" \"Mozilla/5.0 (Macintosh; Intel Mac OS X 10.15; rv:147.0) Gecko/20100101 Firefox/147.0\"","timestamp":"2026-02-26T11:29:00.057Z"}
order-service-1    | {"level":"info","message":"::ffff:142.250.114.207 - - [26/Feb/2026:11:29:00 +0000] \"GET /orders/user/1 HTTP/1.1\" 404 152 \"http://localhost:3000/\" \"Mozilla/5.0 (Macintosh; Intel Mac OS X 10.15; rv:147.0) Gecko/20100101 Firefox/147.0\"","timestamp":"2026-02-26T11:29:00.058Z"}
grafana-1          | logger=migrator t=2026-02-26T11:27:20.98201197Z level=info msg="Executing migration" id="increase login_attempt.ip_address column length for IPv6 support"
grafana-1          | logger=migrator t=2026-02-26T11:27:20.982025095Z level=info msg="Migration successfully executed" id="increase login_attempt.ip_address column length for IPv6 support" duration=12.167µs
grafana-1          | logger=migrator t=2026-02-26T11:27:20.98412222Z level=info msg="Executing migration" id="alter table login_attempt alter column created type to bigint"
grafana-1          | logger=migrator t=2026-02-26T11:27:20.984153179Z level=info msg="Migration successfully executed" id="alter table login_attempt alter column created type to bigint" duration=32.792µs
order-service-1    | {"level":"info","message":"::ffff:142.250.114.207 - - [26/Feb/2026:11:29:00 +0000] \"GET /orders/user/1 HTTP/1.1\" 404 152 \"http://localhost:3000/\" \"Mozilla/5.0 (Macintosh; Intel Mac OS X 10.15; rv:147.0) Gecko/20100101 Firefox/147.0\"","timestamp":"2026-02-26T11:29:00.060Z"}
order-service-1    | {"level":"info","message":"::ffff:142.250.114.207 - - [26/Feb/2026:11:29:00 +0000] \"GET /orders/user/1 HTTP/1.1\" 404 152 \"http://localhost:3000/\" \"Mozilla/5.0 (Macintosh; Intel Mac OS X 10.15; rv:147.0) Gecko/20100101 Firefox/147.0\"","timestamp":"2026-02-26T11:29:00.113Z"}
grafana-1          | logger=migrator t=2026-02-26T11:27:20.98613072Z level=info msg="Executing migration" id="create user auth table"
grafana-1          | logger=migrator t=2026-02-26T11:27:20.986990554Z level=info msg="Migration successfully executed" id="create user auth table" duration=859.958µs
order-service-1    | {"level":"info","message":"::ffff:142.250.114.207 - - [26/Feb/2026:11:29:00 +0000] \"GET /orders/user/1 HTTP/1.1\" 404 152 \"http://localhost:3000/\" \"Mozilla/5.0 (Macintosh; Intel Mac OS X 10.15; rv:147.0) Gecko/20100101 Firefox/147.0\"","timestamp":"2026-02-26T11:29:00.116Z"}
grafana-1          | logger=migrator t=2026-02-26T11:27:20.98885097Z level=info msg="Executing migration" id="create index IDX_user_auth_auth_module_auth_id - v1"
grafana-1          | logger=migrator t=2026-02-26T11:27:20.989465554Z level=info msg="Migration successfully executed" id="create index IDX_user_auth_auth_module_auth_id - v1" duration=614.583µs
grafana-1          | logger=migrator t=2026-02-26T11:27:20.990927512Z level=info msg="Executing migration" id="alter user_auth.auth_id to length 190"
kafka-1            | [2026-02-26 12:32:41,656] INFO Completed load of Log(dir=/var/lib/kafka/data/__consumer_offsets-20, topicId=M8EGXUEpTwi_jCPLpuiT6A, topic=__consumer_offsets, partition=20, highWatermark=0, lastStableOffset=0, logStartOffset=0, logEndOffset=0) with 1 segments in 7ms (30/51 loaded in /var/lib/kafka/data) (kafka.log.LogManager)
kafka-1            | [2026-02-26 12:32:41,661] INFO [LogLoader partition=__consumer_offsets-34, dir=/var/lib/kafka/data] Loading producer state till offset 0 with message format version 2 (kafka.log.Log$)
grafana-1          | logger=migrator t=2026-02-26T11:27:20.99093997Z level=info msg="Migration successfully executed" id="alter user_auth.auth_id to length 190" duration=13.166µs
grafana-1          | logger=migrator t=2026-02-26T11:27:20.992281429Z level=info msg="Executing migration" id="Add OAuth access token to user_auth"
kafka-1            | [2026-02-26 12:32:41,666] INFO Completed load of Log(dir=/var/lib/kafka/data/__consumer_offsets-34, topicId=M8EGXUEpTwi_jCPLpuiT6A, topic=__consumer_offsets, partition=34, highWatermark=0, lastStableOffset=0, logStartOffset=0, logEndOffset=0) with 1 segments in 9ms (31/51 loaded in /var/lib/kafka/data) (kafka.log.LogManager)
kafka-1            | [2026-02-26 12:32:41,670] INFO [LogLoader partition=__consumer_offsets-10, dir=/var/lib/kafka/data] Loading producer state till offset 0 with message format version 2 (kafka.log.Log$)
kafka-1            | [2026-02-26 12:32:41,671] INFO Completed load of Log(dir=/var/lib/kafka/data/__consumer_offsets-10, topicId=M8EGXUEpTwi_jCPLpuiT6A, topic=__consumer_offsets, partition=10, highWatermark=0, lastStableOffset=0, logStartOffset=0, logEndOffset=0) with 1 segments in 5ms (32/51 loaded in /var/lib/kafka/data) (kafka.log.LogManager)
kafka-1            | [2026-02-26 12:32:41,676] INFO [LogLoader partition=__consumer_offsets-48, dir=/var/lib/kafka/data] Loading producer state till offset 0 with message format version 2 (kafka.log.Log$)
kafka-1            | [2026-02-26 12:32:41,681] INFO Completed load of Log(dir=/var/lib/kafka/data/__consumer_offsets-48, topicId=M8EGXUEpTwi_jCPLpuiT6A, topic=__consumer_offsets, partition=48, highWatermark=0, lastStableOffset=0, logStartOffset=0, logEndOffset=0) with 1 segments in 9ms (33/51 loaded in /var/lib/kafka/data) (kafka.log.LogManager)
kafka-1            | [2026-02-26 12:32:41,684] INFO [LogLoader partition=__consumer_offsets-36, dir=/var/lib/kafka/data] Loading producer state till offset 0 with message format version 2 (kafka.log.Log$)
kafka-1            | [2026-02-26 12:32:41,686] INFO Completed load of Log(dir=/var/lib/kafka/data/__consumer_offsets-36, topicId=M8EGXUEpTwi_jCPLpuiT6A, topic=__consumer_offsets, partition=36, highWatermark=0, lastStableOffset=0, logStartOffset=0, logEndOffset=0) with 1 segments in 5ms (34/51 loaded in /var/lib/kafka/data) (kafka.log.LogManager)
kafka-1            | [2026-02-26 12:32:41,694] INFO [LogLoader partition=__consumer_offsets-31, dir=/var/lib/kafka/data] Loading producer state till offset 0 with message format version 2 (kafka.log.Log$)
kafka-1            | [2026-02-26 12:32:41,695] INFO Completed load of Log(dir=/var/lib/kafka/data/__consumer_offsets-31, topicId=M8EGXUEpTwi_jCPLpuiT6A, topic=__consumer_offsets, partition=31, highWatermark=0, lastStableOffset=0, logStartOffset=0, logEndOffset=0) with 1 segments in 9ms (35/51 loaded in /var/lib/kafka/data) (kafka.log.LogManager)
grafana-1          | logger=migrator t=2026-02-26T11:27:20.995474929Z level=info msg="Migration successfully executed" id="Add OAuth access token to user_auth" duration=3.192667ms
grafana-1          | logger=migrator t=2026-02-26T11:27:20.996873762Z level=info msg="Executing migration" id="Add OAuth refresh token to user_auth"
grafana-1          | logger=migrator t=2026-02-26T11:27:20.999761137Z level=info msg="Migration successfully executed" id="Add OAuth refresh token to user_auth" duration=2.89175ms
grafana-1          | logger=migrator t=2026-02-26T11:27:21.001210804Z level=info msg="Executing migration" id="Add OAuth token type to user_auth"
grafana-1          | logger=migrator t=2026-02-26T11:27:21.004843595Z level=info msg="Migration successfully executed" id="Add OAuth token type to user_auth" duration=3.630708ms
grafana-1          | logger=migrator t=2026-02-26T11:27:21.006913929Z level=info msg="Executing migration" id="Add OAuth expiry to user_auth"
grafana-1          | logger=migrator t=2026-02-26T11:27:21.00986922Z level=info msg="Migration successfully executed" id="Add OAuth expiry to user_auth" duration=2.923959ms
grafana-1          | logger=migrator t=2026-02-26T11:27:21.011941137Z level=info msg="Executing migration" id="Add index to user_id column in user_auth"
grafana-1          | logger=migrator t=2026-02-26T11:27:21.01261647Z level=info msg="Migration successfully executed" id="Add index to user_id column in user_auth" duration=675.667µs
grafana-1          | logger=migrator t=2026-02-26T11:27:21.014116637Z level=info msg="Executing migration" id="Add OAuth ID token to user_auth"
kafka-1            | [2026-02-26 12:32:41,699] INFO [LogLoader partition=__consumer_offsets-1, dir=/var/lib/kafka/data] Loading producer state till offset 0 with message format version 2 (kafka.log.Log$)
kafka-1            | [2026-02-26 12:32:41,700] INFO Completed load of Log(dir=/var/lib/kafka/data/__consumer_offsets-1, topicId=M8EGXUEpTwi_jCPLpuiT6A, topic=__consumer_offsets, partition=1, highWatermark=0, lastStableOffset=0, logStartOffset=0, logEndOffset=0) with 1 segments in 5ms (36/51 loaded in /var/lib/kafka/data) (kafka.log.LogManager)
kafka-1            | [2026-02-26 12:32:41,705] INFO [LogLoader partition=__consumer_offsets-43, dir=/var/lib/kafka/data] Loading producer state till offset 0 with message format version 2 (kafka.log.Log$)
kafka-1            | [2026-02-26 12:32:41,707] INFO Completed load of Log(dir=/var/lib/kafka/data/__consumer_offsets-43, topicId=M8EGXUEpTwi_jCPLpuiT6A, topic=__consumer_offsets, partition=43, highWatermark=0, lastStableOffset=0, logStartOffset=0, logEndOffset=0) with 1 segments in 7ms (37/51 loaded in /var/lib/kafka/data) (kafka.log.LogManager)
grafana-1          | logger=migrator t=2026-02-26T11:27:21.017409345Z level=info msg="Migration successfully executed" id="Add OAuth ID token to user_auth" duration=3.292458ms
grafana-1          | logger=migrator t=2026-02-26T11:27:21.018699345Z level=info msg="Executing migration" id="Add user_unique_id to user_auth"
kafka-1            | [2026-02-26 12:32:41,710] INFO [LogLoader partition=__consumer_offsets-25, dir=/var/lib/kafka/data] Loading producer state till offset 0 with message format version 2 (kafka.log.Log$)
kafka-1            | [2026-02-26 12:32:41,714] INFO Completed load of Log(dir=/var/lib/kafka/data/__consumer_offsets-25, topicId=M8EGXUEpTwi_jCPLpuiT6A, topic=__consumer_offsets, partition=25, highWatermark=0, lastStableOffset=0, logStartOffset=0, logEndOffset=0) with 1 segments in 7ms (38/51 loaded in /var/lib/kafka/data) (kafka.log.LogManager)
grafana-1          | logger=migrator t=2026-02-26T11:27:21.021972929Z level=info msg="Migration successfully executed" id="Add user_unique_id to user_auth" duration=3.272583ms
kafka-1            | [2026-02-26 12:32:41,717] INFO [LogLoader partition=__consumer_offsets-6, dir=/var/lib/kafka/data] Loading producer state till offset 0 with message format version 2 (kafka.log.Log$)
kafka-1            | [2026-02-26 12:32:41,719] INFO Completed load of Log(dir=/var/lib/kafka/data/__consumer_offsets-6, topicId=M8EGXUEpTwi_jCPLpuiT6A, topic=__consumer_offsets, partition=6, highWatermark=0, lastStableOffset=0, logStartOffset=0, logEndOffset=0) with 1 segments in 5ms (39/51 loaded in /var/lib/kafka/data) (kafka.log.LogManager)
kafka-1            | [2026-02-26 12:32:41,721] INFO [LogLoader partition=__consumer_offsets-2, dir=/var/lib/kafka/data] Loading producer state till offset 0 with message format version 2 (kafka.log.Log$)
kafka-1            | [2026-02-26 12:32:41,723] INFO Completed load of Log(dir=/var/lib/kafka/data/__consumer_offsets-2, topicId=M8EGXUEpTwi_jCPLpuiT6A, topic=__consumer_offsets, partition=2, highWatermark=0, lastStableOffset=0, logStartOffset=0, logEndOffset=0) with 1 segments in 4ms (40/51 loaded in /var/lib/kafka/data) (kafka.log.LogManager)
kafka-1            | [2026-02-26 12:32:41,728] INFO [LogLoader partition=__consumer_offsets-28, dir=/var/lib/kafka/data] Loading producer state till offset 0 with message format version 2 (kafka.log.Log$)
kafka-1            | [2026-02-26 12:32:41,737] INFO Completed load of Log(dir=/var/lib/kafka/data/__consumer_offsets-28, topicId=M8EGXUEpTwi_jCPLpuiT6A, topic=__consumer_offsets, partition=28, highWatermark=0, lastStableOffset=0, logStartOffset=0, logEndOffset=0) with 1 segments in 13ms (41/51 loaded in /var/lib/kafka/data) (kafka.log.LogManager)
kafka-1            | [2026-02-26 12:32:41,740] INFO [LogLoader partition=__consumer_offsets-11, dir=/var/lib/kafka/data] Loading producer state till offset 0 with message format version 2 (kafka.log.Log$)
order-service-1    | {"level":"info","message":"::ffff:142.250.114.207 - - [26/Feb/2026:11:29:00 +0000] \"GET /orders/user/1 HTTP/1.1\" 404 152 \"http://localhost:3000/\" \"Mozilla/5.0 (Macintosh; Intel Mac OS X 10.15; rv:147.0) Gecko/20100101 Firefox/147.0\"","timestamp":"2026-02-26T11:29:00.118Z"}
order-service-1    | {"level":"info","message":"::ffff:142.250.114.207 - - [26/Feb/2026:11:29:00 +0000] \"GET /orders/user/1 HTTP/1.1\" 404 152 \"http://localhost:3000/\" \"Mozilla/5.0 (Macintosh; Intel Mac OS X 10.15; rv:147.0) Gecko/20100101 Firefox/147.0\"","timestamp":"2026-02-26T11:29:00.121Z"}
order-service-1    | {"level":"info","message":"::ffff:142.250.114.207 - - [26/Feb/2026:11:29:00 +0000] \"GET /orders/user/1 HTTP/1.1\" 404 152 \"http://localhost:3000/\" \"Mozilla/5.0 (Macintosh; Intel Mac OS X 10.15; rv:147.0) Gecko/20100101 Firefox/147.0\"","timestamp":"2026-02-26T11:29:00.122Z"}
order-service-1    | {"level":"info","message":"::ffff:142.250.114.207 - - [26/Feb/2026:11:29:00 +0000] \"GET /orders/user/1 HTTP/1.1\" 404 152 \"http://localhost:3000/\" \"Mozilla/5.0 (Macintosh; Intel Mac OS X 10.15; rv:147.0) Gecko/20100101 Firefox/147.0\"","timestamp":"2026-02-26T11:29:00.124Z"}
order-service-1    | {"level":"info","message":"::ffff:142.250.114.207 - - [26/Feb/2026:11:29:00 +0000] \"GET /orders/user/1 HTTP/1.1\" 404 152 \"http://localhost:3000/\" \"Mozilla/5.0 (Macintosh; Intel Mac OS X 10.15; rv:147.0) Gecko/20100101 Firefox/147.0\"","timestamp":"2026-02-26T11:29:00.126Z"}
order-service-1    | {"level":"info","message":"::ffff:142.250.114.207 - - [26/Feb/2026:11:29:00 +0000] \"GET /orders/user/1 HTTP/1.1\" 404 152 \"http://localhost:3000/\" \"Mozilla/5.0 (Macintosh; Intel Mac OS X 10.15; rv:147.0) Gecko/20100101 Firefox/147.0\"","timestamp":"2026-02-26T11:29:00.128Z"}
order-service-1    | {"level":"info","message":"::ffff:142.250.114.207 - - [26/Feb/2026:11:29:00 +0000] \"GET /orders/user/1 HTTP/1.1\" 404 152 \"http://localhost:3000/\" \"Mozilla/5.0 (Macintosh; Intel Mac OS X 10.15; rv:147.0) Gecko/20100101 Firefox/147.0\"","timestamp":"2026-02-26T11:29:00.129Z"}
order-service-1    | {"level":"info","message":"::ffff:142.250.114.207 - - [26/Feb/2026:11:29:00 +0000] \"GET /orders/user/1 HTTP/1.1\" 404 152 \"http://localhost:3000/\" \"Mozilla/5.0 (Macintosh; Intel Mac OS X 10.15; rv:147.0) Gecko/20100101 Firefox/147.0\"","timestamp":"2026-02-26T11:29:00.130Z"}
order-service-1    | {"level":"info","message":"::ffff:142.250.114.207 - - [26/Feb/2026:11:29:00 +0000] \"GET /orders/user/1 HTTP/1.1\" 404 152 \"http://localhost:3000/\" \"Mozilla/5.0 (Macintosh; Intel Mac OS X 10.15; rv:147.0) Gecko/20100101 Firefox/147.0\"","timestamp":"2026-02-26T11:29:00.131Z"}
order-service-1    | {"level":"info","message":"::ffff:142.250.114.207 - - [26/Feb/2026:11:29:00 +0000] \"GET /orders/user/1 HTTP/1.1\" 404 152 \"http://localhost:3000/\" \"Mozilla/5.0 (Macintosh; Intel Mac OS X 10.15; rv:147.0) Gecko/20100101 Firefox/147.0\"","timestamp":"2026-02-26T11:29:00.133Z"}
order-service-1    | {"level":"info","message":"::ffff:142.250.114.207 - - [26/Feb/2026:11:29:00 +0000] \"GET /orders/user/1 HTTP/1.1\" 404 152 \"http://localhost:3000/\" \"Mozilla/5.0 (Macintosh; Intel Mac OS X 10.15; rv:147.0) Gecko/20100101 Firefox/147.0\"","timestamp":"2026-02-26T11:29:00.134Z"}
order-service-1    | {"level":"info","message":"::ffff:142.250.114.207 - - [26/Feb/2026:11:29:00 +0000] \"GET /orders/user/1 HTTP/1.1\" 404 152 \"http://localhost:3000/\" \"Mozilla/5.0 (Macintosh; Intel Mac OS X 10.15; rv:147.0) Gecko/20100101 Firefox/147.0\"","timestamp":"2026-02-26T11:29:00.136Z"}
order-service-1    | {"level":"info","message":"::ffff:142.250.114.207 - - [26/Feb/2026:11:29:00 +0000] \"GET /orders/user/1 HTTP/1.1\" 404 152 \"http://localhost:3000/\" \"Mozilla/5.0 (Macintosh; Intel Mac OS X 10.15; rv:147.0) Gecko/20100101 Firefox/147.0\"","timestamp":"2026-02-26T11:29:00.137Z"}
order-service-1    | {"level":"info","message":"::ffff:142.250.114.207 - - [26/Feb/2026:11:29:00 +0000] \"GET /orders/user/1 HTTP/1.1\" 404 152 \"http://localhost:3000/\" \"Mozilla/5.0 (Macintosh; Intel Mac OS X 10.15; rv:147.0) Gecko/20100101 Firefox/147.0\"","timestamp":"2026-02-26T11:29:00.138Z"}
order-service-1    | {"level":"info","message":"::ffff:142.250.114.207 - - [26/Feb/2026:11:29:00 +0000] \"GET /orders/user/1 HTTP/1.1\" 404 152 \"http://localhost:3000/\" \"Mozilla/5.0 (Macintosh; Intel Mac OS X 10.15; rv:147.0) Gecko/20100101 Firefox/147.0\"","timestamp":"2026-02-26T11:29:00.140Z"}
order-service-1    | {"level":"info","message":"::ffff:142.250.114.207 - - [26/Feb/2026:11:29:00 +0000] \"GET /orders/user/1 HTTP/1.1\" 404 152 \"http://localhost:3000/\" \"Mozilla/5.0 (Macintosh; Intel Mac OS X 10.15; rv:147.0) Gecko/20100101 Firefox/147.0\"","timestamp":"2026-02-26T11:29:00.141Z"}
order-service-1    | {"level":"info","message":"::ffff:142.250.114.207 - - [26/Feb/2026:11:29:00 +0000] \"GET /orders/user/1 HTTP/1.1\" 404 152 \"http://localhost:3000/\" \"Mozilla/5.0 (Macintosh; Intel Mac OS X 10.15; rv:147.0) Gecko/20100101 Firefox/147.0\"","timestamp":"2026-02-26T11:29:00.143Z"}
grafana-1          | logger=migrator t=2026-02-26T11:27:21.02404197Z level=info msg="Executing migration" id="create server_lock table"
grafana-1          | logger=migrator t=2026-02-26T11:27:21.024537429Z level=info msg="Migration successfully executed" id="create server_lock table" duration=495.5µs
grafana-1          | logger=migrator t=2026-02-26T11:27:21.026590304Z level=info msg="Executing migration" id="add index server_lock.operation_uid"
order-service-1    | {"level":"info","message":"::ffff:142.250.114.207 - - [26/Feb/2026:11:29:00 +0000] \"GET /orders/user/1 HTTP/1.1\" 404 152 \"http://localhost:3000/\" \"Mozilla/5.0 (Macintosh; Intel Mac OS X 10.15; rv:147.0) Gecko/20100101 Firefox/147.0\"","timestamp":"2026-02-26T11:29:00.145Z"}
order-service-1    | {"level":"info","message":"::ffff:142.250.114.207 - - [26/Feb/2026:11:29:00 +0000] \"GET /orders/user/1 HTTP/1.1\" 404 152 \"http://localhost:3000/\" \"Mozilla/5.0 (Macintosh; Intel Mac OS X 10.15; rv:147.0) Gecko/20100101 Firefox/147.0\"","timestamp":"2026-02-26T11:29:00.146Z"}
grafana-1          | logger=migrator t=2026-02-26T11:27:21.027368387Z level=info msg="Migration successfully executed" id="add index server_lock.operation_uid" duration=748.292µs
grafana-1          | logger=migrator t=2026-02-26T11:27:21.029277345Z level=info msg="Executing migration" id="create user auth token table"
grafana-1          | logger=migrator t=2026-02-26T11:27:21.029912887Z level=info msg="Migration successfully executed" id="create user auth token table" duration=635.375µs
grafana-1          | logger=migrator t=2026-02-26T11:27:21.031381762Z level=info msg="Executing migration" id="add unique index user_auth_token.auth_token"
grafana-1          | logger=migrator t=2026-02-26T11:27:21.03192597Z level=info msg="Migration successfully executed" id="add unique index user_auth_token.auth_token" duration=544.333µs
kafka-1            | [2026-02-26 12:32:41,753] INFO Completed load of Log(dir=/var/lib/kafka/data/__consumer_offsets-11, topicId=M8EGXUEpTwi_jCPLpuiT6A, topic=__consumer_offsets, partition=11, highWatermark=0, lastStableOffset=0, logStartOffset=0, logEndOffset=0) with 1 segments in 5ms (42/51 loaded in /var/lib/kafka/data) (kafka.log.LogManager)
kafka-1            | [2026-02-26 12:32:41,764] INFO [LogLoader partition=__consumer_offsets-23, dir=/var/lib/kafka/data] Loading producer state till offset 0 with message format version 2 (kafka.log.Log$)
kafka-1            | [2026-02-26 12:32:41,776] INFO Completed load of Log(dir=/var/lib/kafka/data/__consumer_offsets-23, topicId=M8EGXUEpTwi_jCPLpuiT6A, topic=__consumer_offsets, partition=23, highWatermark=0, lastStableOffset=0, logStartOffset=0, logEndOffset=0) with 1 segments in 22ms (43/51 loaded in /var/lib/kafka/data) (kafka.log.LogManager)
kafka-1            | [2026-02-26 12:32:41,786] INFO [LogLoader partition=__consumer_offsets-9, dir=/var/lib/kafka/data] Loading producer state till offset 0 with message format version 2 (kafka.log.Log$)
kafka-1            | [2026-02-26 12:32:41,790] INFO Completed load of Log(dir=/var/lib/kafka/data/__consumer_offsets-9, topicId=M8EGXUEpTwi_jCPLpuiT6A, topic=__consumer_offsets, partition=9, highWatermark=0, lastStableOffset=0, logStartOffset=0, logEndOffset=0) with 1 segments in 14ms (44/51 loaded in /var/lib/kafka/data) (kafka.log.LogManager)
kafka-1            | [2026-02-26 12:32:41,800] INFO [LogLoader partition=__consumer_offsets-42, dir=/var/lib/kafka/data] Loading producer state till offset 0 with message format version 2 (kafka.log.Log$)
kafka-1            | [2026-02-26 12:32:41,801] INFO Completed load of Log(dir=/var/lib/kafka/data/__consumer_offsets-42, topicId=M8EGXUEpTwi_jCPLpuiT6A, topic=__consumer_offsets, partition=42, highWatermark=0, lastStableOffset=0, logStartOffset=0, logEndOffset=0) with 1 segments in 11ms (45/51 loaded in /var/lib/kafka/data) (kafka.log.LogManager)
kafka-1            | [2026-02-26 12:32:41,806] INFO [LogLoader partition=__consumer_offsets-19, dir=/var/lib/kafka/data] Loading producer state till offset 0 with message format version 2 (kafka.log.Log$)
kafka-1            | [2026-02-26 12:32:41,808] INFO Completed load of Log(dir=/var/lib/kafka/data/__consumer_offsets-19, topicId=M8EGXUEpTwi_jCPLpuiT6A, topic=__consumer_offsets, partition=19, highWatermark=0, lastStableOffset=0, logStartOffset=0, logEndOffset=0) with 1 segments in 7ms (46/51 loaded in /var/lib/kafka/data) (kafka.log.LogManager)
kafka-1            | [2026-02-26 12:32:41,813] INFO [LogLoader partition=__consumer_offsets-30, dir=/var/lib/kafka/data] Loading producer state till offset 0 with message format version 2 (kafka.log.Log$)
kafka-1            | [2026-02-26 12:32:41,815] INFO Completed load of Log(dir=/var/lib/kafka/data/__consumer_offsets-30, topicId=M8EGXUEpTwi_jCPLpuiT6A, topic=__consumer_offsets, partition=30, highWatermark=0, lastStableOffset=0, logStartOffset=0, logEndOffset=0) with 1 segments in 6ms (47/51 loaded in /var/lib/kafka/data) (kafka.log.LogManager)
kafka-1            | [2026-02-26 12:32:41,858] INFO Deleted producer state snapshot /var/lib/kafka/data/__consumer_offsets-32/00000000000000000005.snapshot (kafka.log.SnapshotFile)
kafka-1            | [2026-02-26 12:32:41,862] INFO [LogLoader partition=__consumer_offsets-32, dir=/var/lib/kafka/data] Loading producer state till offset 6 with message format version 2 (kafka.log.Log$)
kafka-1            | [2026-02-26 12:32:41,862] INFO [LogLoader partition=__consumer_offsets-32, dir=/var/lib/kafka/data] Reloading from producer snapshot and rebuilding producer state from offset 6 (kafka.log.Log$)
kafka-1            | [2026-02-26 12:32:41,865] INFO [ProducerStateManager partition=__consumer_offsets-32] Loading producer state from snapshot file 'SnapshotFile(/var/lib/kafka/data/__consumer_offsets-32/00000000000000000006.snapshot,6)' (kafka.log.ProducerStateManager)
kafka-1            | [2026-02-26 12:32:41,873] INFO [LogLoader partition=__consumer_offsets-32, dir=/var/lib/kafka/data] Producer state recovery took 10ms for snapshot load and 1ms for segment recovery from offset 6 (kafka.log.Log$)
kafka-1            | [2026-02-26 12:32:41,877] INFO Completed load of Log(dir=/var/lib/kafka/data/__consumer_offsets-32, topicId=M8EGXUEpTwi_jCPLpuiT6A, topic=__consumer_offsets, partition=32, highWatermark=0, lastStableOffset=0, logStartOffset=0, logEndOffset=6) with 1 segments in 62ms (48/51 loaded in /var/lib/kafka/data) (kafka.log.LogManager)
order-service-1    | {"level":"info","message":"::ffff:142.250.114.207 - - [26/Feb/2026:11:29:00 +0000] \"GET /orders/user/1 HTTP/1.1\" 404 152 \"http://localhost:3000/\" \"Mozilla/5.0 (Macintosh; Intel Mac OS X 10.15; rv:147.0) Gecko/20100101 Firefox/147.0\"","timestamp":"2026-02-26T11:29:00.147Z"}
order-service-1    | {"level":"info","message":"::ffff:142.250.114.207 - - [26/Feb/2026:11:29:00 +0000] \"GET /orders/user/1 HTTP/1.1\" 404 152 \"http://localhost:3000/\" \"Mozilla/5.0 (Macintosh; Intel Mac OS X 10.15; rv:147.0) Gecko/20100101 Firefox/147.0\"","timestamp":"2026-02-26T11:29:00.148Z"}
order-service-1    | {"level":"info","message":"::ffff:142.250.114.207 - - [26/Feb/2026:11:29:00 +0000] \"GET /orders/user/1 HTTP/1.1\" 404 152 \"http://localhost:3000/\" \"Mozilla/5.0 (Macintosh; Intel Mac OS X 10.15; rv:147.0) Gecko/20100101 Firefox/147.0\"","timestamp":"2026-02-26T11:29:00.149Z"}
grafana-1          | logger=migrator t=2026-02-26T11:27:21.033376679Z level=info msg="Executing migration" id="add unique index user_auth_token.prev_auth_token"
grafana-1          | logger=migrator t=2026-02-26T11:27:21.033835887Z level=info msg="Migration successfully executed" id="add unique index user_auth_token.prev_auth_token" duration=459.292µs
grafana-1          | logger=migrator t=2026-02-26T11:27:21.035390054Z level=info msg="Executing migration" id="add index user_auth_token.user_id"
grafana-1          | logger=migrator t=2026-02-26T11:27:21.035970095Z level=info msg="Migration successfully executed" id="add index user_auth_token.user_id" duration=578.083µs
kafka-1            | [2026-02-26 12:32:41,881] INFO [LogLoader partition=__consumer_offsets-35, dir=/var/lib/kafka/data] Loading producer state till offset 0 with message format version 2 (kafka.log.Log$)
kafka-1            | [2026-02-26 12:32:41,886] INFO Completed load of Log(dir=/var/lib/kafka/data/__consumer_offsets-35, topicId=M8EGXUEpTwi_jCPLpuiT6A, topic=__consumer_offsets, partition=35, highWatermark=0, lastStableOffset=0, logStartOffset=0, logEndOffset=0) with 1 segments in 9ms (49/51 loaded in /var/lib/kafka/data) (kafka.log.LogManager)
grafana-1          | logger=migrator t=2026-02-26T11:27:21.037900762Z level=info msg="Executing migration" id="Add revoked_at to the user auth token"
grafana-1          | logger=migrator t=2026-02-26T11:27:21.040938679Z level=info msg="Migration successfully executed" id="Add revoked_at to the user auth token" duration=3.037458ms
kafka-1            | [2026-02-26 12:32:41,891] INFO Deleted producer state snapshot /var/lib/kafka/data/__consumer_offsets-45/00000000000000000008.snapshot (kafka.log.SnapshotFile)
kafka-1            | [2026-02-26 12:32:41,891] INFO [LogLoader partition=__consumer_offsets-45, dir=/var/lib/kafka/data] Loading producer state till offset 9 with message format version 2 (kafka.log.Log$)
kafka-1            | [2026-02-26 12:32:41,892] INFO [LogLoader partition=__consumer_offsets-45, dir=/var/lib/kafka/data] Reloading from producer snapshot and rebuilding producer state from offset 9 (kafka.log.Log$)
kafka-1            | [2026-02-26 12:32:41,892] INFO [ProducerStateManager partition=__consumer_offsets-45] Loading producer state from snapshot file 'SnapshotFile(/var/lib/kafka/data/__consumer_offsets-45/00000000000000000009.snapshot,9)' (kafka.log.ProducerStateManager)
kafka-1            | [2026-02-26 12:32:41,892] INFO [LogLoader partition=__consumer_offsets-45, dir=/var/lib/kafka/data] Producer state recovery took 0ms for snapshot load and 0ms for segment recovery from offset 9 (kafka.log.Log$)
kafka-1            | [2026-02-26 12:32:41,895] INFO Completed load of Log(dir=/var/lib/kafka/data/__consumer_offsets-45, topicId=M8EGXUEpTwi_jCPLpuiT6A, topic=__consumer_offsets, partition=45, highWatermark=0, lastStableOffset=0, logStartOffset=0, logEndOffset=9) with 1 segments in 9ms (50/51 loaded in /var/lib/kafka/data) (kafka.log.LogManager)
kafka-1            | [2026-02-26 12:32:41,899] INFO [LogLoader partition=__consumer_offsets-7, dir=/var/lib/kafka/data] Loading producer state till offset 0 with message format version 2 (kafka.log.Log$)
kafka-1            | [2026-02-26 12:32:41,902] INFO Completed load of Log(dir=/var/lib/kafka/data/__consumer_offsets-7, topicId=M8EGXUEpTwi_jCPLpuiT6A, topic=__consumer_offsets, partition=7, highWatermark=0, lastStableOffset=0, logStartOffset=0, logEndOffset=0) with 1 segments in 7ms (51/51 loaded in /var/lib/kafka/data) (kafka.log.LogManager)
kafka-1            | [2026-02-26 12:32:41,905] INFO Loaded 51 logs in 605ms. (kafka.log.LogManager)
kafka-1            | [2026-02-26 12:32:41,907] INFO Starting log cleanup with a period of 300000 ms. (kafka.log.LogManager)
kafka-1            | [2026-02-26 12:32:41,908] INFO Starting log flusher with a default period of 9223372036854775807 ms. (kafka.log.LogManager)
kafka-1            | [2026-02-26 12:32:41,925] INFO Starting the log cleaner (kafka.log.LogCleaner)
kafka-1            | [2026-02-26 12:32:42,063] INFO [kafka-log-cleaner-thread-0]: Starting (kafka.log.LogCleaner)
kafka-1            | [2026-02-26 12:32:42,374] INFO [BrokerToControllerChannelManager broker=1 name=forwarding]: Starting (kafka.server.BrokerToControllerRequestThread)
order-service-1    | {"level":"info","message":"::ffff:142.250.114.207 - - [26/Feb/2026:11:29:00 +0000] \"GET /orders/user/1 HTTP/1.1\" 404 152 \"http://localhost:3000/\" \"Mozilla/5.0 (Macintosh; Intel Mac OS X 10.15; rv:147.0) Gecko/20100101 Firefox/147.0\"","timestamp":"2026-02-26T11:29:00.151Z"}
order-service-1    | {"level":"info","message":"::ffff:142.250.114.207 - - [26/Feb/2026:11:29:00 +0000] \"GET /orders/user/1 HTTP/1.1\" 404 152 \"http://localhost:3000/\" \"Mozilla/5.0 (Macintosh; Intel Mac OS X 10.15; rv:147.0) Gecko/20100101 Firefox/147.0\"","timestamp":"2026-02-26T11:29:00.152Z"}
order-service-1    | {"level":"info","message":"::ffff:142.250.114.207 - - [26/Feb/2026:11:29:00 +0000] \"GET /orders/user/1 HTTP/1.1\" 404 152 \"http://localhost:3000/\" \"Mozilla/5.0 (Macintosh; Intel Mac OS X 10.15; rv:147.0) Gecko/20100101 Firefox/147.0\"","timestamp":"2026-02-26T11:29:00.154Z"}
order-service-1    | {"level":"info","message":"::ffff:142.250.114.207 - - [26/Feb/2026:11:29:00 +0000] \"GET /orders/user/1 HTTP/1.1\" 404 152 \"http://localhost:3000/\" \"Mozilla/5.0 (Macintosh; Intel Mac OS X 10.15; rv:147.0) Gecko/20100101 Firefox/147.0\"","timestamp":"2026-02-26T11:29:00.155Z"}
grafana-1          | logger=migrator t=2026-02-26T11:27:21.042828387Z level=info msg="Executing migration" id="add index user_auth_token.revoked_at"
grafana-1          | logger=migrator t=2026-02-26T11:27:21.043438179Z level=info msg="Migration successfully executed" id="add index user_auth_token.revoked_at" duration=610.125µs
order-service-1    | {"level":"info","message":"::ffff:142.250.114.207 - - [26/Feb/2026:11:29:00 +0000] \"GET /orders/user/1 HTTP/1.1\" 404 152 \"http://localhost:3000/\" \"Mozilla/5.0 (Macintosh; Intel Mac OS X 10.15; rv:147.0) Gecko/20100101 Firefox/147.0\"","timestamp":"2026-02-26T11:29:00.157Z"}
order-service-1    | {"level":"info","message":"::ffff:142.250.114.207 - - [26/Feb/2026:11:29:00 +0000] \"GET /orders/user/1 HTTP/1.1\" 404 152 \"http://localhost:3000/\" \"Mozilla/5.0 (Macintosh; Intel Mac OS X 10.15; rv:147.0) Gecko/20100101 Firefox/147.0\"","timestamp":"2026-02-26T11:29:00.158Z"}
order-service-1    | {"level":"info","message":"::ffff:142.250.114.207 - - [26/Feb/2026:11:29:00 +0000] \"GET /orders/user/1 HTTP/1.1\" 404 152 \"http://localhost:3000/\" \"Mozilla/5.0 (Macintosh; Intel Mac OS X 10.15; rv:147.0) Gecko/20100101 Firefox/147.0\"","timestamp":"2026-02-26T11:29:00.160Z"}
order-service-1    | {"level":"info","message":"::ffff:142.250.114.207 - - [26/Feb/2026:11:29:00 +0000] \"GET /orders/user/1 HTTP/1.1\" 404 152 \"http://localhost:3000/\" \"Mozilla/5.0 (Macintosh; Intel Mac OS X 10.15; rv:147.0) Gecko/20100101 Firefox/147.0\"","timestamp":"2026-02-26T11:29:00.161Z"}
order-service-1    | {"level":"info","message":"::ffff:142.250.114.207 - - [26/Feb/2026:11:29:00 +0000] \"GET /orders/user/1 HTTP/1.1\" 404 152 \"http://localhost:3000/\" \"Mozilla/5.0 (Macintosh; Intel Mac OS X 10.15; rv:147.0) Gecko/20100101 Firefox/147.0\"","timestamp":"2026-02-26T11:29:00.163Z"}
grafana-1          | logger=migrator t=2026-02-26T11:27:21.045096304Z level=info msg="Executing migration" id="add external_session_id to user_auth_token"
grafana-1          | logger=migrator t=2026-02-26T11:27:21.04846947Z level=info msg="Migration successfully executed" id="add external_session_id to user_auth_token" duration=3.371958ms
order-service-1    | {"level":"info","message":"::ffff:142.250.114.207 - - [26/Feb/2026:11:29:00 +0000] \"GET /orders/user/1 HTTP/1.1\" 404 152 \"http://localhost:3000/\" \"Mozilla/5.0 (Macintosh; Intel Mac OS X 10.15; rv:147.0) Gecko/20100101 Firefox/147.0\"","timestamp":"2026-02-26T11:29:00.164Z"}
order-service-1    | {"level":"info","message":"::ffff:142.250.114.207 - - [26/Feb/2026:11:29:00 +0000] \"GET /orders/user/1 HTTP/1.1\" 404 152 \"http://localhost:3000/\" \"Mozilla/5.0 (Macintosh; Intel Mac OS X 10.15; rv:147.0) Gecko/20100101 Firefox/147.0\"","timestamp":"2026-02-26T11:29:00.165Z"}
grafana-1          | logger=migrator t=2026-02-26T11:27:21.050026512Z level=info msg="Executing migration" id="create cache_data table"
grafana-1          | logger=migrator t=2026-02-26T11:27:21.050557929Z level=info msg="Migration successfully executed" id="create cache_data table" duration=531.583µs
grafana-1          | logger=migrator t=2026-02-26T11:27:21.051877804Z level=info msg="Executing migration" id="add unique index cache_data.cache_key"
grafana-1          | logger=migrator t=2026-02-26T11:27:21.052355179Z level=info msg="Migration successfully executed" id="add unique index cache_data.cache_key" duration=477.542µs
order-service-1    | {"level":"info","message":"::ffff:142.250.114.207 - - [26/Feb/2026:11:29:00 +0000] \"GET /orders/user/1 HTTP/1.1\" 404 152 \"http://localhost:3000/\" \"Mozilla/5.0 (Macintosh; Intel Mac OS X 10.15; rv:147.0) Gecko/20100101 Firefox/147.0\"","timestamp":"2026-02-26T11:29:00.166Z"}
order-service-1    | {"level":"info","message":"::ffff:142.250.114.207 - - [26/Feb/2026:11:29:00 +0000] \"GET /orders/user/1 HTTP/1.1\" 404 152 \"http://localhost:3000/\" \"Mozilla/5.0 (Macintosh; Intel Mac OS X 10.15; rv:147.0) Gecko/20100101 Firefox/147.0\"","timestamp":"2026-02-26T11:29:00.168Z"}
order-service-1    | {"level":"info","message":"::ffff:142.250.114.207 - - [26/Feb/2026:11:29:00 +0000] \"GET /orders/user/1 HTTP/1.1\" 404 152 \"http://localhost:3000/\" \"Mozilla/5.0 (Macintosh; Intel Mac OS X 10.15; rv:147.0) Gecko/20100101 Firefox/147.0\"","timestamp":"2026-02-26T11:29:00.169Z"}
order-service-1    | {"level":"info","message":"::ffff:142.250.114.207 - - [26/Feb/2026:11:29:00 +0000] \"GET /orders/user/1 HTTP/1.1\" 404 152 \"http://localhost:3000/\" \"Mozilla/5.0 (Macintosh; Intel Mac OS X 10.15; rv:147.0) Gecko/20100101 Firefox/147.0\"","timestamp":"2026-02-26T11:29:00.170Z"}
order-service-1    | {"level":"info","message":"::ffff:142.250.114.207 - - [26/Feb/2026:11:29:00 +0000] \"GET /orders/user/1 HTTP/1.1\" 404 152 \"http://localhost:3000/\" \"Mozilla/5.0 (Macintosh; Intel Mac OS X 10.15; rv:147.0) Gecko/20100101 Firefox/147.0\"","timestamp":"2026-02-26T11:29:00.172Z"}
grafana-1          | logger=migrator t=2026-02-26T11:27:21.053560512Z level=info msg="Executing migration" id="create short_url table v1"
grafana-1          | logger=migrator t=2026-02-26T11:27:21.054043804Z level=info msg="Migration successfully executed" id="create short_url table v1" duration=483.625µs
grafana-1          | logger=migrator t=2026-02-26T11:27:21.055336595Z level=info msg="Executing migration" id="add index short_url.org_id-uid"
grafana-1          | logger=migrator t=2026-02-26T11:27:21.055845345Z level=info msg="Migration successfully executed" id="add index short_url.org_id-uid" duration=508.708µs
grafana-1          | logger=migrator t=2026-02-26T11:27:21.057000262Z level=info msg="Executing migration" id="alter table short_url alter column created_by type to bigint"
grafana-1          | logger=migrator t=2026-02-26T11:27:21.057010054Z level=info msg="Migration successfully executed" id="alter table short_url alter column created_by type to bigint" duration=10.166µs
grafana-1          | logger=migrator t=2026-02-26T11:27:21.058367179Z level=info msg="Executing migration" id="delete alert_definition table"
kafka-1            | [2026-02-26 12:32:42,538] INFO Updated connection-accept-rate max connection creation rate to 2147483647 (kafka.network.ConnectionQuotas)
kafka-1            | [2026-02-26 12:32:42,542] INFO Awaiting socket connections on 0.0.0.0:9092. (kafka.network.Acceptor)
grafana-1          | logger=migrator t=2026-02-26T11:27:21.05841997Z level=info msg="Migration successfully executed" id="delete alert_definition table" duration=53.167µs
grafana-1          | logger=migrator t=2026-02-26T11:27:21.05956197Z level=info msg="Executing migration" id="recreate alert_definition table"
grafana-1          | logger=migrator t=2026-02-26T11:27:21.060054054Z level=info msg="Migration successfully executed" id="recreate alert_definition table" duration=492.042µs
grafana-1          | logger=migrator t=2026-02-26T11:27:21.061280012Z level=info msg="Executing migration" id="add index in alert_definition on org_id and title columns"
grafana-1          | logger=migrator t=2026-02-26T11:27:21.061758804Z level=info msg="Migration successfully executed" id="add index in alert_definition on org_id and title columns" duration=478.667µs
grafana-1          | logger=migrator t=2026-02-26T11:27:21.062945679Z level=info msg="Executing migration" id="add index in alert_definition on org_id and uid columns"
order-service-1    | {"level":"info","message":"::ffff:142.250.114.207 - - [26/Feb/2026:11:29:00 +0000] \"GET /orders/user/1 HTTP/1.1\" 404 152 \"http://localhost:3000/\" \"Mozilla/5.0 (Macintosh; Intel Mac OS X 10.15; rv:147.0) Gecko/20100101 Firefox/147.0\"","timestamp":"2026-02-26T11:29:00.173Z"}
order-service-1    | {"level":"info","message":"::ffff:142.250.114.207 - - [26/Feb/2026:11:29:00 +0000] \"GET /orders/user/1 HTTP/1.1\" 404 152 \"http://localhost:3000/\" \"Mozilla/5.0 (Macintosh; Intel Mac OS X 10.15; rv:147.0) Gecko/20100101 Firefox/147.0\"","timestamp":"2026-02-26T11:29:00.174Z"}
order-service-1    | {"level":"info","message":"::ffff:142.250.114.207 - - [26/Feb/2026:11:29:00 +0000] \"GET /orders/user/1 HTTP/1.1\" 404 152 \"http://localhost:3000/\" \"Mozilla/5.0 (Macintosh; Intel Mac OS X 10.15; rv:147.0) Gecko/20100101 Firefox/147.0\"","timestamp":"2026-02-26T11:29:00.175Z"}
order-service-1    | {"level":"info","message":"::ffff:142.250.114.207 - - [26/Feb/2026:11:29:00 +0000] \"GET /orders/user/1 HTTP/1.1\" 404 152 \"http://localhost:3000/\" \"Mozilla/5.0 (Macintosh; Intel Mac OS X 10.15; rv:147.0) Gecko/20100101 Firefox/147.0\"","timestamp":"2026-02-26T11:29:00.177Z"}
order-service-1    | {"level":"info","message":"::ffff:142.250.114.207 - - [26/Feb/2026:11:29:00 +0000] \"GET /orders/user/1 HTTP/1.1\" 404 152 \"http://localhost:3000/\" \"Mozilla/5.0 (Macintosh; Intel Mac OS X 10.15; rv:147.0) Gecko/20100101 Firefox/147.0\"","timestamp":"2026-02-26T11:29:00.178Z"}
order-service-1    | {"level":"info","message":"::ffff:142.250.114.207 - - [26/Feb/2026:11:29:00 +0000] \"GET /orders/user/1 HTTP/1.1\" 404 152 \"http://localhost:3000/\" \"Mozilla/5.0 (Macintosh; Intel Mac OS X 10.15; rv:147.0) Gecko/20100101 Firefox/147.0\"","timestamp":"2026-02-26T11:29:00.180Z"}
grafana-1          | logger=migrator t=2026-02-26T11:27:21.063437804Z level=info msg="Migration successfully executed" id="add index in alert_definition on org_id and uid columns" duration=491.917µs
grafana-1          | logger=migrator t=2026-02-26T11:27:21.06468222Z level=info msg="Executing migration" id="alter alert_definition table data column to mediumtext in mysql"
grafana-1          | logger=migrator t=2026-02-26T11:27:21.064691429Z level=info msg="Migration successfully executed" id="alter alert_definition table data column to mediumtext in mysql" duration=9.542µs
grafana-1          | logger=migrator t=2026-02-26T11:27:21.065642262Z level=info msg="Executing migration" id="drop index in alert_definition on org_id and title columns"
grafana-1          | logger=migrator t=2026-02-26T11:27:21.066145929Z level=info msg="Migration successfully executed" id="drop index in alert_definition on org_id and title columns" duration=503.5µs
order-service-1    | {"level":"info","message":"::ffff:142.250.114.207 - - [26/Feb/2026:11:29:00 +0000] \"GET /orders/user/1 HTTP/1.1\" 404 152 \"http://localhost:3000/\" \"Mozilla/5.0 (Macintosh; Intel Mac OS X 10.15; rv:147.0) Gecko/20100101 Firefox/147.0\"","timestamp":"2026-02-26T11:29:00.181Z"}
order-service-1    | {"level":"info","message":"::ffff:142.250.114.207 - - [26/Feb/2026:11:29:00 +0000] \"GET /orders/user/1 HTTP/1.1\" 404 152 \"http://localhost:3000/\" \"Mozilla/5.0 (Macintosh; Intel Mac OS X 10.15; rv:147.0) Gecko/20100101 Firefox/147.0\"","timestamp":"2026-02-26T11:29:00.183Z"}
order-service-1    | {"level":"info","message":"::ffff:142.250.114.207 - - [26/Feb/2026:11:29:00 +0000] \"GET /orders/user/1 HTTP/1.1\" 404 152 \"http://localhost:3000/\" \"Mozilla/5.0 (Macintosh; Intel Mac OS X 10.15; rv:147.0) Gecko/20100101 Firefox/147.0\"","timestamp":"2026-02-26T11:29:00.184Z"}
order-service-1    | {"level":"info","message":"::ffff:142.250.114.207 - - [26/Feb/2026:11:29:00 +0000] \"GET /orders/user/1 HTTP/1.1\" 404 152 \"http://localhost:3000/\" \"Mozilla/5.0 (Macintosh; Intel Mac OS X 10.15; rv:147.0) Gecko/20100101 Firefox/147.0\"","timestamp":"2026-02-26T11:29:00.185Z"}
order-service-1    | {"level":"info","message":"::ffff:142.250.114.207 - - [26/Feb/2026:11:29:00 +0000] \"GET /orders/user/1 HTTP/1.1\" 404 152 \"http://localhost:3000/\" \"Mozilla/5.0 (Macintosh; Intel Mac OS X 10.15; rv:147.0) Gecko/20100101 Firefox/147.0\"","timestamp":"2026-02-26T11:29:00.187Z"}
grafana-1          | logger=migrator t=2026-02-26T11:27:21.067417637Z level=info msg="Executing migration" id="drop index in alert_definition on org_id and uid columns"
grafana-1          | logger=migrator t=2026-02-26T11:27:21.06788872Z level=info msg="Migration successfully executed" id="drop index in alert_definition on org_id and uid columns" duration=471.125µs
grafana-1          | logger=migrator t=2026-02-26T11:27:21.068894429Z level=info msg="Executing migration" id="add unique index in alert_definition on org_id and title columns"
grafana-1          | logger=migrator t=2026-02-26T11:27:21.069360262Z level=info msg="Migration successfully executed" id="add unique index in alert_definition on org_id and title columns" duration=466.917µs
grafana-1          | logger=migrator t=2026-02-26T11:27:21.070562887Z level=info msg="Executing migration" id="add unique index in alert_definition on org_id and uid columns"
grafana-1          | logger=migrator t=2026-02-26T11:27:21.07118822Z level=info msg="Migration successfully executed" id="add unique index in alert_definition on org_id and uid columns" duration=625.375µs
grafana-1          | logger=migrator t=2026-02-26T11:27:21.07292872Z level=info msg="Executing migration" id="Add column paused in alert_definition"
grafana-1          | logger=migrator t=2026-02-26T11:27:21.077034095Z level=info msg="Migration successfully executed" id="Add column paused in alert_definition" duration=4.103375ms
grafana-1          | logger=migrator t=2026-02-26T11:27:21.078682345Z level=info msg="Executing migration" id="drop alert_definition table"
grafana-1          | logger=migrator t=2026-02-26T11:27:21.079252262Z level=info msg="Migration successfully executed" id="drop alert_definition table" duration=570.458µs
grafana-1          | logger=migrator t=2026-02-26T11:27:21.080673095Z level=info msg="Executing migration" id="delete alert_definition_version table"
grafana-1          | logger=migrator t=2026-02-26T11:27:21.080735345Z level=info msg="Migration successfully executed" id="delete alert_definition_version table" duration=62.959µs
grafana-1          | logger=migrator t=2026-02-26T11:27:21.08202522Z level=info msg="Executing migration" id="recreate alert_definition_version table"
