products_db-1      | 2026-03-01 16:16:02.331 UTC [123] STATEMENT:  SELECT "id", "name", "price", "stock", "reserved_stock" AS "reservedStock", "created_at" AS "createdAt", "updated_at" AS "updatedAt" FROM "products" AS "Product";
products_db-1      | 2026-03-01 16:17:32.951 UTC [159] ERROR:  relation "products" does not exist
order-service-1    | {"level":"info","message":"::ffff:172.18.0.3 - - [01/Mar/2026:16:15:37 +0000] \"GET /metrics HTTP/1.1\" 200 - \"-\" \"Prometheus/3.7.1\"","timestamp":"2026-03-01T16:15:37.803Z"}
order-service-1    | {"level":"info","message":"Health check requested","timestamp":"2026-03-01T16:15:44.239Z"}
order-service-1    | {"level":"info","message":"::1 - - [01/Mar/2026:16:15:44 +0000] \"GET /health HTTP/1.1\" 200 15 \"-\" \"-\"","timestamp":"2026-03-01T16:15:44.240Z"}
order-service-1    | {"level":"info","message":"::ffff:172.18.0.3 - - [01/Mar/2026:16:15:52 +0000] \"GET /metrics HTTP/1.1\" 200 - \"-\" \"Prometheus/3.7.1\"","timestamp":"2026-03-01T16:15:52.813Z"}
prometheus-1       | time=2026-03-01T16:13:03.511Z level=INFO source=main.go:778 msg="operational information" build_context="(go=go1.25.3, platform=linux/arm64, user=root@54bf11233185, date=20251017-06:35:17, tags=netgo,builtinassets)" host_details="(Linux 6.10.14-linuxkit #1 SMP Sat May 17 08:28:57 UTC 2025 aarch64 b1660c6a6d68 (none))" fd_limits="(soft=1048576, hard=1048576)" vm_limits="(soft=unlimited, hard=unlimited)"
prometheus-1       | time=2026-03-01T16:13:03.518Z level=INFO source=web.go:660 msg="Start listening for connections" component=web address=0.0.0.0:9090
kafka-1            | [2026-03-01 16:13:18,194] INFO Client environment:os.memory.free=242MB (org.apache.zookeeper.ZooKeeper)
kafka-1            | [2026-03-01 16:13:18,194] INFO Client environment:os.memory.max=512MB (org.apache.zookeeper.ZooKeeper)
kafka-1            | [2026-03-01 16:13:18,194] INFO Client environment:os.memory.total=256MB (org.apache.zookeeper.ZooKeeper)
kafka-1            | [2026-03-01 16:13:18,198] INFO Initiating client connection, connectString=zookeeper:2181 sessionTimeout=18000 watcher=kafka.zookeeper.ZooKeeperClient$ZooKeeperClientWatcher$@7b84fcf8 (org.apache.zookeeper.ZooKeeper)
kafka-1            | [2026-03-01 16:13:18,204] INFO jute.maxbuffer value is 4194304 Bytes (org.apache.zookeeper.ClientCnxnSocket)
kafka-1            | [2026-03-01 16:13:18,212] INFO zookeeper.request.timeout value is 0. feature enabled=false (org.apache.zookeeper.ClientCnxn)
grafana-1          | logger=settings t=2026-03-01T16:13:04.850657674Z level=info msg="Config overridden from Environment variable" var="GF_PATHS_DATA=/var/lib/grafana"
grafana-1          | logger=settings t=2026-03-01T16:13:04.850660591Z level=info msg="Config overridden from Environment variable" var="GF_PATHS_LOGS=/var/log/grafana"
grafana-1          | logger=settings t=2026-03-01T16:13:04.850663049Z level=info msg="Config overridden from Environment variable" var="GF_PATHS_PLUGINS=/var/lib/grafana/plugins"
products_db-1      | 2026-03-01 16:17:32.951 UTC [159] STATEMENT:  ALTER TABLE products
products_db-1      | 	        ADD COLUMN IF NOT EXISTS reserved_stock INTEGER NOT NULL DEFAULT 0,
products_db-1      | 	        ADD COLUMN IF NOT EXISTS price DOUBLE PRECISION NOT NULL DEFAULT 0,
products_db-1      | 	        ADD COLUMN IF NOT EXISTS created_at TIMESTAMP WITH TIME ZONE NOT NULL DEFAULT now(),
products_db-1      | 	        ADD COLUMN IF NOT EXISTS updated_at TIMESTAMP WITH TIME ZONE NOT NULL DEFAULT now();
products_db-1      | 2026-03-01 16:17:32.957 UTC [159] LOG:  could not receive data from client: Connection reset by peer
products_db-1      | 2026-03-01 16:18:29.312 UTC [178] ERROR:  relation "products" does not exist at character 733
order-service-1    | {"level":"info","message":"Health check requested","timestamp":"2026-03-01T16:15:54.359Z"}
products_db-1      | 2026-03-01 16:18:29.312 UTC [178] STATEMENT:  SELECT "StockReservation"."id", "StockReservation"."order_id" AS "orderId", "StockReservation"."product_id" AS "productId", "StockReservation"."quantity", "StockReservation"."status", "StockReservation"."expires_at" AS "expiresAt", "StockReservation"."created_at" AS "createdAt", "StockReservation"."updated_at" AS "updatedAt", "StockReservation"."product_id" AS "ProductId", "Product"."id" AS "Product.id", "Product"."name" AS "Product.name", "Product"."price" AS "Product.price", "Product"."stock" AS "Product.stock", "Product"."reserved_stock" AS "Product.reservedStock", "Product"."created_at" AS "Product.createdAt", "Product"."updated_at" AS "Product.updatedAt" FROM "stock_reservations" AS "StockReservation" LEFT OUTER JOIN "products" AS "Product" ON "StockReservation"."product_id" = "Product"."id" WHERE "StockReservation"."status" = 'RESERVED' AND "StockReservation"."expires_at" < '2026-03-01 16:18:29.284 +00:00';
products_db-1      | 2026-03-01 16:23:29.312 UTC [270] ERROR:  relation "products" does not exist at character 733
products_db-1      | 2026-03-01 16:23:29.312 UTC [270] STATEMENT:  SELECT "StockReservation"."id", "StockReservation"."order_id" AS "orderId", "StockReservation"."product_id" AS "productId", "StockReservation"."quantity", "StockReservation"."status", "StockReservation"."expires_at" AS "expiresAt", "StockReservation"."created_at" AS "createdAt", "StockReservation"."updated_at" AS "updatedAt", "StockReservation"."product_id" AS "ProductId", "Product"."id" AS "Product.id", "Product"."name" AS "Product.name", "Product"."price" AS "Product.price", "Product"."stock" AS "Product.stock", "Product"."reserved_stock" AS "Product.reservedStock", "Product"."created_at" AS "Product.createdAt", "Product"."updated_at" AS "Product.updatedAt" FROM "stock_reservations" AS "StockReservation" LEFT OUTER JOIN "products" AS "Product" ON "StockReservation"."product_id" = "Product"."id" WHERE "StockReservation"."status" = 'RESERVED' AND "StockReservation"."expires_at" < '2026-03-01 16:23:29.286 +00:00';
products_db-1      | 2026-03-01 16:25:29.330 UTC [308] ERROR:  relation "products" does not exist
products_db-1      | 2026-03-01 16:25:29.330 UTC [308] STATEMENT:  ALTER TABLE products
products_db-1      | 	        ADD COLUMN IF NOT EXISTS reserved_stock INTEGER NOT NULL DEFAULT 0,
products_db-1      | 	        ADD COLUMN IF NOT EXISTS price DOUBLE PRECISION NOT NULL DEFAULT 0,
products_db-1      | 	        ADD COLUMN IF NOT EXISTS created_at TIMESTAMP WITH TIME ZONE NOT NULL DEFAULT now(),
products_db-1      | 	        ADD COLUMN IF NOT EXISTS updated_at TIMESTAMP WITH TIME ZONE NOT NULL DEFAULT now();
products_db-1      | 2026-03-01 16:25:29.335 UTC [308] LOG:  could not receive data from client: Connection reset by peer
products_db-1      | 2026-03-01 16:28:29.311 UTC [362] ERROR:  relation "products" does not exist at character 733
products_db-1      | 2026-03-01 16:28:29.311 UTC [362] STATEMENT:  SELECT "StockReservation"."id", "StockReservation"."order_id" AS "orderId", "StockReservation"."product_id" AS "productId", "StockReservation"."quantity", "StockReservation"."status", "StockReservation"."expires_at" AS "expiresAt", "StockReservation"."created_at" AS "createdAt", "StockReservation"."updated_at" AS "updatedAt", "StockReservation"."product_id" AS "ProductId", "Product"."id" AS "Product.id", "Product"."name" AS "Product.name", "Product"."price" AS "Product.price", "Product"."stock" AS "Product.stock", "Product"."reserved_stock" AS "Product.reservedStock", "Product"."created_at" AS "Product.createdAt", "Product"."updated_at" AS "Product.updatedAt" FROM "stock_reservations" AS "StockReservation" LEFT OUTER JOIN "products" AS "Product" ON "StockReservation"."product_id" = "Product"."id" WHERE "StockReservation"."status" = 'RESERVED' AND "StockReservation"."expires_at" < '2026-03-01 16:28:29.286 +00:00';
products_db-1      | 2026-03-01 16:29:58.201 UTC [391] ERROR:  relation "products" does not exist
products_db-1      | 2026-03-01 16:29:58.201 UTC [391] STATEMENT:  ALTER TABLE products
products_db-1      | 	        ADD COLUMN IF NOT EXISTS reserved_stock INTEGER NOT NULL DEFAULT 0,
prometheus-1       | time=2026-03-01T16:13:03.528Z level=INFO source=main.go:1293 msg="Starting TSDB ..."
prometheus-1       | time=2026-03-01T16:13:03.540Z level=INFO source=head.go:669 msg="Replaying on-disk memory mappable chunks if any" component=tsdb
prometheus-1       | time=2026-03-01T16:13:03.541Z level=INFO source=head.go:755 msg="On-disk memory mappable chunks replay completed" component=tsdb duration=12.333µs
prometheus-1       | time=2026-03-01T16:13:03.541Z level=INFO source=head.go:763 msg="Replaying WAL, this may take a while" component=tsdb
prometheus-1       | time=2026-03-01T16:13:03.542Z level=INFO source=tls_config.go:346 msg="Listening on" component=web address=[::]:9090
prometheus-1       | time=2026-03-01T16:13:03.542Z level=INFO source=tls_config.go:349 msg="TLS is disabled." component=web http2=false address=[::]:9090
prometheus-1       | time=2026-03-01T16:13:03.543Z level=INFO source=head.go:836 msg="WAL segment loaded" component=tsdb segment=0 maxSegment=0 duration=2.434041ms
prometheus-1       | time=2026-03-01T16:13:03.543Z level=INFO source=head.go:873 msg="WAL replay completed" component=tsdb checkpoint_replay_duration=41.833µs wal_replay_duration=2.470417ms wbl_replay_duration=0s chunk_snapshot_load_duration=0s mmap_chunk_replay_duration=12.333µs total_replay_duration=2.617667ms
orders_db-1        | 2026-03-01 16:13:05.843 UTC [47] LOG:  listening on Unix socket "/var/run/postgresql/.s.PGSQL.5432"
orders_db-1        | 2026-03-01 16:13:05.853 UTC [48] LOG:  database system was shut down at 2026-03-01 16:13:05 UTC
orders_db-1        | 2026-03-01 16:13:05.862 UTC [47] LOG:  database system is ready to accept connections
order-service-1    | {"level":"info","message":"::1 - - [01/Mar/2026:16:15:54 +0000] \"GET /health HTTP/1.1\" 200 15 \"-\" \"-\"","timestamp":"2026-03-01T16:15:54.361Z"}
order-service-1    | {"level":"info","message":"Health check requested","timestamp":"2026-03-01T16:16:04.504Z"}
order-service-1    | {"level":"info","message":"::1 - - [01/Mar/2026:16:16:04 +0000] \"GET /health HTTP/1.1\" 200 15 \"-\" \"-\"","timestamp":"2026-03-01T16:16:04.505Z"}
order-service-1    | {"level":"info","message":"::ffff:172.18.0.3 - - [01/Mar/2026:16:16:07 +0000] \"GET /metrics HTTP/1.1\" 200 - \"-\" \"Prometheus/3.7.1\"","timestamp":"2026-03-01T16:16:07.797Z"}
prometheus-1       | time=2026-03-01T16:13:03.546Z level=INFO source=main.go:1314 msg="filesystem information" fs_type=EXT4_SUPER_MAGIC
prometheus-1       | time=2026-03-01T16:13:03.546Z level=INFO source=main.go:1317 msg="TSDB started"
orders_db-1        |  done
orders_db-1        | server started
orders_db-1        | CREATE DATABASE
products_db-1      | 	        ADD COLUMN IF NOT EXISTS price DOUBLE PRECISION NOT NULL DEFAULT 0,
products_db-1      | 	        ADD COLUMN IF NOT EXISTS created_at TIMESTAMP WITH TIME ZONE NOT NULL DEFAULT now(),
order-service-1    | {"level":"info","message":"Health check requested","timestamp":"2026-03-01T16:16:14.616Z"}
order-service-1    | {"level":"info","message":"::1 - - [01/Mar/2026:16:16:14 +0000] \"GET /health HTTP/1.1\" 200 15 \"-\" \"-\"","timestamp":"2026-03-01T16:16:14.618Z"}
order-service-1    | {"level":"info","message":"::ffff:172.18.0.3 - - [01/Mar/2026:16:16:22 +0000] \"GET /metrics HTTP/1.1\" 200 - \"-\" \"Prometheus/3.7.1\"","timestamp":"2026-03-01T16:16:22.798Z"}
order-service-1    | {"level":"info","message":"Health check requested","timestamp":"2026-03-01T16:16:24.733Z"}
order-service-1    | {"level":"info","message":"::1 - - [01/Mar/2026:16:16:24 +0000] \"GET /health HTTP/1.1\" 200 15 \"-\" \"-\"","timestamp":"2026-03-01T16:16:24.735Z"}
kafka-1            | [2026-03-01 16:13:18,218] INFO [ZooKeeperClient Kafka server] Waiting until connected. (kafka.zookeeper.ZooKeeperClient)
kafka-1            | [2026-03-01 16:13:18,244] INFO Opening socket connection to server zookeeper/172.18.0.4:2181. (org.apache.zookeeper.ClientCnxn)
kafka-1            | [2026-03-01 16:13:18,245] INFO SASL config status: Will not attempt to authenticate using SASL (unknown error) (org.apache.zookeeper.ClientCnxn)
kafka-1            | [2026-03-01 16:13:18,252] INFO Socket connection established, initiating session, client: /172.18.0.7:52550, server: zookeeper/172.18.0.4:2181 (org.apache.zookeeper.ClientCnxn)
kafka-1            | [2026-03-01 16:13:18,272] INFO Session establishment complete on server zookeeper/172.18.0.4:2181, session id = 0x1000062db340001, negotiated timeout = 18000 (org.apache.zookeeper.ClientCnxn)
kafka-1            | [2026-03-01 16:13:18,275] INFO [ZooKeeperClient Kafka server] Connected. (kafka.zookeeper.ZooKeeperClient)
kafka-1            | [2026-03-01 16:13:18,420] INFO [feature-zk-node-event-process-thread]: Starting (kafka.server.FinalizedFeatureChangeListener$ChangeNotificationProcessorThread)
kafka-1            | [2026-03-01 16:13:18,435] INFO Feature ZK node at path: /feature does not exist (kafka.server.FinalizedFeatureChangeListener)
grafana-1          | logger=settings t=2026-03-01T16:13:04.850665341Z level=info msg="Config overridden from Environment variable" var="GF_PATHS_PROVISIONING=/etc/grafana/provisioning"
grafana-1          | logger=settings t=2026-03-01T16:13:04.850668174Z level=info msg=Target target=[all]
grafana-1          | logger=settings t=2026-03-01T16:13:04.850738341Z level=info msg="Path Home" path=/usr/share/grafana
grafana-1          | logger=settings t=2026-03-01T16:13:04.850747632Z level=info msg="Path Data" path=/var/lib/grafana
grafana-1          | logger=settings t=2026-03-01T16:13:04.850753132Z level=info msg="Path Logs" path=/var/log/grafana
grafana-1          | logger=settings t=2026-03-01T16:13:04.850761091Z level=info msg="Path Plugins" path=/var/lib/grafana/plugins
product-service-1  |     where: undefined,
product-service-1  |     schema: undefined,
product-service-1  |     table: undefined,
product-service-1  |     column: undefined,
product-service-1  |     dataType: undefined,
product-service-1  |     constraint: undefined,
kafka-1            | [2026-03-01 16:13:18,436] INFO Cleared cache (kafka.server.FinalizedFeatureCache)
kafka-1            | [2026-03-01 16:13:18,643] INFO Cluster ID = oFlPZpj7ReWuy5dwtXa9YA (kafka.server.KafkaServer)
kafka-1            | [2026-03-01 16:13:18,649] WARN No meta.properties file under dir /var/lib/kafka/data/meta.properties (kafka.server.BrokerMetadataCheckpoint)
kafka-1            | [2026-03-01 16:13:18,711] INFO KafkaConfig values: 
kafka-1            | 	advertised.listeners = PLAINTEXT://kafka:9092
product-service-1  |     file: 'parse_relation.c',
product-service-1  |     line: '3647',
orders_db-1        | 
orders_db-1        | 
orders_db-1        | /usr/local/bin/docker-entrypoint.sh: ignoring /docker-entrypoint-initdb.d/*
orders_db-1        | 
orders_db-1        | 2026-03-01 16:13:06.194 UTC [47] LOG:  received fast shutdown request
orders_db-1        | waiting for server to shut down....2026-03-01 16:13:06.196 UTC [47] LOG:  aborting any active transactions
zookeeper-1        | [2026-03-01 16:13:14,450] INFO clientPortAddress is 0.0.0.0:2181 (org.apache.zookeeper.server.quorum.QuorumPeerConfig)
zookeeper-1        | [2026-03-01 16:13:14,451] INFO secureClientPort is not set (org.apache.zookeeper.server.quorum.QuorumPeerConfig)
zookeeper-1        | [2026-03-01 16:13:14,451] INFO observerMasterPort is not set (org.apache.zookeeper.server.quorum.QuorumPeerConfig)
zookeeper-1        | [2026-03-01 16:13:14,451] INFO metricsProvider.className is org.apache.zookeeper.metrics.impl.DefaultMetricsProvider (org.apache.zookeeper.server.quorum.QuorumPeerConfig)
zookeeper-1        | [2026-03-01 16:13:14,453] INFO autopurge.snapRetainCount set to 3 (org.apache.zookeeper.server.DatadirCleanupManager)
zookeeper-1        | [2026-03-01 16:13:14,453] INFO autopurge.purgeInterval set to 0 (org.apache.zookeeper.server.DatadirCleanupManager)
order-service-1    | {"level":"info","message":"Health check requested","timestamp":"2026-03-01T16:16:34.848Z"}
order-service-1    | {"level":"info","message":"::1 - - [01/Mar/2026:16:16:34 +0000] \"GET /health HTTP/1.1\" 200 15 \"-\" \"-\"","timestamp":"2026-03-01T16:16:34.849Z"}
order-service-1    | {"level":"info","message":"::ffff:172.18.0.3 - - [01/Mar/2026:16:16:37 +0000] \"GET /metrics HTTP/1.1\" 200 - \"-\" \"Prometheus/3.7.1\"","timestamp":"2026-03-01T16:16:37.810Z"}
order-service-1    | {"level":"info","message":"Health check requested","timestamp":"2026-03-01T16:16:44.971Z"}
order-service-1    | {"level":"info","message":"::1 - - [01/Mar/2026:16:16:44 +0000] \"GET /health HTTP/1.1\" 200 15 \"-\" \"-\"","timestamp":"2026-03-01T16:16:44.973Z"}
order-service-1    | {"level":"info","message":"::ffff:172.18.0.3 - - [01/Mar/2026:16:16:52 +0000] \"GET /metrics HTTP/1.1\" 200 - \"-\" \"Prometheus/3.7.1\"","timestamp":"2026-03-01T16:16:52.806Z"}
order-service-1    | {"level":"info","message":"Health check requested","timestamp":"2026-03-01T16:16:55.064Z"}
order-service-1    | {"level":"info","message":"::1 - - [01/Mar/2026:16:16:55 +0000] \"GET /health HTTP/1.1\" 200 15 \"-\" \"-\"","timestamp":"2026-03-01T16:16:55.065Z"}
order-service-1    | {"level":"info","message":"Health check requested","timestamp":"2026-03-01T16:17:05.185Z"}
order-service-1    | {"level":"info","message":"::1 - - [01/Mar/2026:16:17:05 +0000] \"GET /health HTTP/1.1\" 200 15 \"-\" \"-\"","timestamp":"2026-03-01T16:17:05.187Z"}
order-service-1    | {"level":"info","message":"::ffff:172.18.0.3 - - [01/Mar/2026:16:17:07 +0000] \"GET /metrics HTTP/1.1\" 200 - \"-\" \"Prometheus/3.7.1\"","timestamp":"2026-03-01T16:17:07.807Z"}
order-service-1    | {"level":"info","message":"Health check requested","timestamp":"2026-03-01T16:17:15.278Z"}
order-service-1    | {"level":"info","message":"::1 - - [01/Mar/2026:16:17:15 +0000] \"GET /health HTTP/1.1\" 200 15 \"-\" \"-\"","timestamp":"2026-03-01T16:17:15.279Z"}
product-service-1  |     routine: 'errorMissingColumn',
product-service-1  |     sql: `SELECT "StockReservation"."id", "StockReservation"."order_id" AS "orderId", "StockReservation"."product_id" AS "productId", "StockReservation"."quantity", "StockReservation"."status", "StockReservation"."expires_at" AS "expiresAt", "StockReservation"."created_at" AS "createdAt", "StockReservation"."updated_at" AS "updatedAt", "StockReservation"."product_id" AS "ProductId", "Product"."id" AS "Product.id", "Product"."name" AS "Product.name", "Product"."price" AS "Product.price", "Product"."stock" AS "Product.stock", "Product"."reserved_stock" AS "Product.reservedStock", "Product"."created_at" AS "Product.createdAt", "Product"."updated_at" AS "Product.updatedAt" FROM "stock_reservations" AS "StockReservation" LEFT OUTER JOIN "products" AS "Product" ON "StockReservation"."product_id" = "Product"."id" WHERE "StockReservation"."status" = 'RESERVED' AND "StockReservation"."expires_at" < '2026-03-01 16:37:14.159 +00:00';`,
product-service-1  |     parameters: undefined
product-service-1  |   },
product-service-1  |   original: error: column StockReservation.expires_at does not exist
products_db-1      | 	        ADD COLUMN IF NOT EXISTS updated_at TIMESTAMP WITH TIME ZONE NOT NULL DEFAULT now();
products_db-1      | 2026-03-01 16:29:58.206 UTC [391] LOG:  could not receive data from client: Connection reset by peer
products_db-1      | 2026-03-01 16:37:14.184 UTC [557] ERROR:  column StockReservation.expires_at does not exist at character 185
product-service-1  |       at Parser.parseErrorMessage (/app/node_modules/pg-protocol/dist/parser.js:285:98)
products_db-1      | 2026-03-01 16:37:14.184 UTC [557] STATEMENT:  SELECT "StockReservation"."id", "StockReservation"."order_id" AS "orderId", "StockReservation"."product_id" AS "productId", "StockReservation"."quantity", "StockReservation"."status", "StockReservation"."expires_at" AS "expiresAt", "StockReservation"."created_at" AS "createdAt", "StockReservation"."updated_at" AS "updatedAt", "StockReservation"."product_id" AS "ProductId", "Product"."id" AS "Product.id", "Product"."name" AS "Product.name", "Product"."price" AS "Product.price", "Product"."stock" AS "Product.stock", "Product"."reserved_stock" AS "Product.reservedStock", "Product"."created_at" AS "Product.createdAt", "Product"."updated_at" AS "Product.updatedAt" FROM "stock_reservations" AS "StockReservation" LEFT OUTER JOIN "products" AS "Product" ON "StockReservation"."product_id" = "Product"."id" WHERE "StockReservation"."status" = 'RESERVED' AND "StockReservation"."expires_at" < '2026-03-01 16:37:14.159 +00:00';
products_db-1      | 2026-03-01 16:42:14.179 UTC [648] ERROR:  column StockReservation.expires_at does not exist at character 185
products_db-1      | 2026-03-01 16:42:14.179 UTC [648] STATEMENT:  SELECT "StockReservation"."id", "StockReservation"."order_id" AS "orderId", "StockReservation"."product_id" AS "productId", "StockReservation"."quantity", "StockReservation"."status", "StockReservation"."expires_at" AS "expiresAt", "StockReservation"."created_at" AS "createdAt", "StockReservation"."updated_at" AS "updatedAt", "StockReservation"."product_id" AS "ProductId", "Product"."id" AS "Product.id", "Product"."name" AS "Product.name", "Product"."price" AS "Product.price", "Product"."stock" AS "Product.stock", "Product"."reserved_stock" AS "Product.reservedStock", "Product"."created_at" AS "Product.createdAt", "Product"."updated_at" AS "Product.updatedAt" FROM "stock_reservations" AS "StockReservation" LEFT OUTER JOIN "products" AS "Product" ON "StockReservation"."product_id" = "Product"."id" WHERE "StockReservation"."status" = 'RESERVED' AND "StockReservation"."expires_at" < '2026-03-01 16:42:14.163 +00:00';
products_db-1      | 2026-03-01 16:47:14.180 UTC [750] ERROR:  column StockReservation.expires_at does not exist at character 185
products_db-1      | 2026-03-01 16:47:14.180 UTC [750] STATEMENT:  SELECT "StockReservation"."id", "StockReservation"."order_id" AS "orderId", "StockReservation"."product_id" AS "productId", "StockReservation"."quantity", "StockReservation"."status", "StockReservation"."expires_at" AS "expiresAt", "StockReservation"."created_at" AS "createdAt", "StockReservation"."updated_at" AS "updatedAt", "StockReservation"."product_id" AS "ProductId", "Product"."id" AS "Product.id", "Product"."name" AS "Product.name", "Product"."price" AS "Product.price", "Product"."stock" AS "Product.stock", "Product"."reserved_stock" AS "Product.reservedStock", "Product"."created_at" AS "Product.createdAt", "Product"."updated_at" AS "Product.updatedAt" FROM "stock_reservations" AS "StockReservation" LEFT OUTER JOIN "products" AS "Product" ON "StockReservation"."product_id" = "Product"."id" WHERE "StockReservation"."status" = 'RESERVED' AND "StockReservation"."expires_at" < '2026-03-01 16:47:14.163 +00:00';
kafka-1            | 	alter.config.policy.class.name = null
prometheus-1       | time=2026-03-01T16:13:03.546Z level=INFO source=main.go:1502 msg="Loading configuration file" filename=/etc/prometheus/prometheus.yml
orders_db-1        | 2026-03-01 16:13:06.198 UTC [47] LOG:  background worker "logical replication launcher" (PID 54) exited with exit code 1
orders_db-1        | 2026-03-01 16:13:06.198 UTC [49] LOG:  shutting down
orders_db-1        | 2026-03-01 16:13:06.211 UTC [47] LOG:  database system is shut down
orders_db-1        |  done
orders_db-1        | server stopped
order-service-1    | {"level":"info","message":"::ffff:172.18.0.3 - - [01/Mar/2026:16:17:22 +0000] \"GET /metrics HTTP/1.1\" 200 - \"-\" \"Prometheus/3.7.1\"","timestamp":"2026-03-01T16:17:22.796Z"}
order-service-1    | {"level":"info","message":"Health check requested","timestamp":"2026-03-01T16:17:25.461Z"}
order-service-1    | {"level":"info","message":"::1 - - [01/Mar/2026:16:17:25 +0000] \"GET /health HTTP/1.1\" 200 15 \"-\" \"-\"","timestamp":"2026-03-01T16:17:25.463Z"}
order-service-1    | {"level":"info","message":"Health check requested","timestamp":"2026-03-01T16:17:35.582Z"}
kafka-1            | 	alter.log.dirs.replication.quota.window.num = 11
kafka-1            | 	alter.log.dirs.replication.quota.window.size.seconds = 1
kafka-1            | 	authorizer.class.name = 
kafka-1            | 	auto.create.topics.enable = true
kafka-1            | 	auto.leader.rebalance.enable = true
grafana-1          | logger=settings t=2026-03-01T16:13:04.850771007Z level=info msg="Path Provisioning" path=/etc/grafana/provisioning
grafana-1          | logger=settings t=2026-03-01T16:13:04.850777632Z level=info msg="App mode production"
product-service-1  |       at Parser.handlePacket (/app/node_modules/pg-protocol/dist/parser.js:122:29)
product-service-1  |       at Parser.parse (/app/node_modules/pg-protocol/dist/parser.js:35:38)
product-service-1  |       at Socket.<anonymous> (/app/node_modules/pg-protocol/dist/index.js:11:42)
product-service-1  |       at Socket.emit (node:events:517:28)
product-service-1  |       at addChunk (node:internal/streams/readable:368:12)
order-service-1    | {"level":"info","message":"::1 - - [01/Mar/2026:16:17:35 +0000] \"GET /health HTTP/1.1\" 200 15 \"-\" \"-\"","timestamp":"2026-03-01T16:17:35.584Z"}
order-service-1    | {"level":"info","message":"::ffff:172.18.0.3 - - [01/Mar/2026:16:17:37 +0000] \"GET /metrics HTTP/1.1\" 200 - \"-\" \"Prometheus/3.7.1\"","timestamp":"2026-03-01T16:17:37.808Z"}
order-service-1    | {"level":"info","message":"Health check requested","timestamp":"2026-03-01T16:17:45.652Z"}
order-service-1    | {"level":"info","message":"::1 - - [01/Mar/2026:16:17:45 +0000] \"GET /health HTTP/1.1\" 200 15 \"-\" \"-\"","timestamp":"2026-03-01T16:17:45.653Z"}
zookeeper-1        | [2026-03-01 16:13:14,454] INFO Purge task is not scheduled. (org.apache.zookeeper.server.DatadirCleanupManager)
zookeeper-1        | [2026-03-01 16:13:14,454] WARN Either no config or no quorum defined in config, running in standalone mode (org.apache.zookeeper.server.quorum.QuorumPeerMain)
zookeeper-1        | [2026-03-01 16:13:14,461] INFO Log4j 1.2 jmx support found and enabled. (org.apache.zookeeper.jmx.ManagedUtil)
zookeeper-1        | [2026-03-01 16:13:14,487] INFO Reading configuration from: /etc/kafka/zookeeper.properties (org.apache.zookeeper.server.quorum.QuorumPeerConfig)
zookeeper-1        | [2026-03-01 16:13:14,488] INFO clientPortAddress is 0.0.0.0:2181 (org.apache.zookeeper.server.quorum.QuorumPeerConfig)
zookeeper-1        | [2026-03-01 16:13:14,488] INFO secureClientPort is not set (org.apache.zookeeper.server.quorum.QuorumPeerConfig)
order-service-1    | {"level":"info","message":"::ffff:172.18.0.3 - - [01/Mar/2026:16:17:52 +0000] \"GET /metrics HTTP/1.1\" 200 - \"-\" \"Prometheus/3.7.1\"","timestamp":"2026-03-01T16:17:52.805Z"}
order-service-1    | {"level":"info","message":"Health check requested","timestamp":"2026-03-01T16:17:55.746Z"}
order-service-1    | {"level":"info","message":"::1 - - [01/Mar/2026:16:17:55 +0000] \"GET /health HTTP/1.1\" 200 15 \"-\" \"-\"","timestamp":"2026-03-01T16:17:55.747Z"}
order-service-1    | {"level":"info","message":"Health check requested","timestamp":"2026-03-01T16:18:05.900Z"}
orders_db-1        | 
orders_db-1        | PostgreSQL init process complete; ready for start up.
prometheus-1       | time=2026-03-01T16:13:03.556Z level=INFO source=main.go:1542 msg="Completed loading of configuration file" db_storage=7.459µs remote_storage=1.208µs web_handler=500ns query_engine=6.625µs scrape=4.105667ms scrape_sd=64.333µs notify=1.625µs notify_sd=833ns rules=32.5µs tracing=47.75µs filename=/etc/prometheus/prometheus.yml totalDuration=9.81825ms
prometheus-1       | time=2026-03-01T16:13:03.556Z level=INFO source=main.go:1278 msg="Server is ready to receive web requests."
prometheus-1       | time=2026-03-01T16:13:03.556Z level=INFO source=manager.go:190 msg="Starting rule manager..." component="rule manager"
order-service-1    | {"level":"info","message":"::1 - - [01/Mar/2026:16:18:05 +0000] \"GET /health HTTP/1.1\" 200 15 \"-\" \"-\"","timestamp":"2026-03-01T16:18:05.902Z"}
order-service-1    | {"level":"info","message":"::ffff:172.18.0.3 - - [01/Mar/2026:16:18:07 +0000] \"GET /metrics HTTP/1.1\" 200 - \"-\" \"Prometheus/3.7.1\"","timestamp":"2026-03-01T16:18:07.802Z"}
zookeeper-1        | [2026-03-01 16:13:14,488] INFO observerMasterPort is not set (org.apache.zookeeper.server.quorum.QuorumPeerConfig)
zookeeper-1        | [2026-03-01 16:13:14,488] INFO metricsProvider.className is org.apache.zookeeper.metrics.impl.DefaultMetricsProvider (org.apache.zookeeper.server.quorum.QuorumPeerConfig)
zookeeper-1        | [2026-03-01 16:13:14,488] INFO Starting server (org.apache.zookeeper.server.ZooKeeperServerMain)
zookeeper-1        | [2026-03-01 16:13:14,518] INFO ServerMetrics initialized with provider org.apache.zookeeper.metrics.impl.DefaultMetricsProvider@52102734 (org.apache.zookeeper.server.ServerMetrics)
zookeeper-1        | [2026-03-01 16:13:14,522] INFO zookeeper.snapshot.trust.empty : false (org.apache.zookeeper.server.persistence.FileTxnSnapLog)
zookeeper-1        | [2026-03-01 16:13:14,539] INFO  (org.apache.zookeeper.server.ZooKeeperServer)
orders_db-1        | 
orders_db-1        | 2026-03-01 16:13:06.325 UTC [1] LOG:  starting PostgreSQL 14.21 (Debian 14.21-1.pgdg13+1) on aarch64-unknown-linux-gnu, compiled by gcc (Debian 14.2.0-19) 14.2.0, 64-bit
orders_db-1        | 2026-03-01 16:13:06.326 UTC [1] LOG:  listening on IPv4 address "0.0.0.0", port 5432
orders_db-1        | 2026-03-01 16:13:06.326 UTC [1] LOG:  listening on IPv6 address "::", port 5432
orders_db-1        | 2026-03-01 16:13:06.329 UTC [1] LOG:  listening on Unix socket "/var/run/postgresql/.s.PGSQL.5432"
orders_db-1        | 2026-03-01 16:13:06.333 UTC [62] LOG:  database system was shut down at 2026-03-01 16:13:06 UTC
order-service-1    | {"level":"info","message":"Health check requested","timestamp":"2026-03-01T16:18:15.987Z"}
order-service-1    | {"level":"info","message":"::1 - - [01/Mar/2026:16:18:15 +0000] \"GET /health HTTP/1.1\" 200 15 \"-\" \"-\"","timestamp":"2026-03-01T16:18:15.988Z"}
order-service-1    | {"level":"info","message":"::ffff:172.18.0.3 - - [01/Mar/2026:16:18:22 +0000] \"GET /metrics HTTP/1.1\" 200 - \"-\" \"Prometheus/3.7.1\"","timestamp":"2026-03-01T16:18:22.805Z"}
order-service-1    | {"level":"info","message":"Health check requested","timestamp":"2026-03-01T16:18:26.118Z"}
order-service-1    | {"level":"info","message":"::1 - - [01/Mar/2026:16:18:26 +0000] \"GET /health HTTP/1.1\" 200 15 \"-\" \"-\"","timestamp":"2026-03-01T16:18:26.126Z"}
product-service-1  |       at readableAddChunk (node:internal/streams/readable:341:9)
product-service-1  |       at Readable.push (node:internal/streams/readable:278:10)
product-service-1  |       at TCP.onStreamRead (node:internal/stream_base_commons:190:23) {
grafana-1          | logger=featuremgmt t=2026-03-01T16:13:04.851421507Z level=info msg=FeatureToggles dashboardSceneSolo=true cloudWatchNewLabelParsing=true newDashboardSharingComponent=true grafanaconThemes=true logsExploreTableVisualisation=true unifiedRequestLog=true publicDashboardsScene=true pinNavItems=true transformationsRedesign=true awsAsyncQueryCaching=true correlations=true annotationPermissionUpdate=true lokiQuerySplitting=true ssoSettingsLDAP=true alertingImportYAMLUI=true azureMonitorEnableUserAuth=true cloudWatchRoundUpEndTime=true panelMonitoring=true logRowsPopoverMenu=true onPremToCloudMigrations=true alertingRuleVersionHistoryRestore=true newFiltersUI=true skipTokenRotationIfRecent=true awsDatasourcesTempCredentials=true lokiLabelNamesQueryApi=true newPDFRendering=true alertingRuleRecoverDeleted=true alertingNotificationsStepMode=true improvedExternalSessionHandlingSAML=true formatString=true logsContextDatasourceUi=true unifiedStorageHistoryPruner=true useSessionStorageForRedirection=true addFieldFromCalculationStatFunctions=true alertingUIOptimizeReducer=true promQLScope=true alertingQueryAndExpressionsStepMode=true cloudWatchCrossAccountQuerying=true dashboardSceneForViewers=true grafanaAssistantInProfilesDrilldown=true alertingSaveStateCompressed=true adhocFiltersInTooltips=true alertingMigrationUI=true dataplaneFrontendFallback=true preinstallAutoUpdate=true azureMonitorPrometheusExemplars=true dashboardDsAdHocFiltering=true improvedExternalSessionHandling=true recordedQueriesMulti=true influxdbBackendMigration=true dashgpt=true alertRuleRestore=true logsPanelControls=true logsInfiniteScrolling=true alertingBulkActionsInUI=true dashboardScene=true prometheusAzureOverrideAudience=true tlsMemcached=true alertingRulePermanentlyDelete=true kubernetesDashboards=true groupToNestedTableTransformation=true
grafana-1          | logger=sqlstore t=2026-03-01T16:13:04.851519007Z level=info msg="Connecting to DB" dbtype=sqlite3
grafana-1          | logger=sqlstore t=2026-03-01T16:13:04.851567507Z level=info msg="Creating SQLite database file" path=/var/lib/grafana/grafana.db
grafana-1          | logger=migrator t=2026-03-01T16:13:04.873374549Z level=info msg="Locking database"
orders_db-1        | 2026-03-01 16:13:06.337 UTC [1] LOG:  database system is ready to accept connections
orders_db-1        | 2026-03-01 16:13:28.708 UTC [78] ERROR:  relation "products" does not exist
orders_db-1        | 2026-03-01 16:13:28.708 UTC [78] STATEMENT:  ALTER TABLE products
orders_db-1        | 	        ADD COLUMN IF NOT EXISTS reserved_stock INTEGER NOT NULL DEFAULT 0,
order-service-1    | {"level":"info","message":"Health check requested","timestamp":"2026-03-01T16:18:36.250Z"}
kafka-1            | 	background.threads = 10
kafka-1            | 	broker.heartbeat.interval.ms = 2000
product-service-1  |     length: 126,
order-service-1    | {"level":"info","message":"::1 - - [01/Mar/2026:16:18:36 +0000] \"GET /health HTTP/1.1\" 200 15 \"-\" \"-\"","timestamp":"2026-03-01T16:18:36.253Z"}
order-service-1    | {"level":"info","message":"::ffff:172.18.0.3 - - [01/Mar/2026:16:18:37 +0000] \"GET /metrics HTTP/1.1\" 200 - \"-\" \"Prometheus/3.7.1\"","timestamp":"2026-03-01T16:18:37.798Z"}
order-service-1    | {"level":"info","message":"Health check requested","timestamp":"2026-03-01T16:18:46.363Z"}
product-service-1  |     severity: 'ERROR',
product-service-1  |     code: '42703',
orders_db-1        | 	        ADD COLUMN IF NOT EXISTS price DOUBLE PRECISION NOT NULL DEFAULT 0,
orders_db-1        | 	        ADD COLUMN IF NOT EXISTS created_at TIMESTAMP WITH TIME ZONE NOT NULL DEFAULT now(),
orders_db-1        | 	        ADD COLUMN IF NOT EXISTS updated_at TIMESTAMP WITH TIME ZONE NOT NULL DEFAULT now();
product-service-1  |     detail: undefined,
product-service-1  |     hint: undefined,
zookeeper-1        | [2026-03-01 16:13:14,540] INFO   ______                  _                                           (org.apache.zookeeper.server.ZooKeeperServer)
zookeeper-1        | [2026-03-01 16:13:14,540] INFO  |___  /                 | |                                          (org.apache.zookeeper.server.ZooKeeperServer)
zookeeper-1        | [2026-03-01 16:13:14,540] INFO     / /    ___     ___   | | __   ___    ___   _ __     ___   _ __    (org.apache.zookeeper.server.ZooKeeperServer)
zookeeper-1        | [2026-03-01 16:13:14,540] INFO    / /    / _ \   / _ \  | |/ /  / _ \  / _ \ | '_ \   / _ \ | '__| (org.apache.zookeeper.server.ZooKeeperServer)
zookeeper-1        | [2026-03-01 16:13:14,540] INFO   / /__  | (_) | | (_) | |   <  |  __/ |  __/ | |_) | |  __/ | |     (org.apache.zookeeper.server.ZooKeeperServer)
zookeeper-1        | [2026-03-01 16:13:14,540] INFO  /_____|  \___/   \___/  |_|\_\  \___|  \___| | .__/   \___| |_| (org.apache.zookeeper.server.ZooKeeperServer)
zookeeper-1        | [2026-03-01 16:13:14,540] INFO                                               | |                      (org.apache.zookeeper.server.ZooKeeperServer)
order-service-1    | {"level":"info","message":"::1 - - [01/Mar/2026:16:18:46 +0000] \"GET /health HTTP/1.1\" 200 15 \"-\" \"-\"","timestamp":"2026-03-01T16:18:46.365Z"}
order-service-1    | {"level":"info","message":"::ffff:172.18.0.3 - - [01/Mar/2026:16:18:52 +0000] \"GET /metrics HTTP/1.1\" 200 - \"-\" \"Prometheus/3.7.1\"","timestamp":"2026-03-01T16:18:52.800Z"}
order-service-1    | {"level":"info","message":"Health check requested","timestamp":"2026-03-01T16:18:56.451Z"}
order-service-1    | {"level":"info","message":"::1 - - [01/Mar/2026:16:18:56 +0000] \"GET /health HTTP/1.1\" 200 15 \"-\" \"-\"","timestamp":"2026-03-01T16:18:56.452Z"}
order-service-1    | {"level":"info","message":"Health check requested","timestamp":"2026-03-01T16:19:06.557Z"}
order-service-1    | {"level":"info","message":"::1 - - [01/Mar/2026:16:19:06 +0000] \"GET /health HTTP/1.1\" 200 15 \"-\" \"-\"","timestamp":"2026-03-01T16:19:06.559Z"}
order-service-1    | {"level":"info","message":"::ffff:172.18.0.3 - - [01/Mar/2026:16:19:07 +0000] \"GET /metrics HTTP/1.1\" 200 - \"-\" \"Prometheus/3.7.1\"","timestamp":"2026-03-01T16:19:07.804Z"}
order-service-1    | {"level":"info","message":"Health check requested","timestamp":"2026-03-01T16:19:16.648Z"}
order-service-1    | {"level":"info","message":"::1 - - [01/Mar/2026:16:19:16 +0000] \"GET /health HTTP/1.1\" 200 15 \"-\" \"-\"","timestamp":"2026-03-01T16:19:16.649Z"}
zookeeper-1        | [2026-03-01 16:13:14,540] INFO                                               |_|                      (org.apache.zookeeper.server.ZooKeeperServer)
zookeeper-1        | [2026-03-01 16:13:14,540] INFO  (org.apache.zookeeper.server.ZooKeeperServer)
product-service-1  |     position: '185',
product-service-1  |     internalPosition: undefined,
product-service-1  |     internalQuery: undefined,
product-service-1  |     where: undefined,
grafana-1          | logger=migrator t=2026-03-01T16:13:04.873438174Z level=info msg="Starting DB migrations"
grafana-1          | logger=migrator t=2026-03-01T16:13:04.876519632Z level=info msg="Executing migration" id="create migration_log table"
grafana-1          | logger=migrator t=2026-03-01T16:13:04.880224799Z level=info msg="Migration successfully executed" id="create migration_log table" duration=3.704417ms
product-service-1  |     schema: undefined,
product-service-1  |     table: undefined,
product-service-1  |     column: undefined,
product-service-1  |     dataType: undefined,
product-service-1  |     constraint: undefined,
grafana-1          | logger=migrator t=2026-03-01T16:13:04.889686674Z level=info msg="Executing migration" id="create user table"
grafana-1          | logger=migrator t=2026-03-01T16:13:04.891376924Z level=info msg="Migration successfully executed" id="create user table" duration=1.6885ms
grafana-1          | logger=migrator t=2026-03-01T16:13:04.919665091Z level=info msg="Executing migration" id="add unique index user.login"
grafana-1          | logger=migrator t=2026-03-01T16:13:04.927967132Z level=info msg="Migration successfully executed" id="add unique index user.login" duration=8.314458ms
grafana-1          | logger=migrator t=2026-03-01T16:13:04.948767674Z level=info msg="Executing migration" id="add unique index user.email"
product-service-1  |     file: 'parse_relation.c',
product-service-1  |     line: '3647',
product-service-1  |     routine: 'errorMissingColumn',
product-service-1  |     sql: `SELECT "StockReservation"."id", "StockReservation"."order_id" AS "orderId", "StockReservation"."product_id" AS "productId", "StockReservation"."quantity", "StockReservation"."status", "StockReservation"."expires_at" AS "expiresAt", "StockReservation"."created_at" AS "createdAt", "StockReservation"."updated_at" AS "updatedAt", "StockReservation"."product_id" AS "ProductId", "Product"."id" AS "Product.id", "Product"."name" AS "Product.name", "Product"."price" AS "Product.price", "Product"."stock" AS "Product.stock", "Product"."reserved_stock" AS "Product.reservedStock", "Product"."created_at" AS "Product.createdAt", "Product"."updated_at" AS "Product.updatedAt" FROM "stock_reservations" AS "StockReservation" LEFT OUTER JOIN "products" AS "Product" ON "StockReservation"."product_id" = "Product"."id" WHERE "StockReservation"."status" = 'RESERVED' AND "StockReservation"."expires_at" < '2026-03-01 16:37:14.159 +00:00';`,
product-service-1  |     parameters: undefined
order-service-1    | {"level":"info","message":"::ffff:172.18.0.3 - - [01/Mar/2026:16:19:22 +0000] \"GET /metrics HTTP/1.1\" 200 - \"-\" \"Prometheus/3.7.1\"","timestamp":"2026-03-01T16:19:22.808Z"}
order-service-1    | {"level":"info","message":"Health check requested","timestamp":"2026-03-01T16:19:26.748Z"}
order-service-1    | {"level":"info","message":"::1 - - [01/Mar/2026:16:19:26 +0000] \"GET /health HTTP/1.1\" 200 15 \"-\" \"-\"","timestamp":"2026-03-01T16:19:26.750Z"}
order-service-1    | {"level":"info","message":"Health check requested","timestamp":"2026-03-01T16:19:36.851Z"}
order-service-1    | {"level":"info","message":"::1 - - [01/Mar/2026:16:19:36 +0000] \"GET /health HTTP/1.1\" 200 15 \"-\" \"-\"","timestamp":"2026-03-01T16:19:36.854Z"}
zookeeper-1        | [2026-03-01 16:13:14,542] INFO Server environment:zookeeper.version=3.6.3--6401e4ad2087061bc6b9f80dec2d69f2e3c8660a, built on 04/08/2021 16:35 GMT (org.apache.zookeeper.server.ZooKeeperServer)
zookeeper-1        | [2026-03-01 16:13:14,542] INFO Server environment:host.name=694c0bcd5271 (org.apache.zookeeper.server.ZooKeeperServer)
zookeeper-1        | [2026-03-01 16:13:14,542] INFO Server environment:java.version=11.0.13 (org.apache.zookeeper.server.ZooKeeperServer)
zookeeper-1        | [2026-03-01 16:13:14,542] INFO Server environment:java.vendor=Azul Systems, Inc. (org.apache.zookeeper.server.ZooKeeperServer)
zookeeper-1        | [2026-03-01 16:13:14,542] INFO Server environment:java.home=/usr/lib/jvm/zulu11-ca (org.apache.zookeeper.server.ZooKeeperServer)
order-service-1    | {"level":"info","message":"::ffff:172.18.0.3 - - [01/Mar/2026:16:19:37 +0000] \"GET /metrics HTTP/1.1\" 200 - \"-\" \"Prometheus/3.7.1\"","timestamp":"2026-03-01T16:19:37.802Z"}
order-service-1    | {"level":"info","message":"Health check requested","timestamp":"2026-03-01T16:19:46.937Z"}
order-service-1    | {"level":"info","message":"::1 - - [01/Mar/2026:16:19:46 +0000] \"GET /health HTTP/1.1\" 200 15 \"-\" \"-\"","timestamp":"2026-03-01T16:19:46.938Z"}
order-service-1    | {"level":"info","message":"::ffff:172.18.0.3 - - [01/Mar/2026:16:19:52 +0000] \"GET /metrics HTTP/1.1\" 200 - \"-\" \"Prometheus/3.7.1\"","timestamp":"2026-03-01T16:19:52.804Z"}
order-service-1    | {"level":"info","message":"Health check requested","timestamp":"2026-03-01T16:19:57.021Z"}
kafka-1            | 	broker.id = 1
kafka-1            | 	broker.id.generation.enable = true
kafka-1            | 	broker.rack = null
kafka-1            | 	broker.session.timeout.ms = 9000
kafka-1            | 	client.quota.callback.class = null
product-service-1  |   },
product-service-1  |   sql: `SELECT "StockReservation"."id", "StockReservation"."order_id" AS "orderId", "StockReservation"."product_id" AS "productId", "StockReservation"."quantity", "StockReservation"."status", "StockReservation"."expires_at" AS "expiresAt", "StockReservation"."created_at" AS "createdAt", "StockReservation"."updated_at" AS "updatedAt", "StockReservation"."product_id" AS "ProductId", "Product"."id" AS "Product.id", "Product"."name" AS "Product.name", "Product"."price" AS "Product.price", "Product"."stock" AS "Product.stock", "Product"."reserved_stock" AS "Product.reservedStock", "Product"."created_at" AS "Product.createdAt", "Product"."updated_at" AS "Product.updatedAt" FROM "stock_reservations" AS "StockReservation" LEFT OUTER JOIN "products" AS "Product" ON "StockReservation"."product_id" = "Product"."id" WHERE "StockReservation"."status" = 'RESERVED' AND "StockReservation"."expires_at" < '2026-03-01 16:37:14.159 +00:00';`,
product-service-1  |   parameters: {}
product-service-1  | }
grafana-1          | logger=migrator t=2026-03-01T16:13:04.957774549Z level=info msg="Migration successfully executed" id="add unique index user.email" duration=9.005958ms
grafana-1          | logger=migrator t=2026-03-01T16:13:04.991488299Z level=info msg="Executing migration" id="drop index UQE_user_login - v1"
kafka-1            | 	compression.type = producer
